Archive member included to satisfy reference by file (symbol)

c:/efinity/efinity-riscv-ide-2024.2/toolchain/bin/../lib/gcc/riscv-none-embed/8.3.0/../../../../riscv-none-embed/lib/rv32im/ilp32\libc.a(lib_a-atoi.o)
                              build/obj_files/netif.o (atoi)
c:/efinity/efinity-riscv-ide-2024.2/toolchain/bin/../lib/gcc/riscv-none-embed/8.3.0/../../../../riscv-none-embed/lib/rv32im/ilp32\libc.a(lib_a-ctype_.o)
                              build/obj_files/ip4_addr.o (_ctype_)
c:/efinity/efinity-riscv-ide-2024.2/toolchain/bin/../lib/gcc/riscv-none-embed/8.3.0/../../../../riscv-none-embed/lib/rv32im/ilp32\libc.a(lib_a-init.o)
                              build/obj_files/start.o (__libc_init_array)
c:/efinity/efinity-riscv-ide-2024.2/toolchain/bin/../lib/gcc/riscv-none-embed/8.3.0/../../../../riscv-none-embed/lib/rv32im/ilp32\libc.a(lib_a-memcmp.o)
                              build/obj_files/bridgeif_fdb.o (memcmp)
c:/efinity/efinity-riscv-ide-2024.2/toolchain/bin/../lib/gcc/riscv-none-embed/8.3.0/../../../../riscv-none-embed/lib/rv32im/ilp32\libc.a(lib_a-memcpy.o)
                              build/obj_files/lwiperf.o (memcpy)
c:/efinity/efinity-riscv-ide-2024.2/toolchain/bin/../lib/gcc/riscv-none-embed/8.3.0/../../../../riscv-none-embed/lib/rv32im/ilp32\libc.a(lib_a-memmove-stub.o)
                              build/obj_files/def.o (memmove)
c:/efinity/efinity-riscv-ide-2024.2/toolchain/bin/../lib/gcc/riscv-none-embed/8.3.0/../../../../riscv-none-embed/lib/rv32im/ilp32\libc.a(lib_a-memset.o)
                              build/obj_files/lwiperf.o (memset)
c:/efinity/efinity-riscv-ide-2024.2/toolchain/bin/../lib/gcc/riscv-none-embed/8.3.0/../../../../riscv-none-embed/lib/rv32im/ilp32\libc.a(lib_a-rand.o)
                              build/obj_files/tcp.o (rand)
c:/efinity/efinity-riscv-ide-2024.2/toolchain/bin/../lib/gcc/riscv-none-embed/8.3.0/../../../../riscv-none-embed/lib/rv32im/ilp32\libc.a(lib_a-strlen.o)
                              build/obj_files/def.o (strlen)
c:/efinity/efinity-riscv-ide-2024.2/toolchain/bin/../lib/gcc/riscv-none-embed/8.3.0/../../../../riscv-none-embed/lib/rv32im/ilp32\libc.a(lib_a-strncmp.o)
                              build/obj_files/def.o (strncmp)
c:/efinity/efinity-riscv-ide-2024.2/toolchain/bin/../lib/gcc/riscv-none-embed/8.3.0/../../../../riscv-none-embed/lib/rv32im/ilp32\libc.a(lib_a-strtol.o)
                              c:/efinity/efinity-riscv-ide-2024.2/toolchain/bin/../lib/gcc/riscv-none-embed/8.3.0/../../../../riscv-none-embed/lib/rv32im/ilp32\libc.a(lib_a-atoi.o) (_strtol_r)
c:/efinity/efinity-riscv-ide-2024.2/toolchain/bin/../lib/gcc/riscv-none-embed/8.3.0/../../../../riscv-none-embed/lib/rv32im/ilp32\libc.a(lib_a-impure.o)
                              c:/efinity/efinity-riscv-ide-2024.2/toolchain/bin/../lib/gcc/riscv-none-embed/8.3.0/../../../../riscv-none-embed/lib/rv32im/ilp32\libc.a(lib_a-rand.o) (_impure_ptr)
c:/efinity/efinity-riscv-ide-2024.2/toolchain/bin/../lib/gcc/riscv-none-embed/8.3.0/rv32im/ilp32\libgcc.a(addsf3.o)
                              build/obj_files/main.o (__addsf3)
c:/efinity/efinity-riscv-ide-2024.2/toolchain/bin/../lib/gcc/riscv-none-embed/8.3.0/rv32im/ilp32\libgcc.a(lesf2.o)
                              build/obj_files/main.o (__ltsf2)
c:/efinity/efinity-riscv-ide-2024.2/toolchain/bin/../lib/gcc/riscv-none-embed/8.3.0/rv32im/ilp32\libgcc.a(mulsf3.o)
                              build/obj_files/main.o (__mulsf3)
c:/efinity/efinity-riscv-ide-2024.2/toolchain/bin/../lib/gcc/riscv-none-embed/8.3.0/rv32im/ilp32\libgcc.a(subsf3.o)
                              build/obj_files/main.o (__subsf3)
c:/efinity/efinity-riscv-ide-2024.2/toolchain/bin/../lib/gcc/riscv-none-embed/8.3.0/rv32im/ilp32\libgcc.a(floatunsisf.o)
                              build/obj_files/main.o (__floatunsisf)
c:/efinity/efinity-riscv-ide-2024.2/toolchain/bin/../lib/gcc/riscv-none-embed/8.3.0/rv32im/ilp32\libgcc.a(_clzsi2.o)
                              c:/efinity/efinity-riscv-ide-2024.2/toolchain/bin/../lib/gcc/riscv-none-embed/8.3.0/rv32im/ilp32\libgcc.a(addsf3.o) (__clzsi2)
c:/efinity/efinity-riscv-ide-2024.2/toolchain/bin/../lib/gcc/riscv-none-embed/8.3.0/rv32im/ilp32\libgcc.a(_clz.o)
                              c:/efinity/efinity-riscv-ide-2024.2/toolchain/bin/../lib/gcc/riscv-none-embed/8.3.0/rv32im/ilp32\libgcc.a(_clzsi2.o) (__clz_tab)

Allocating common symbols
Common symbol       size              file

netif_list          0x4               build/obj_files/netif.o
descriptors0        0x2000            build/obj_files/ethernetif.o
ip_data             0x18              build/obj_files/ip.o
tcp_active_pcbs_changed
                    0x1               build/obj_files/tcp.o
tcp_active_pcbs     0x4               build/obj_files/tcp.o
cmn_reset           0x4               build/obj_files/main.o
tcp_ticks           0x4               build/obj_files/tcp.o
tcp_listen_pcbs     0x4               build/obj_files/tcp.o
[...]
Memory Configuration

Name             Origin             Length             Attributes
ram              0x0000000000001000 0x000000000007f000 axwl !r
*default*        0x0000000000000000 0xffffffffffffffff

Linker script and memory map

LOAD build/obj_files/main.o
LOAD build/obj_files/mac.o
LOAD build/obj_files/rtl8211fd_drv.o
LOAD build/obj_files/lwiperf.o
LOAD build/obj_files/common.o
LOAD build/obj_files/ethernetif.o
LOAD build/obj_files/sockets.o
LOAD build/obj_files/api_msg.o
LOAD build/obj_files/err.o
LOAD build/obj_files/if_api.o
LOAD build/obj_files/netbuf.o
LOAD build/obj_files/tcpip.o
LOAD build/obj_files/netifapi.o
LOAD build/obj_files/api_lib.o
LOAD build/obj_files/netdb.o
LOAD build/obj_files/bridgeif.o
LOAD build/obj_files/lowpan6_common.o
LOAD build/obj_files/lowpan6_ble.o
LOAD build/obj_files/lowpan6.o
LOAD build/obj_files/zepif.o
LOAD build/obj_files/bridgeif_fdb.o
LOAD build/obj_files/ethernet.o
LOAD build/obj_files/fsm.o
LOAD build/obj_files/upap.o
LOAD build/obj_files/demand.o
LOAD build/obj_files/eui64.o
LOAD build/obj_files/lcp.o
LOAD build/obj_files/ipcp.o
LOAD build/obj_files/pppos.o
LOAD build/obj_files/mppe.o
LOAD build/obj_files/multilink.o
LOAD build/obj_files/pppcrypt.o
LOAD build/obj_files/pppoe.o
LOAD build/obj_files/utils.o
LOAD build/obj_files/auth.o
LOAD build/obj_files/chap-new.o
LOAD build/obj_files/ccp.o
LOAD build/obj_files/ipv6cp.o
LOAD build/obj_files/vj.o
LOAD build/obj_files/chap-md5.o
LOAD build/obj_files/ecp.o
LOAD build/obj_files/ppp.o
LOAD build/obj_files/chap_ms.o
LOAD build/obj_files/pppapi.o
LOAD build/obj_files/magic.o
LOAD build/obj_files/pppol2tp.o
LOAD build/obj_files/eap.o
LOAD build/obj_files/arc4.o
LOAD build/obj_files/md5.o
LOAD build/obj_files/md4.o
LOAD build/obj_files/sha1.o
LOAD build/obj_files/des.o
LOAD build/obj_files/tcp_out.o
LOAD build/obj_files/udp.o
LOAD build/obj_files/altcp_tcp.o
LOAD build/obj_files/def.o
LOAD build/obj_files/altcp.o
LOAD build/obj_files/stats.o
LOAD build/obj_files/netif.o
LOAD build/obj_files/pbuf.o
LOAD build/obj_files/tcp_in.o
LOAD build/obj_files/raw.o
LOAD build/obj_files/ip.o
LOAD build/obj_files/dns.o
LOAD build/obj_files/altcp_alloc.o
LOAD build/obj_files/timeouts.o
LOAD build/obj_files/tcp.o
LOAD build/obj_files/sys.o
LOAD build/obj_files/memp.o
LOAD build/obj_files/init.o
LOAD build/obj_files/inet_chksum.o
LOAD build/obj_files/mem.o
LOAD build/obj_files/icmp.o
LOAD build/obj_files/autoip.o
LOAD build/obj_files/ip4.o
LOAD build/obj_files/igmp.o
LOAD build/obj_files/ip4_addr.o
LOAD build/obj_files/etharp.o
LOAD build/obj_files/dhcp.o
LOAD build/obj_files/ip4_frag.o
LOAD build/obj_files/start.o
LOAD build/obj_files/trap.o
LOAD c:/efinity/efinity-riscv-ide-2024.2/toolchain/bin/../lib/gcc/riscv-none-embed/8.3.0/../../../../riscv-none-embed/lib/rv32im/ilp32\libc.a
LOAD c:/efinity/efinity-riscv-ide-2024.2/toolchain/bin/../lib/gcc/riscv-none-embed/8.3.0/rv32im/ilp32\libgcc.a
                0x0000000000001000                __stack_size = DEFINED (__stack_size)?__stack_size:0x1000

.init           0x0000000000001000       0x68
 *(SORT_NONE(.init))
 .init          0x0000000000001000       0x68 build/obj_files/start.o
                0x0000000000001000                _start
                0x0000000000001064                _init

.text           0x0000000000001068    0x1a444
 *(.text.Proc_1)
 *(.text.Proc_2)
 *(.text.Proc_3)
 *(.text.Proc_4)
 *(.text.Proc_5)
 *(.text.Proc_6)
 *(.text.Proc_7)
 *(.text.Proc_8)
 *(.text.Func_1)
 *(.text.Func_2)
 *(.text.Func_3)
 *(.text.strcpy)
 *libc.a:*(.text .text.*)
 .text          0x0000000000001068        0x0 c:/efinity/efinity-riscv-ide-2024.2/toolchain/bin/../lib/gcc/riscv-none-embed/8.3.0/../../../../riscv-none-embed/lib/rv32im/ilp32\libc.a(lib_a-atoi.o)
 .text.atoi     0x0000000000001068        0xc c:/efinity/efinity-riscv-ide-2024.2/toolchain/bin/../lib/gcc/riscv-none-embed/8.3.0/../../../../riscv-none-embed/lib/rv32im/ilp32\libc.a(lib_a-atoi.o)
                0x0000000000001068                atoi
 .text._atoi_r  0x0000000000001074        0xc c:/efinity/efinity-riscv-ide-2024.2/toolchain/bin/../lib/gcc/riscv-none-embed/8.3.0/../../../../riscv-none-embed/lib/rv32im/ilp32\libc.a(lib_a-atoi.o)
                0x0000000000001074                _atoi_r
 .text          0x0000000000001080        0x0 c:/efinity/efinity-riscv-ide-2024.2/toolchain/bin/../lib/gcc/riscv-none-embed/8.3.0/../../../../riscv-none-embed/lib/rv32im/ilp32\libc.a(lib_a-ctype_.o)
 .text          0x0000000000001080        0x0 c:/efinity/efinity-riscv-ide-2024.2/toolchain/bin/../lib/gcc/riscv-none-embed/8.3.0/../../../../riscv-none-embed/lib/rv32im/ilp32\libc.a(lib_a-init.o)
 .text.__libc_init_array
                0x0000000000001080       0x94 c:/efinity/efinity-riscv-ide-2024.2/toolchain/bin/../lib/gcc/riscv-none-embed/8.3.0/../../../../riscv-none-embed/lib/rv32im/ilp32\libc.a(lib_a-init.o)
                0x0000000000001080                __libc_init_array
 .text          0x0000000000001114        0x0 c:/efinity/efinity-riscv-ide-2024.2/toolchain/bin/../lib/gcc/riscv-none-embed/8.3.0/../../../../riscv-none-embed/lib/rv32im/ilp32\libc.a(lib_a-memcmp.o)
 .text.memcmp   0x0000000000001114       0x88 c:/efinity/efinity-riscv-ide-2024.2/toolchain/bin/../lib/gcc/riscv-none-embed/8.3.0/../../../../riscv-none-embed/lib/rv32im/ilp32\libc.a(lib_a-memcmp.o)
                0x0000000000001114                memcmp
 .text          0x000000000000119c        0x0 c:/efinity/efinity-riscv-ide-2024.2/toolchain/bin/../lib/gcc/riscv-none-embed/8.3.0/../../../../riscv-none-embed/lib/rv32im/ilp32\libc.a(lib_a-memcpy.o)
 .text.memcpy   0x000000000000119c      0x11c c:/efinity/efinity-riscv-ide-2024.2/toolchain/bin/../lib/gcc/riscv-none-embed/8.3.0/../../../../riscv-none-embed/lib/rv32im/ilp32\libc.a(lib_a-memcpy.o)
                0x000000000000119c                memcpy
 .text          0x00000000000012b8        0x0 c:/efinity/efinity-riscv-ide-2024.2/toolchain/bin/../lib/gcc/riscv-none-embed/8.3.0/../../../../riscv-none-embed/lib/rv32im/ilp32\libc.a(lib_a-memmove-stub.o)
 .text.memmove  0x00000000000012b8      0x120 c:/efinity/efinity-riscv-ide-2024.2/toolchain/bin/../lib/gcc/riscv-none-embed/8.3.0/../../../../riscv-none-embed/lib/rv32im/ilp32\libc.a(lib_a-memmove-stub.o)
                0x00000000000012b8                memmove
 .text          0x00000000000013d8       0xdc c:/efinity/efinity-riscv-ide-2024.2/toolchain/bin/../lib/gcc/riscv-none-embed/8.3.0/../../../../riscv-none-embed/lib/rv32im/ilp32\libc.a(lib_a-memset.o)
                0x00000000000013d8                memset
 .text          0x00000000000014b4        0x0 c:/efinity/efinity-riscv-ide-2024.2/toolchain/bin/../lib/gcc/riscv-none-embed/8.3.0/../../../../riscv-none-embed/lib/rv32im/ilp32\libc.a(lib_a-rand.o)
 .text.srand    0x00000000000014b4       0x14 c:/efinity/efinity-riscv-ide-2024.2/toolchain/bin/../lib/gcc/riscv-none-embed/8.3.0/../../../../riscv-none-embed/lib/rv32im/ilp32\libc.a(lib_a-rand.o)
                0x00000000000014b4                srand
 .text.rand     0x00000000000014c8       0x58 c:/efinity/efinity-riscv-ide-2024.2/toolchain/bin/../lib/gcc/riscv-none-embed/8.3.0/../../../../riscv-none-embed/lib/rv32im/ilp32\libc.a(lib_a-rand.o)
                0x00000000000014c8                rand
 .text          0x0000000000001520        0x0 c:/efinity/efinity-riscv-ide-2024.2/toolchain/bin/../lib/gcc/riscv-none-embed/8.3.0/../../../../riscv-none-embed/lib/rv32im/ilp32\libc.a(lib_a-strlen.o)
 .text.strlen   0x0000000000001520       0x8c c:/efinity/efinity-riscv-ide-2024.2/toolchain/bin/../lib/gcc/riscv-none-embed/8.3.0/../../../../riscv-none-embed/lib/rv32im/ilp32\libc.a(lib_a-strlen.o)
                0x0000000000001520                strlen
 .text          0x00000000000015ac        0x0 c:/efinity/efinity-riscv-ide-2024.2/toolchain/bin/../lib/gcc/riscv-none-embed/8.3.0/../../../../riscv-none-embed/lib/rv32im/ilp32\libc.a(lib_a-strncmp.o)
 .text.strncmp  0x00000000000015ac       0xf0 c:/efinity/efinity-riscv-ide-2024.2/toolchain/bin/../lib/gcc/riscv-none-embed/8.3.0/../../../../riscv-none-embed/lib/rv32im/ilp32\libc.a(lib_a-strncmp.o)
                0x00000000000015ac                strncmp
 .text          0x000000000000169c        0x0 c:/efinity/efinity-riscv-ide-2024.2/toolchain/bin/../lib/gcc/riscv-none-embed/8.3.0/../../../../riscv-none-embed/lib/rv32im/ilp32\libc.a(lib_a-strtol.o)
 .text._strtol_l.isra.0
                0x000000000000169c      0x1b8 c:/efinity/efinity-riscv-ide-2024.2/toolchain/bin/../lib/gcc/riscv-none-embed/8.3.0/../../../../riscv-none-embed/lib/rv32im/ilp32\libc.a(lib_a-strtol.o)
 .text._strtol_r
                0x0000000000001854        0x4 c:/efinity/efinity-riscv-ide-2024.2/toolchain/bin/../lib/gcc/riscv-none-embed/8.3.0/../../../../riscv-none-embed/lib/rv32im/ilp32\libc.a(lib_a-strtol.o)
                0x0000000000001854                _strtol_r
 .text.strtol_l
                0x0000000000001858       0x18 c:/efinity/efinity-riscv-ide-2024.2/toolchain/bin/../lib/gcc/riscv-none-embed/8.3.0/../../../../riscv-none-embed/lib/rv32im/ilp32\libc.a(lib_a-strtol.o)
                0x0000000000001858                strtol_l
 .text.strtol   0x0000000000001870       0x18 c:/efinity/efinity-riscv-ide-2024.2/toolchain/bin/../lib/gcc/riscv-none-embed/8.3.0/../../../../riscv-none-embed/lib/rv32im/ilp32\libc.a(lib_a-strtol.o)
                0x0000000000001870                strtol
 .text          0x0000000000001888        0x0 c:/efinity/efinity-riscv-ide-2024.2/toolchain/bin/../lib/gcc/riscv-none-embed/8.3.0/../../../../riscv-none-embed/lib/rv32im/ilp32\libc.a(lib_a-impure.o)
 *(.text.main)
 *(.text.unlikely .text.unlikely.*)
 *(.text.startup .text.startup.*)
 *(.text .text.*)
 .text          0x0000000000001888      0xeb0 build/obj_files/main.o
                0x0000000000001ee0                eml_mahalanobis_distance_squared
                0x0000000000001ff0                eml_elliptic_envelope_predict
                0x0000000000002080                packet_anomaly_detector_predict
                0x00000000000023cc                sys_jiffies
                0x00000000000023fc                sys_now
                0x0000000000002414                interrupt_init
                0x0000000000002480                crash
                0x0000000000002498                userInterrupt
                0x00000000000024ec                trap
                0x0000000000002520                main
 .text          0x0000000000002738      0x7d4 build/obj_files/mac.o
                0x0000000000002af8                control_reset
                0x0000000000002b08                MacTxEn
                0x0000000000002b50                MacRxEn
                0x0000000000002b9c                MacSpeedSet
                0x0000000000002bf4                MacLoopbackSet
                0x0000000000002c50                MacIpgSet
                0x0000000000002c74                MacAddrSet
                0x0000000000002d14                Pause_XOn
                0x0000000000002d60                MacCntClean
                0x0000000000002dc8                CntMonitor
                0x0000000000002e4c                MacRst
                0x0000000000002ed8                MacNormalInit
 .text          0x0000000000002f0c      0x690 build/obj_files/rtl8211fd_drv.o
                0x00000000000032cc                Phy_Rd
                0x0000000000003320                Phy_Wr
                0x0000000000003370                rtl8211_drv_rddata
                0x0000000000003388                rtl8211_drv_wrdata
                0x00000000000033b4                rtl8211_drv_setpage
                0x00000000000033ec                rtl8211_drv_linkup
                0x00000000000034f0                rtl8211_drv_init
 .text          0x000000000000359c     0x12b4 build/obj_files/lwiperf.o
                0x00000000000045d0                lwiperf_start_tcp_server
                0x0000000000004604                lwiperf_start_tcp_server_default
                0x0000000000004630                lwiperf_abort
                0x000000000000469c                lwiperf_start_tcp_client
                0x0000000000004824                lwiperf_start_tcp_client_default
 .text          0x0000000000004850       0x10 build/obj_files/common.o
                0x0000000000004850                Reg_Out32
                0x0000000000004858                Reg_In32
 .text          0x0000000000004860      0x8b4 build/obj_files/ethernetif.o
                0x0000000000004ea0                flush_data_cache
                0x0000000000004ea8                program_descriptor
                0x0000000000005008                check_dma_status
                0x000000000000503c                ethernetif_input
                0x000000000000508c                ethernetif_init
 .text          0x0000000000005114        0x0 build/obj_files/sockets.o
 .text          0x0000000000005114        0x0 build/obj_files/api_msg.o
 .text          0x0000000000005114        0x0 build/obj_files/err.o
 .text          0x0000000000005114        0x0 build/obj_files/if_api.o
 .text          0x0000000000005114        0x0 build/obj_files/netbuf.o
 .text          0x0000000000005114        0x0 build/obj_files/tcpip.o
 .text          0x0000000000005114        0x0 build/obj_files/netifapi.o
 .text          0x0000000000005114        0x0 build/obj_files/api_lib.o
 .text          0x0000000000005114        0x0 build/obj_files/netdb.o
 .text          0x0000000000005114        0x0 build/obj_files/bridgeif.o
 .text          0x0000000000005114        0x0 build/obj_files/lowpan6_common.o
 .text          0x0000000000005114        0x0 build/obj_files/lowpan6_ble.o
 .text          0x0000000000005114        0x0 build/obj_files/lowpan6.o
 .text          0x0000000000005114        0x0 build/obj_files/zepif.o
 .text          0x0000000000005114      0x668 build/obj_files/bridgeif_fdb.o
                0x0000000000005538                bridgeif_fdb_update_src
                0x0000000000005654                bridgeif_fdb_get_dst_ports
                0x00000000000056ec                bridgeif_fdb_init
 .text          0x000000000000577c      0x644 build/obj_files/ethernet.o
                0x0000000000005b08                ethernet_input
                0x0000000000005ca0                ethernet_output
 .text          0x0000000000005dc0        0x0 build/obj_files/fsm.o
 .text          0x0000000000005dc0        0x0 build/obj_files/upap.o
 .text          0x0000000000005dc0        0x0 build/obj_files/demand.o
 .text          0x0000000000005dc0        0x0 build/obj_files/eui64.o
 .text          0x0000000000005dc0        0x0 build/obj_files/lcp.o
 .text          0x0000000000005dc0        0x0 build/obj_files/ipcp.o
 .text          0x0000000000005dc0        0x0 build/obj_files/pppos.o
 .text          0x0000000000005dc0        0x0 build/obj_files/mppe.o
 .text          0x0000000000005dc0        0x0 build/obj_files/multilink.o
 .text          0x0000000000005dc0        0x0 build/obj_files/pppcrypt.o
 .text          0x0000000000005dc0        0x0 build/obj_files/pppoe.o
 .text          0x0000000000005dc0        0x0 build/obj_files/utils.o
 .text          0x0000000000005dc0        0x0 build/obj_files/auth.o
 .text          0x0000000000005dc0        0x0 build/obj_files/chap-new.o
 .text          0x0000000000005dc0        0x0 build/obj_files/ccp.o
 .text          0x0000000000005dc0        0x0 build/obj_files/ipv6cp.o
 .text          0x0000000000005dc0        0x0 build/obj_files/vj.o
 .text          0x0000000000005dc0        0x0 build/obj_files/chap-md5.o
 .text          0x0000000000005dc0        0x0 build/obj_files/ecp.o
 .text          0x0000000000005dc0        0x0 build/obj_files/ppp.o
 .text          0x0000000000005dc0        0x0 build/obj_files/chap_ms.o
 .text          0x0000000000005dc0        0x0 build/obj_files/pppapi.o
 .text          0x0000000000005dc0        0x0 build/obj_files/magic.o
 .text          0x0000000000005dc0        0x0 build/obj_files/pppol2tp.o
 .text          0x0000000000005dc0        0x0 build/obj_files/eap.o
 .text          0x0000000000005dc0        0x0 build/obj_files/arc4.o
 .text          0x0000000000005dc0        0x0 build/obj_files/md5.o
 .text          0x0000000000005dc0        0x0 build/obj_files/md4.o
 .text          0x0000000000005dc0        0x0 build/obj_files/sha1.o
 .text          0x0000000000005dc0        0x0 build/obj_files/des.o
 .text          0x0000000000005dc0     0x27e8 build/obj_files/tcp_out.o
                0x0000000000006b98                tcp_write
                0x00000000000072e8                tcp_split_unsent_seg
                0x00000000000075e0                tcp_enqueue_flags
                0x00000000000077e0                tcp_send_fin
                0x00000000000078b4                tcp_rexmit_rto_prepare
                0x00000000000079e8                tcp_rexmit
                0x0000000000007b18                tcp_rexmit_fast
                0x0000000000007bc8                tcp_rst
                0x0000000000007cb8                tcp_send_empty_ack
                0x0000000000007d74                tcp_output
                0x0000000000008288                tcp_rexmit_rto_commit
                0x00000000000082d8                tcp_rexmit_rto
                0x0000000000008324                tcp_keepalive
                0x00000000000083b8                tcp_zero_window_probe
 .text          0x00000000000085a8        0x0 build/obj_files/udp.o
 .text          0x00000000000085a8      0xffc build/obj_files/altcp_tcp.o
                0x00000000000094e0                altcp_tcp_new_ip_type
                0x000000000000953c                altcp_tcp_alloc
                0x0000000000009558                altcp_tcp_wrap
 .text          0x00000000000095a4      0x278 build/obj_files/def.o
                0x00000000000095a4                lwip_htons
                0x00000000000095bc                lwip_htonl
                0x00000000000095f0                lwip_strnstr
                0x00000000000096a0                lwip_stricmp
                0x00000000000096f8                lwip_strnicmp
                0x0000000000009760                lwip_itoa
 .text          0x000000000000981c      0x940 build/obj_files/altcp.o
                0x000000000000981c                altcp_alloc
                0x0000000000009858                altcp_free
                0x00000000000098a0                altcp_new_ip_type
                0x00000000000098dc                altcp_new_ip6
                0x00000000000098f8                altcp_new
                0x0000000000009914                altcp_arg
                0x0000000000009920                altcp_accept
                0x000000000000992c                altcp_recv
                0x0000000000009938                altcp_sent
                0x0000000000009944                altcp_poll
                0x0000000000009980                altcp_err
                0x000000000000998c                altcp_recved
                0x00000000000099bc                altcp_bind
                0x0000000000009a00                altcp_connect
                0x0000000000009a44                altcp_listen_with_backlog_and_err
                0x0000000000009a88                altcp_abort
                0x0000000000009ab8                altcp_close
                0x0000000000009afc                altcp_shutdown
                0x0000000000009b40                altcp_write
                0x0000000000009b84                altcp_output
                0x0000000000009bc8                altcp_mss
                0x0000000000009c0c                altcp_sndbuf
                0x0000000000009c50                altcp_sndqueuelen
                0x0000000000009c94                altcp_nagle_disable
                0x0000000000009cc4                altcp_nagle_enable
                0x0000000000009cf4                altcp_nagle_disabled
                0x0000000000009d38                altcp_setprio
                0x0000000000009d68                altcp_get_tcp_addrinfo
                0x0000000000009dac                altcp_get_ip
                0x0000000000009df0                altcp_get_port
                0x0000000000009e34                altcp_default_set_poll
                0x0000000000009e68                altcp_default_recved
                0x0000000000009e90                altcp_default_bind
                0x0000000000009ec4                altcp_default_shutdown
                0x0000000000009f18                altcp_default_write
                0x0000000000009f4c                altcp_default_output
                0x0000000000009f80                altcp_default_mss
                0x0000000000009fb4                altcp_default_sndbuf
                0x0000000000009fe8                altcp_default_sndqueuelen
                0x000000000000a01c                altcp_default_nagle_disable
                0x000000000000a044                altcp_default_nagle_enable
                0x000000000000a06c                altcp_default_nagle_disabled
                0x000000000000a0a0                altcp_default_setprio
                0x000000000000a0c8                altcp_default_dealloc
                0x000000000000a0cc                altcp_default_get_tcp_addrinfo
                0x000000000000a100                altcp_default_get_ip
                0x000000000000a128                altcp_default_get_port
 .text          0x000000000000a15c        0x4 build/obj_files/stats.o
                0x000000000000a15c                stats_init
 .text          0x000000000000a160     0x13d0 build/obj_files/netif.o
                0x000000000000a7d0                netif_input
                0x000000000000a84c                netif_set_default
                0x000000000000a858                netif_set_status_callback
                0x000000000000a864                netif_set_link_callback
                0x000000000000a870                netif_loop_output
                0x000000000000aa1c                netif_poll
                0x000000000000ab3c                netif_poll_all
                0x000000000000ab74                netif_get_by_index
                0x000000000000aba8                netif_index_to_name
                0x000000000000ac00                netif_find
                0x000000000000ac80                netif_name_to_index
                0x000000000000acb0                netif_add_ext_callback
                0x000000000000ad14                netif_remove_ext_callback
                0x000000000000ada0                netif_invoke_ext_callback
                0x000000000000ae18                netif_set_ipaddr
                0x000000000000ae78                netif_set_netmask
                0x000000000000aed8                netif_set_gw
                0x000000000000af38                netif_set_addr
                0x000000000000b078                netif_add
                0x000000000000b220                netif_add_noaddr
                0x000000000000b250                netif_set_up
                0x000000000000b2bc                netif_set_down
                0x000000000000b330                netif_remove
                0x000000000000b3fc                netif_set_link_up
                0x000000000000b468                netif_init
                0x000000000000b4d4                netif_set_link_down
 .text          0x000000000000b530     0x16e4 build/obj_files/pbuf.o
                0x000000000000ba04                pbuf_free_ooseq
                0x000000000000ba44                pbuf_alloc_reference
                0x000000000000bad0                pbuf_alloced_custom
                0x000000000000bb40                pbuf_add_header
                0x000000000000bb5c                pbuf_add_header_force
                0x000000000000bb78                pbuf_remove_header
                0x000000000000bc44                pbuf_header
                0x000000000000bc60                pbuf_header_force
                0x000000000000bc7c                pbuf_free
                0x000000000000bd94                pbuf_alloc
                0x000000000000bff0                pbuf_realloc
                0x000000000000c0f0                pbuf_free_header
                0x000000000000c168                pbuf_clen
                0x000000000000c18c                pbuf_ref
                0x000000000000c1c8                pbuf_cat
                0x000000000000c264                pbuf_chain
                0x000000000000c290                pbuf_dechain
                0x000000000000c348                pbuf_copy_partial_pbuf
                0x000000000000c504                pbuf_copy
                0x000000000000c530                pbuf_copy_partial
                0x000000000000c608                pbuf_get_contiguous
                0x000000000000c69c                pbuf_skip
                0x000000000000c6b4                pbuf_take
                0x000000000000c798                pbuf_take_at
                0x000000000000c87c                pbuf_clone
                0x000000000000c8d8                pbuf_coalesce
                0x000000000000c930                pbuf_try_get_at
                0x000000000000c978                pbuf_get_at
                0x000000000000c9a0                pbuf_put_at
                0x000000000000c9e4                pbuf_memcmp
                0x000000000000cad0                pbuf_memfind
                0x000000000000cb7c                pbuf_strstr
 .text          0x000000000000cc14     0x2d40 build/obj_files/tcp_in.o
                0x000000000000efa8                tcp_input
                0x000000000000f944                tcp_trigger_input_pcb_close
 .text          0x000000000000f954      0x9b0 build/obj_files/raw.o
                0x000000000000fd70                raw_input
                0x000000000000fe98                raw_bind
                0x000000000000fec0                raw_bind_netif
                0x000000000000fedc                raw_connect
                0x000000000000ff10                raw_disconnect
                0x000000000000ff28                raw_recv
                0x000000000000ff34                raw_sendto_if_src
                0x0000000000010104                raw_sendto
                0x00000000000101cc                raw_send
                0x00000000000101e8                raw_remove
                0x0000000000010240                raw_new
                0x00000000000102a4                raw_new_ip_type
                0x00000000000102c0                raw_netif_ip_addr_changed
 .text          0x0000000000010304        0x0 build/obj_files/ip.o
 .text          0x0000000000010304        0x0 build/obj_files/dns.o
 .text          0x0000000000010304        0x0 build/obj_files/altcp_alloc.o
 .text          0x0000000000010304      0x7a4 build/obj_files/timeouts.o
                0x00000000000107b0                sys_timeout
                0x0000000000010814                tcp_timer_needed
                0x00000000000108b4                sys_timeouts_init
                0x0000000000010908                sys_untimeout
                0x0000000000010974                sys_check_timeouts
                0x0000000000010a04                sys_restart_timeouts
                0x0000000000010a4c                sys_timeouts_sleeptime
 .text          0x0000000000010aa8     0x25b0 build/obj_files/tcp.o
                0x0000000000011000                tcp_init
                0x0000000000011038                tcp_free
                0x0000000000011080                tcp_backlog_delayed
                0x00000000000110fc                tcp_backlog_accepted
                0x00000000000112b8                tcp_bind
                0x00000000000113d4                tcp_bind_netif
                0x00000000000113f0                tcp_listen_with_backlog_and_err
                0x0000000000011570                tcp_listen_with_backlog
                0x000000000001158c                tcp_update_rcv_ann_wnd
                0x0000000000011648                tcp_recved
                0x00000000000116f8                tcp_txnow
                0x0000000000011740                tcp_seg_free
                0x0000000000011780                tcp_segs_free
                0x00000000000117b4                tcp_setprio
                0x00000000000117c0                tcp_seg_copy
                0x0000000000011824                tcp_arg
                0x0000000000011830                tcp_recv
                0x0000000000011884                tcp_sent
                0x00000000000118d8                tcp_err
                0x000000000001192c                tcp_accept
                0x0000000000011948                tcp_poll
                0x00000000000119ac                tcp_next_iss
                0x00000000000119e8                tcp_eff_send_mss_netif
                0x0000000000011a68                tcp_connect
                0x0000000000011c28                tcp_debug_state_str
                0x0000000000011c40                tcp_tcp_get_tcp_addrinfo
                0x0000000000011c8c                tcp_free_ooseq
                0x0000000000011cc4                tcp_pcb_purge
                0x0000000000011d4c                tcp_pcb_remove
                0x0000000000011e60                tcp_abandon
                0x0000000000011ff8                tcp_abort
                0x00000000000121b8                tcp_netif_ip_addr_changed
                0x00000000000122d4                tcp_alloc
                0x0000000000012470                tcp_new
                0x000000000001248c                tcp_new_ip_type
                0x0000000000012694                tcp_close
                0x00000000000126d4                tcp_recv_null
                0x0000000000012730                tcp_process_refused_data
                0x0000000000012820                tcp_fasttmr
                0x00000000000128f4                tcp_shutdown
                0x00000000000129c0                tcp_slowtmr
                0x0000000000013020                tcp_tmr
 .text          0x0000000000013058        0x0 build/obj_files/sys.o
 .text          0x0000000000013058      0x5ec build/obj_files/memp.o
                0x00000000000134dc                memp_init_pool
                0x00000000000134e0                memp_init
                0x0000000000013530                memp_malloc_pool
                0x0000000000013578                memp_malloc
                0x00000000000135b4                memp_free_pool
                0x0000000000013608                memp_free
 .text          0x0000000000013644       0x30 build/obj_files/init.o
                0x0000000000013644                lwip_init
 .text          0x0000000000013674      0x864 build/obj_files/inet_chksum.o
                0x0000000000013a00                lwip_standard_chksum
                0x0000000000013d0c                inet_chksum_pseudo
                0x0000000000013d68                ip_chksum_pseudo
                0x0000000000013d80                inet_chksum_pseudo_partial
                0x0000000000013ddc                ip_chksum_pseudo_partial
                0x0000000000013df4                inet_chksum
                0x0000000000013e18                inet_chksum_pbuf
 .text          0x0000000000013ed8      0xc98 build/obj_files/mem.o
                0x0000000000014464                mem_init
                0x00000000000144d8                mem_free
                0x000000000001461c                mem_trim
                0x00000000000148a0                mem_malloc
                0x0000000000014b18                mem_calloc
 .text          0x0000000000014b70      0x89c build/obj_files/icmp.o
                0x0000000000015070                icmp_input
                0x00000000000153cc                icmp_dest_unreach
                0x00000000000153ec                icmp_time_exceeded
 .text          0x000000000001540c        0x0 build/obj_files/autoip.o
 .text          0x000000000001540c      0xeb4 build/obj_files/ip4.o
                0x0000000000015804                ip4_set_default_multicast_netif
                0x000000000001580c                ip4_route
                0x00000000000158dc                ip4_input
                0x0000000000015d50                ip4_output_if_opt_src
                0x000000000001618c                ip4_output_if_opt
                0x00000000000161c0                ip4_output_if
                0x00000000000161e0                ip4_output_if_src
                0x0000000000016200                ip4_output
 .text          0x00000000000162c0      0xf00 build/obj_files/igmp.o
                0x0000000000016948                igmp_init
                0x0000000000016964                igmp_stop
                0x00000000000169d8                igmp_report_groups
                0x0000000000016a18                igmp_lookfor_group
                0x0000000000016b14                igmp_start
                0x0000000000016b78                igmp_input
                0x0000000000016dfc                igmp_joingroup_netif
                0x0000000000016ef0                igmp_joingroup
                0x0000000000016f98                igmp_leavegroup_netif
                0x0000000000017098                igmp_leavegroup
                0x000000000001714c                igmp_tmr
 .text          0x00000000000171c0      0x7f8 build/obj_files/ip4_addr.o
                0x000000000001754c                ip4_addr_isbroadcast_u32
                0x00000000000175ac                ip4_addr_netmask_valid
                0x00000000000175fc                ip4addr_aton
                0x0000000000017894                ipaddr_addr
                0x00000000000178c0                ip4addr_ntoa_r
                0x0000000000017998                ip4addr_ntoa
 .text          0x00000000000179b8     0x16fc build/obj_files/etharp.o
                0x00000000000184b4                etharp_cleanup_netif
                0x0000000000018528                etharp_find_addr
                0x00000000000185e0                etharp_get_entry
                0x00000000000186cc                etharp_input
                0x0000000000018894                etharp_request
                0x00000000000188b0                etharp_tmr
                0x0000000000018b10                etharp_query
                0x0000000000018ea0                etharp_output
 .text          0x00000000000190b4        0x0 build/obj_files/dhcp.o
 .text          0x00000000000190b4     0x1480 build/obj_files/ip4_frag.o
                0x0000000000019d00                ip_reass_tmr
                0x0000000000019d60                ip4_reass
                0x000000000001a1c8                ip4_frag
 .text          0x000000000001a534        0x0 build/obj_files/start.o
 .text          0x000000000001a534       0x90 build/obj_files/trap.o
                0x000000000001a534                trap_entry
 .text          0x000000000001a5c4        0x0 c:/efinity/efinity-riscv-ide-2024.2/toolchain/bin/../lib/gcc/riscv-none-embed/8.3.0/rv32im/ilp32\libgcc.a(addsf3.o)
 .text.__addsf3
                0x000000000001a5c4      0x464 c:/efinity/efinity-riscv-ide-2024.2/toolchain/bin/../lib/gcc/riscv-none-embed/8.3.0/rv32im/ilp32\libgcc.a(addsf3.o)
                0x000000000001a5c4                __addsf3
 .text          0x000000000001aa28        0x0 c:/efinity/efinity-riscv-ide-2024.2/toolchain/bin/../lib/gcc/riscv-none-embed/8.3.0/rv32im/ilp32\libgcc.a(lesf2.o)
 .text.__lesf2  0x000000000001aa28       0xc4 c:/efinity/efinity-riscv-ide-2024.2/toolchain/bin/../lib/gcc/riscv-none-embed/8.3.0/rv32im/ilp32\libgcc.a(lesf2.o)
                0x000000000001aa28                __ltsf2
                0x000000000001aa28                __lesf2
 .text          0x000000000001aaec        0x0 c:/efinity/efinity-riscv-ide-2024.2/toolchain/bin/../lib/gcc/riscv-none-embed/8.3.0/rv32im/ilp32\libgcc.a(mulsf3.o)
 .text.__mulsf3
                0x000000000001aaec      0x384 c:/efinity/efinity-riscv-ide-2024.2/toolchain/bin/../lib/gcc/riscv-none-embed/8.3.0/rv32im/ilp32\libgcc.a(mulsf3.o)
                0x000000000001aaec                __mulsf3
 .text          0x000000000001ae70        0x0 c:/efinity/efinity-riscv-ide-2024.2/toolchain/bin/../lib/gcc/riscv-none-embed/8.3.0/rv32im/ilp32\libgcc.a(subsf3.o)
 .text.__subsf3
                0x000000000001ae70      0x484 c:/efinity/efinity-riscv-ide-2024.2/toolchain/bin/../lib/gcc/riscv-none-embed/8.3.0/rv32im/ilp32\libgcc.a(subsf3.o)
                0x000000000001ae70                __subsf3
 .text          0x000000000001b2f4        0x0 c:/efinity/efinity-riscv-ide-2024.2/toolchain/bin/../lib/gcc/riscv-none-embed/8.3.0/rv32im/ilp32\libgcc.a(floatunsisf.o)
 .text.__floatunsisf
                0x000000000001b2f4      0x124 c:/efinity/efinity-riscv-ide-2024.2/toolchain/bin/../lib/gcc/riscv-none-embed/8.3.0/rv32im/ilp32\libgcc.a(floatunsisf.o)
                0x000000000001b2f4                __floatunsisf
 .text          0x000000000001b418        0x0 c:/efinity/efinity-riscv-ide-2024.2/toolchain/bin/../lib/gcc/riscv-none-embed/8.3.0/rv32im/ilp32\libgcc.a(_clzsi2.o)
 .text.__clzsi2
                0x000000000001b418       0x94 c:/efinity/efinity-riscv-ide-2024.2/toolchain/bin/../lib/gcc/riscv-none-embed/8.3.0/rv32im/ilp32\libgcc.a(_clzsi2.o)
                0x000000000001b418                __clzsi2
 .text          0x000000000001b4ac        0x0 c:/efinity/efinity-riscv-ide-2024.2/toolchain/bin/../lib/gcc/riscv-none-embed/8.3.0/rv32im/ilp32\libgcc.a(_clz.o)
 *(.gnu.linkonce.t.*)
 *(.note.gnu.build-id)

.sdata2._global_impure_ptr
                0x000000000001b4ac        0x4
 .sdata2._global_impure_ptr
                0x000000000001b4ac        0x4 c:/efinity/efinity-riscv-ide-2024.2/toolchain/bin/../lib/gcc/riscv-none-embed/8.3.0/../../../../riscv-none-embed/lib/rv32im/ilp32\libc.a(lib_a-impure.o)
                0x000000000001b4ac                _global_impure_ptr

.rela.dyn       0x000000000001b4b0        0x0
 .rela.text     0x000000000001b4b0        0x0 build/obj_files/main.o
 .rela.rodata   0x000000000001b4b0        0x0 build/obj_files/main.o
 .rela.init     0x000000000001b4b0        0x0 build/obj_files/main.o
 .rela.text.__libc_init_array
                0x000000000001b4b0        0x0 build/obj_files/main.o

.fini
 *(SORT_NONE(.fini))
                [!provide]                        PROVIDE (__etext = .)
                [!provide]                        PROVIDE (_etext = .)
                [!provide]                        PROVIDE (etext = .)
                0x000000000001b4b0                . = ALIGN (0x4)

.preinit_array  0x000000000001b4b0        0x0
                0x000000000001b4b0                PROVIDE (__preinit_array_start = .)
 *(.preinit_array)
                0x000000000001b4b0                PROVIDE (__preinit_array_end = .)

.init_array     0x000000000001b4b0        0x0
                0x000000000001b4b0                PROVIDE (__init_array_start = .)
 *(SORT_BY_INIT_PRIORITY(.init_array.*) SORT_BY_INIT_PRIORITY(.ctors.*))
 *(.init_array EXCLUDE_FILE(*crtend?.o *crtend.o *crtbegin?.o *crtbegin.o) .ctors)
                0x000000000001b4b0                PROVIDE (__init_array_end = .)

.fini_array     0x000000000001b4b0        0x0
                [!provide]                        PROVIDE (__fini_array_start = .)
 *(SORT_BY_INIT_PRIORITY(.fini_array.*) SORT_BY_INIT_PRIORITY(.dtors.*))
 *(.fini_array EXCLUDE_FILE(*crtend?.o *crtend.o *crtbegin?.o *crtbegin.o) .dtors)
                [!provide]                        PROVIDE (__fini_array_end = .)

.ctors
 *crtbegin.o(.ctors)
 *crtbegin?.o(.ctors)
 *(EXCLUDE_FILE(*crtend?.o *crtend.o) .ctors)
 *(SORT_BY_NAME(.ctors.*))
 *(.ctors)

.dtors
 *crtbegin.o(.dtors)
 *crtbegin?.o(.dtors)
 *(EXCLUDE_FILE(*crtend?.o *crtend.o) .dtors)
 *(SORT_BY_NAME(.dtors.*))
 *(.dtors)

.lalign         0x000000000001b4b0        0x0
                0x000000000001b4b0                PROVIDE (_data_lma = .)

.dalign         0x000000000001b4b0        0x0
                0x000000000001b4b0                PROVIDE (_data = .)

.data           0x000000000001b4b0     0x32a6
 *(.rdata)
 *(.rodata .rodata.*)
 .rodata        0x000000000001b4b0       0xb8 build/obj_files/main.o
 .rodata.str1.4
                0x000000000001b568      0x20a build/obj_files/main.o
 *fill*         0x000000000001b772        0x2 
 .rodata.str1.4
                0x000000000001b774       0x5c build/obj_files/mac.o
                                         0xd0 (size before relaxing)
 .rodata.str1.4
                0x000000000001b7d0       0xeb build/obj_files/rtl8211fd_drv.o
                                        0x15f (size before relaxing)
 *fill*         0x000000000001b8bb        0x1 
 .rodata        0x000000000001b8bc      0x640 build/obj_files/lwiperf.o
 .rodata.str1.4
                0x000000000001befc      0x133 build/obj_files/lwiperf.o
                                        0x1a7 (size before relaxing)
 *fill*         0x000000000001c02f        0x1 
 .rodata.str1.4
                0x000000000001c030        0xe build/obj_files/ethernetif.o
                                         0x82 (size before relaxing)
 *fill*         0x000000000001c03e        0x2 
 .rodata.str1.4
                0x000000000001c040       0x29 build/obj_files/bridgeif_fdb.o
                                         0x9d (size before relaxing)
 *fill*         0x000000000001c069        0x3 
 .rodata.str1.4
                0x000000000001c06c       0x31 build/obj_files/ethernet.o
                                         0xa5 (size before relaxing)
 *fill*         0x000000000001c09d        0x3 
 .rodata.str1.4
                0x000000000001c0a0      0x773 build/obj_files/tcp_out.o
                                        0x7e7 (size before relaxing)
 *fill*         0x000000000001c813        0x1 
 .rodata        0x000000000001c814       0x54 build/obj_files/altcp_tcp.o
                0x000000000001c814                altcp_tcp_functions
 .rodata.str1.4
                0x000000000001c868       0x19 build/obj_files/altcp_tcp.o
                                         0x9d (size before relaxing)
 *fill*         0x000000000001c881        0x3 
 .rodata.str1.4
                0x000000000001c884      0x232 build/obj_files/netif.o
                                        0x2a6 (size before relaxing)
 *fill*         0x000000000001cab6        0x2 
 .rodata.str1.4
                0x000000000001cab8      0x279 build/obj_files/pbuf.o
                                        0x2f9 (size before relaxing)
 *fill*         0x000000000001cd31        0x3 
 .rodata        0x000000000001cd34       0x28 build/obj_files/tcp_in.o
 .rodata.str1.4
                0x000000000001cd5c      0x422 build/obj_files/tcp_in.o
                                        0x496 (size before relaxing)
 *fill*         0x000000000001d17e        0x2 
 .rodata.str1.4
                0x000000000001d180       0x72 build/obj_files/raw.o
                                         0xe6 (size before relaxing)
 *fill*         0x000000000001d1f2        0x2 
 .rodata        0x000000000001d1f4       0x20 build/obj_files/timeouts.o
                0x000000000001d1f4                lwip_cyclic_timers
 .rodata.str1.4
                0x000000000001d214       0x8a build/obj_files/timeouts.o
                                         0xfe (size before relaxing)
 *fill*         0x000000000001d29e        0x2 
 .rodata        0x000000000001d2a0       0x49 build/obj_files/tcp.o
                0x000000000001d2a0                tcp_pcb_lists
 *fill*         0x000000000001d2e9        0x3 
 .rodata.str1.4
                0x000000000001d2ec      0x5b2 build/obj_files/tcp.o
                                        0x636 (size before relaxing)
 *fill*         0x000000000001d89e        0x2 
 .rodata        0x000000000001d8a0       0x30 build/obj_files/memp.o
                0x000000000001d8a0                memp_pools
 .rodata.str1.4
                0x000000000001d8d0       0x56 build/obj_files/memp.o
                                         0xca (size before relaxing)
 *fill*         0x000000000001d926        0x2 
 .rodata.str1.4
                0x000000000001d928        0xa build/obj_files/inet_chksum.o
                                         0x7e (size before relaxing)
 *fill*         0x000000000001d932        0x2 
 .rodata.str1.4
                0x000000000001d934      0x203 build/obj_files/mem.o
                                        0x277 (size before relaxing)
 *fill*         0x000000000001db37        0x1 
 .rodata.str1.4
                0x000000000001db38       0x96 build/obj_files/icmp.o
                                        0x10a (size before relaxing)
 *fill*         0x000000000001dbce        0x2 
 .rodata.str1.4
                0x000000000001dbd0       0x39 build/obj_files/ip4.o
                                         0xad (size before relaxing)
 *fill*         0x000000000001dc09        0x3 
 .rodata.str1.4
                0x000000000001dc0c       0xb1 build/obj_files/igmp.o
                                        0x125 (size before relaxing)
 *fill*         0x000000000001dcbd        0x3 
 .rodata        0x000000000001dcc0       0x14 build/obj_files/ip4_addr.o
 .rodata.str1.4
                0x000000000001dcd4        0xa build/obj_files/ip4_addr.o
                                         0x7e (size before relaxing)
 *fill*         0x000000000001dcde        0x2 
 .rodata.str1.4
                0x000000000001dce0      0x1d6 build/obj_files/etharp.o
                                        0x25a (size before relaxing)
 *fill*         0x000000000001deb6        0x2 
 .rodata.str1.4
                0x000000000001deb8      0x190 build/obj_files/ip4_frag.o
                                        0x20f (size before relaxing)
 .rodata._ctype_
                0x000000000001e048      0x101 c:/efinity/efinity-riscv-ide-2024.2/toolchain/bin/../lib/gcc/riscv-none-embed/8.3.0/../../../../riscv-none-embed/lib/rv32im/ilp32\libc.a(lib_a-ctype_.o)
                0x000000000001e048                _ctype_
 *fill*         0x000000000001e149        0x3 
 .rodata.__mulsf3
                0x000000000001e14c       0x40 c:/efinity/efinity-riscv-ide-2024.2/toolchain/bin/../lib/gcc/riscv-none-embed/8.3.0/rv32im/ilp32\libgcc.a(mulsf3.o)
 .rodata.__clz_tab
                0x000000000001e18c      0x100 c:/efinity/efinity-riscv-ide-2024.2/toolchain/bin/../lib/gcc/riscv-none-embed/8.3.0/rv32im/ilp32\libgcc.a(_clz.o)
                0x000000000001e18c                __clz_tab
 *(.gnu.linkonce.r.*)
 *(.data .data.*)
 .data          0x000000000001e28c        0x0 build/obj_files/main.o
 .data          0x000000000001e28c        0x0 build/obj_files/mac.o
 .data          0x000000000001e28c        0x0 build/obj_files/rtl8211fd_drv.o
 .data          0x000000000001e28c        0x0 build/obj_files/lwiperf.o
 .data          0x000000000001e28c        0x0 build/obj_files/common.o
 .data          0x000000000001e28c        0x0 build/obj_files/ethernetif.o
 .data          0x000000000001e28c        0x0 build/obj_files/sockets.o
 .data          0x000000000001e28c        0x0 build/obj_files/api_msg.o
 .data          0x000000000001e28c        0x0 build/obj_files/err.o
 .data          0x000000000001e28c        0x0 build/obj_files/if_api.o
 .data          0x000000000001e28c        0x0 build/obj_files/netbuf.o
 .data          0x000000000001e28c        0x0 build/obj_files/tcpip.o
 .data          0x000000000001e28c        0x0 build/obj_files/netifapi.o
 .data          0x000000000001e28c        0x0 build/obj_files/api_lib.o
 .data          0x000000000001e28c        0x0 build/obj_files/netdb.o
 .data          0x000000000001e28c        0x0 build/obj_files/bridgeif.o
 .data          0x000000000001e28c        0x0 build/obj_files/lowpan6_common.o
 .data          0x000000000001e28c        0x0 build/obj_files/lowpan6_ble.o
 .data          0x000000000001e28c        0x0 build/obj_files/lowpan6.o
 .data          0x000000000001e28c        0x0 build/obj_files/zepif.o
 .data          0x000000000001e28c        0x0 build/obj_files/bridgeif_fdb.o
 .data          0x000000000001e28c        0x0 build/obj_files/ethernet.o
 .data          0x000000000001e28c        0x0 build/obj_files/fsm.o
 .data          0x000000000001e28c        0x0 build/obj_files/upap.o
 .data          0x000000000001e28c        0x0 build/obj_files/demand.o
 .data          0x000000000001e28c        0x0 build/obj_files/eui64.o
 .data          0x000000000001e28c        0x0 build/obj_files/lcp.o
 .data          0x000000000001e28c        0x0 build/obj_files/ipcp.o
 .data          0x000000000001e28c        0x0 build/obj_files/pppos.o
 .data          0x000000000001e28c        0x0 build/obj_files/mppe.o
 .data          0x000000000001e28c        0x0 build/obj_files/multilink.o
 .data          0x000000000001e28c        0x0 build/obj_files/pppcrypt.o
 .data          0x000000000001e28c        0x0 build/obj_files/pppoe.o
 .data          0x000000000001e28c        0x0 build/obj_files/utils.o
 .data          0x000000000001e28c        0x0 build/obj_files/auth.o
 .data          0x000000000001e28c        0x0 build/obj_files/chap-new.o
 .data          0x000000000001e28c        0x0 build/obj_files/ccp.o
 .data          0x000000000001e28c        0x0 build/obj_files/ipv6cp.o
 .data          0x000000000001e28c        0x0 build/obj_files/vj.o
 .data          0x000000000001e28c        0x0 build/obj_files/chap-md5.o
 .data          0x000000000001e28c        0x0 build/obj_files/ecp.o
 .data          0x000000000001e28c        0x0 build/obj_files/ppp.o
 .data          0x000000000001e28c        0x0 build/obj_files/chap_ms.o
 .data          0x000000000001e28c        0x0 build/obj_files/pppapi.o
 .data          0x000000000001e28c        0x0 build/obj_files/magic.o
 .data          0x000000000001e28c        0x0 build/obj_files/pppol2tp.o
 .data          0x000000000001e28c        0x0 build/obj_files/eap.o
 .data          0x000000000001e28c        0x0 build/obj_files/arc4.o
 .data          0x000000000001e28c        0x0 build/obj_files/md5.o
 .data          0x000000000001e28c        0x0 build/obj_files/md4.o
 .data          0x000000000001e28c        0x0 build/obj_files/sha1.o
 .data          0x000000000001e28c        0x0 build/obj_files/des.o
 .data          0x000000000001e28c        0x0 build/obj_files/tcp_out.o
 .data          0x000000000001e28c        0x0 build/obj_files/udp.o
 .data          0x000000000001e28c        0x0 build/obj_files/altcp_tcp.o
 .data          0x000000000001e28c        0x0 build/obj_files/def.o
 .data          0x000000000001e28c        0x0 build/obj_files/altcp.o
 .data          0x000000000001e28c        0x0 build/obj_files/stats.o
 .data          0x000000000001e28c        0x0 build/obj_files/netif.o
 .data          0x000000000001e28c        0x0 build/obj_files/pbuf.o
 .data          0x000000000001e28c        0x0 build/obj_files/tcp_in.o
 .data          0x000000000001e28c        0x0 build/obj_files/raw.o
 .data          0x000000000001e28c        0x0 build/obj_files/ip.o
 .data          0x000000000001e28c        0x0 build/obj_files/dns.o
 .data          0x000000000001e28c        0x0 build/obj_files/altcp_alloc.o
 .data          0x000000000001e28c        0x0 build/obj_files/timeouts.o
 .data          0x000000000001e28c        0x0 build/obj_files/tcp.o
 .data          0x000000000001e28c        0x0 build/obj_files/sys.o
 .data          0x000000000001e28c        0x0 build/obj_files/memp.o
 .data          0x000000000001e28c        0x0 build/obj_files/init.o
 .data          0x000000000001e28c        0x0 build/obj_files/inet_chksum.o
 .data          0x000000000001e28c        0x0 build/obj_files/mem.o
 .data          0x000000000001e28c        0x0 build/obj_files/icmp.o
 .data          0x000000000001e28c        0x0 build/obj_files/autoip.o
 .data          0x000000000001e28c        0x0 build/obj_files/ip4.o
 .data          0x000000000001e28c        0x0 build/obj_files/igmp.o
 .data          0x000000000001e28c        0x0 build/obj_files/ip4_addr.o
 .data          0x000000000001e28c        0x0 build/obj_files/etharp.o
 .data          0x000000000001e28c        0x0 build/obj_files/dhcp.o
 .data          0x000000000001e28c        0x0 build/obj_files/ip4_frag.o
 .data          0x000000000001e28c        0x0 build/obj_files/start.o
 .data          0x000000000001e28c        0x0 build/obj_files/trap.o
 .data          0x000000000001e28c        0x0 c:/efinity/efinity-riscv-ide-2024.2/toolchain/bin/../lib/gcc/riscv-none-embed/8.3.0/../../../../riscv-none-embed/lib/rv32im/ilp32\libc.a(lib_a-atoi.o)
 .data          0x000000000001e28c        0x0 c:/efinity/efinity-riscv-ide-2024.2/toolchain/bin/../lib/gcc/riscv-none-embed/8.3.0/../../../../riscv-none-embed/lib/rv32im/ilp32\libc.a(lib_a-ctype_.o)
 .data          0x000000000001e28c        0x0 c:/efinity/efinity-riscv-ide-2024.2/toolchain/bin/../lib/gcc/riscv-none-embed/8.3.0/../../../../riscv-none-embed/lib/rv32im/ilp32\libc.a(lib_a-init.o)
 .data          0x000000000001e28c        0x0 c:/efinity/efinity-riscv-ide-2024.2/toolchain/bin/../lib/gcc/riscv-none-embed/8.3.0/../../../../riscv-none-embed/lib/rv32im/ilp32\libc.a(lib_a-memcmp.o)
 .data          0x000000000001e28c        0x0 c:/efinity/efinity-riscv-ide-2024.2/toolchain/bin/../lib/gcc/riscv-none-embed/8.3.0/../../../../riscv-none-embed/lib/rv32im/ilp32\libc.a(lib_a-memcpy.o)
 .data          0x000000000001e28c        0x0 c:/efinity/efinity-riscv-ide-2024.2/toolchain/bin/../lib/gcc/riscv-none-embed/8.3.0/../../../../riscv-none-embed/lib/rv32im/ilp32\libc.a(lib_a-memmove-stub.o)
 .data          0x000000000001e28c        0x0 c:/efinity/efinity-riscv-ide-2024.2/toolchain/bin/../lib/gcc/riscv-none-embed/8.3.0/../../../../riscv-none-embed/lib/rv32im/ilp32\libc.a(lib_a-memset.o)
 .data          0x000000000001e28c        0x0 c:/efinity/efinity-riscv-ide-2024.2/toolchain/bin/../lib/gcc/riscv-none-embed/8.3.0/../../../../riscv-none-embed/lib/rv32im/ilp32\libc.a(lib_a-rand.o)
 .data          0x000000000001e28c        0x0 c:/efinity/efinity-riscv-ide-2024.2/toolchain/bin/../lib/gcc/riscv-none-embed/8.3.0/../../../../riscv-none-embed/lib/rv32im/ilp32\libc.a(lib_a-strlen.o)
 .data          0x000000000001e28c        0x0 c:/efinity/efinity-riscv-ide-2024.2/toolchain/bin/../lib/gcc/riscv-none-embed/8.3.0/../../../../riscv-none-embed/lib/rv32im/ilp32\libc.a(lib_a-strncmp.o)
 .data          0x000000000001e28c        0x0 c:/efinity/efinity-riscv-ide-2024.2/toolchain/bin/../lib/gcc/riscv-none-embed/8.3.0/../../../../riscv-none-embed/lib/rv32im/ilp32\libc.a(lib_a-strtol.o)
 .data          0x000000000001e28c        0x0 c:/efinity/efinity-riscv-ide-2024.2/toolchain/bin/../lib/gcc/riscv-none-embed/8.3.0/../../../../riscv-none-embed/lib/rv32im/ilp32\libc.a(lib_a-impure.o)
 *fill*         0x000000000001e28c        0x4 
 .data.impure_data
                0x000000000001e290      0x428 c:/efinity/efinity-riscv-ide-2024.2/toolchain/bin/../lib/gcc/riscv-none-embed/8.3.0/../../../../riscv-none-embed/lib/rv32im/ilp32\libc.a(lib_a-impure.o)
 .data          0x000000000001e6b8        0x0 c:/efinity/efinity-riscv-ide-2024.2/toolchain/bin/../lib/gcc/riscv-none-embed/8.3.0/rv32im/ilp32\libgcc.a(addsf3.o)
 .data          0x000000000001e6b8        0x0 c:/efinity/efinity-riscv-ide-2024.2/toolchain/bin/../lib/gcc/riscv-none-embed/8.3.0/rv32im/ilp32\libgcc.a(lesf2.o)
 .data          0x000000000001e6b8        0x0 c:/efinity/efinity-riscv-ide-2024.2/toolchain/bin/../lib/gcc/riscv-none-embed/8.3.0/rv32im/ilp32\libgcc.a(mulsf3.o)
 .data          0x000000000001e6b8        0x0 c:/efinity/efinity-riscv-ide-2024.2/toolchain/bin/../lib/gcc/riscv-none-embed/8.3.0/rv32im/ilp32\libgcc.a(subsf3.o)
 .data          0x000000000001e6b8        0x0 c:/efinity/efinity-riscv-ide-2024.2/toolchain/bin/../lib/gcc/riscv-none-embed/8.3.0/rv32im/ilp32\libgcc.a(floatunsisf.o)
 .data          0x000000000001e6b8        0x0 c:/efinity/efinity-riscv-ide-2024.2/toolchain/bin/../lib/gcc/riscv-none-embed/8.3.0/rv32im/ilp32\libgcc.a(_clzsi2.o)
 .data          0x000000000001e6b8        0x0 c:/efinity/efinity-riscv-ide-2024.2/toolchain/bin/../lib/gcc/riscv-none-embed/8.3.0/rv32im/ilp32\libgcc.a(_clz.o)
 *(.gnu.linkonce.d.*)
                0x000000000001e6b8                . = ALIGN (0x8)
                0x000000000001eea8                PROVIDE (__global_pointer$ = (. + 0x7f0))
 *(.sdata .sdata.*)
 .sdata         0x000000000001e6b8        0x4 build/obj_files/main.o
 .sdata         0x000000000001e6bc        0x6 build/obj_files/tcp.o
 *fill*         0x000000000001e6c2        0x2 
 .sdata._impure_ptr
                0x000000000001e6c4        0x4 c:/efinity/efinity-riscv-ide-2024.2/toolchain/bin/../lib/gcc/riscv-none-embed/8.3.0/../../../../riscv-none-embed/lib/rv32im/ilp32\libc.a(lib_a-impure.o)
                0x000000000001e6c4                _impure_ptr
 *(.gnu.linkonce.s.*)
                0x000000000001e6c8                . = ALIGN (0x8)
 *(.srodata.cst16)
 *(.srodata.cst8)
 *(.srodata.cst4)
 *(.srodata.cst2)
 *(.srodata .srodata.*)
 .srodata       0x000000000001e6c8        0xe build/obj_files/ethernet.o
                0x000000000001e6c8                ethzero
                0x000000000001e6d0                ethbroadcast
 *fill*         0x000000000001e6d6        0x2 
 .srodata       0x000000000001e6d8        0x4 build/obj_files/timeouts.o
                0x000000000001e6d8                lwip_num_cyclic_timers
 .srodata       0x000000000001e6dc        0x7 build/obj_files/tcp.o
 *fill*         0x000000000001e6e3        0x1 
 .srodata       0x000000000001e6e4       0x60 build/obj_files/memp.o
                0x000000000001e6e4                memp_PBUF_POOL
                0x000000000001e6ec                memp_PBUF
                0x000000000001e6f4                memp_SYS_TIMEOUT
                0x000000000001e6fc                memp_IGMP_GROUP
                0x000000000001e704                memp_ARP_QUEUE
                0x000000000001e70c                memp_FRAG_PBUF
                0x000000000001e714                memp_REASSDATA
                0x000000000001e71c                memp_ALTCP_PCB
                0x000000000001e724                memp_TCP_SEG
                0x000000000001e72c                memp_TCP_PCB_LISTEN
                0x000000000001e734                memp_TCP_PCB
                0x000000000001e73c                memp_RAW_PCB
 .srodata       0x000000000001e744        0x8 build/obj_files/ip4_addr.o
                0x000000000001e744                ip_addr_broadcast
                0x000000000001e748                ip_addr_any
                0x000000000001e756                . = (. + 0xa)
 *fill*         0x000000000001e74c        0xa 
                0x000000000001e758                . = ALIGN (0x4)
                0x000000000001e758                PROVIDE (_edata = .)
                [!provide]                        PROVIDE (edata = .)
                [!provide]                        PROVIDE (_fbss = .)
                0x000000000001e758                PROVIDE (__bss_start = .)

.bss            0x000000000001e780     0x4468
 *(.sbss*)
 .sbss          0x000000000001e780       0x28 build/obj_files/main.o
 .sbss          0x000000000001e7a8        0x4 build/obj_files/lwiperf.o
 .sbss          0x000000000001e7ac        0x8 build/obj_files/netif.o
 .sbss          0x000000000001e7b4       0x24 build/obj_files/tcp_in.o
 .sbss          0x000000000001e7d8        0x4 build/obj_files/raw.o
 .sbss          0x000000000001e7dc        0xc build/obj_files/timeouts.o
 .sbss          0x000000000001e7e8        0x2 build/obj_files/tcp.o
 *fill*         0x000000000001e7ea        0x2 
 .sbss          0x000000000001e7ec        0xc build/obj_files/mem.o
 .sbss          0x000000000001e7f8        0x6 build/obj_files/ip4.o
 *fill*         0x000000000001e7fe        0x2 
 .sbss          0x000000000001e800        0x8 build/obj_files/igmp.o
 .sbss          0x000000000001e808        0x1 build/obj_files/etharp.o
 *fill*         0x000000000001e809        0x3 
 .sbss          0x000000000001e80c        0x8 build/obj_files/ip4_frag.o
 *(.gnu.linkonce.sb.*)
 *(.bss .bss.*)
 .bss           0x000000000001e814       0x4c build/obj_files/main.o
 .bss           0x000000000001e860        0x0 build/obj_files/mac.o
 .bss           0x000000000001e860        0x0 build/obj_files/rtl8211fd_drv.o
 .bss           0x000000000001e860        0x0 build/obj_files/lwiperf.o
 .bss           0x000000000001e860        0x0 build/obj_files/common.o
 .bss           0x000000000001e860        0x0 build/obj_files/ethernetif.o
 .bss           0x000000000001e860        0x0 build/obj_files/sockets.o
 .bss           0x000000000001e860        0x0 build/obj_files/api_msg.o
 .bss           0x000000000001e860        0x0 build/obj_files/err.o
 .bss           0x000000000001e860        0x0 build/obj_files/if_api.o
 .bss           0x000000000001e860        0x0 build/obj_files/netbuf.o
 .bss           0x000000000001e860        0x0 build/obj_files/tcpip.o
 .bss           0x000000000001e860        0x0 build/obj_files/netifapi.o
 .bss           0x000000000001e860        0x0 build/obj_files/api_lib.o
 .bss           0x000000000001e860        0x0 build/obj_files/netdb.o
 .bss           0x000000000001e860        0x0 build/obj_files/bridgeif.o
 .bss           0x000000000001e860        0x0 build/obj_files/lowpan6_common.o
 .bss           0x000000000001e860        0x0 build/obj_files/lowpan6_ble.o
 .bss           0x000000000001e860        0x0 build/obj_files/lowpan6.o
 .bss           0x000000000001e860        0x0 build/obj_files/zepif.o
 .bss           0x000000000001e860        0x0 build/obj_files/bridgeif_fdb.o
 .bss           0x000000000001e860        0x0 build/obj_files/ethernet.o
 .bss           0x000000000001e860        0x0 build/obj_files/fsm.o
 .bss           0x000000000001e860        0x0 build/obj_files/upap.o
 .bss           0x000000000001e860        0x0 build/obj_files/demand.o
 .bss           0x000000000001e860        0x0 build/obj_files/eui64.o
 .bss           0x000000000001e860        0x0 build/obj_files/lcp.o
 .bss           0x000000000001e860        0x0 build/obj_files/ipcp.o
 .bss           0x000000000001e860        0x0 build/obj_files/pppos.o
 .bss           0x000000000001e860        0x0 build/obj_files/mppe.o
 .bss           0x000000000001e860        0x0 build/obj_files/multilink.o
 .bss           0x000000000001e860        0x0 build/obj_files/pppcrypt.o
 .bss           0x000000000001e860        0x0 build/obj_files/pppoe.o
 .bss           0x000000000001e860        0x0 build/obj_files/utils.o
 .bss           0x000000000001e860        0x0 build/obj_files/auth.o
 .bss           0x000000000001e860        0x0 build/obj_files/chap-new.o
 .bss           0x000000000001e860        0x0 build/obj_files/ccp.o
 .bss           0x000000000001e860        0x0 build/obj_files/ipv6cp.o
 .bss           0x000000000001e860        0x0 build/obj_files/vj.o
 .bss           0x000000000001e860        0x0 build/obj_files/chap-md5.o
 .bss           0x000000000001e860        0x0 build/obj_files/ecp.o
 .bss           0x000000000001e860        0x0 build/obj_files/ppp.o
 .bss           0x000000000001e860        0x0 build/obj_files/chap_ms.o
 .bss           0x000000000001e860        0x0 build/obj_files/pppapi.o
 .bss           0x000000000001e860        0x0 build/obj_files/magic.o
 .bss           0x000000000001e860        0x0 build/obj_files/pppol2tp.o
 .bss           0x000000000001e860        0x0 build/obj_files/eap.o
 .bss           0x000000000001e860        0x0 build/obj_files/arc4.o
 .bss           0x000000000001e860        0x0 build/obj_files/md5.o
 .bss           0x000000000001e860        0x0 build/obj_files/md4.o
 .bss           0x000000000001e860        0x0 build/obj_files/sha1.o
 .bss           0x000000000001e860        0x0 build/obj_files/des.o
 .bss           0x000000000001e860        0x0 build/obj_files/tcp_out.o
 .bss           0x000000000001e860        0x0 build/obj_files/udp.o
 .bss           0x000000000001e860        0x0 build/obj_files/altcp_tcp.o
 .bss           0x000000000001e860        0x0 build/obj_files/def.o
 .bss           0x000000000001e860        0x0 build/obj_files/altcp.o
 .bss           0x000000000001e860        0x0 build/obj_files/stats.o
 .bss           0x000000000001e860       0x4c build/obj_files/netif.o
 .bss           0x000000000001e8ac        0x0 build/obj_files/pbuf.o
 .bss           0x000000000001e8ac       0x10 build/obj_files/tcp_in.o
 .bss           0x000000000001e8bc        0x0 build/obj_files/raw.o
 .bss           0x000000000001e8bc        0x0 build/obj_files/ip.o
 .bss           0x000000000001e8bc        0x0 build/obj_files/dns.o
 .bss           0x000000000001e8bc        0x0 build/obj_files/altcp_alloc.o
 .bss           0x000000000001e8bc        0x0 build/obj_files/timeouts.o
 .bss           0x000000000001e8bc        0x0 build/obj_files/tcp.o
 .bss           0x000000000001e8bc        0x0 build/obj_files/sys.o
 .bss           0x000000000001e8bc       0x8e build/obj_files/memp.o
 .bss           0x000000000001e94a        0x0 build/obj_files/init.o
 .bss           0x000000000001e94a        0x0 build/obj_files/inet_chksum.o
 .bss           0x000000000001e94a        0x0 build/obj_files/mem.o
 .bss           0x000000000001e94a        0x0 build/obj_files/icmp.o
 .bss           0x000000000001e94a        0x0 build/obj_files/autoip.o
 .bss           0x000000000001e94a        0x0 build/obj_files/ip4.o
 .bss           0x000000000001e94a        0x0 build/obj_files/igmp.o
 *fill*         0x000000000001e94a        0x2 
 .bss           0x000000000001e94c       0x10 build/obj_files/ip4_addr.o
 .bss           0x000000000001e95c       0xf0 build/obj_files/etharp.o
 .bss           0x000000000001ea4c        0x0 build/obj_files/dhcp.o
 .bss           0x000000000001ea4c        0x0 build/obj_files/ip4_frag.o
 .bss           0x000000000001ea4c        0x0 build/obj_files/start.o
 .bss           0x000000000001ea4c        0x0 build/obj_files/trap.o
 .bss           0x000000000001ea4c        0x0 c:/efinity/efinity-riscv-ide-2024.2/toolchain/bin/../lib/gcc/riscv-none-embed/8.3.0/../../../../riscv-none-embed/lib/rv32im/ilp32\libc.a(lib_a-atoi.o)
 .bss           0x000000000001ea4c        0x0 c:/efinity/efinity-riscv-ide-2024.2/toolchain/bin/../lib/gcc/riscv-none-embed/8.3.0/../../../../riscv-none-embed/lib/rv32im/ilp32\libc.a(lib_a-ctype_.o)
 .bss           0x000000000001ea4c        0x0 c:/efinity/efinity-riscv-ide-2024.2/toolchain/bin/../lib/gcc/riscv-none-embed/8.3.0/../../../../riscv-none-embed/lib/rv32im/ilp32\libc.a(lib_a-init.o)
 .bss           0x000000000001ea4c        0x0 c:/efinity/efinity-riscv-ide-2024.2/toolchain/bin/../lib/gcc/riscv-none-embed/8.3.0/../../../../riscv-none-embed/lib/rv32im/ilp32\libc.a(lib_a-memcmp.o)
 .bss           0x000000000001ea4c        0x0 c:/efinity/efinity-riscv-ide-2024.2/toolchain/bin/../lib/gcc/riscv-none-embed/8.3.0/../../../../riscv-none-embed/lib/rv32im/ilp32\libc.a(lib_a-memcpy.o)
 .bss           0x000000000001ea4c        0x0 c:/efinity/efinity-riscv-ide-2024.2/toolchain/bin/../lib/gcc/riscv-none-embed/8.3.0/../../../../riscv-none-embed/lib/rv32im/ilp32\libc.a(lib_a-memmove-stub.o)
 .bss           0x000000000001ea4c        0x0 c:/efinity/efinity-riscv-ide-2024.2/toolchain/bin/../lib/gcc/riscv-none-embed/8.3.0/../../../../riscv-none-embed/lib/rv32im/ilp32\libc.a(lib_a-memset.o)
 .bss           0x000000000001ea4c        0x0 c:/efinity/efinity-riscv-ide-2024.2/toolchain/bin/../lib/gcc/riscv-none-embed/8.3.0/../../../../riscv-none-embed/lib/rv32im/ilp32\libc.a(lib_a-rand.o)
 .bss           0x000000000001ea4c        0x0 c:/efinity/efinity-riscv-ide-2024.2/toolchain/bin/../lib/gcc/riscv-none-embed/8.3.0/../../../../riscv-none-embed/lib/rv32im/ilp32\libc.a(lib_a-strlen.o)
 .bss           0x000000000001ea4c        0x0 c:/efinity/efinity-riscv-ide-2024.2/toolchain/bin/../lib/gcc/riscv-none-embed/8.3.0/../../../../riscv-none-embed/lib/rv32im/ilp32\libc.a(lib_a-strncmp.o)
 .bss           0x000000000001ea4c        0x0 c:/efinity/efinity-riscv-ide-2024.2/toolchain/bin/../lib/gcc/riscv-none-embed/8.3.0/../../../../riscv-none-embed/lib/rv32im/ilp32\libc.a(lib_a-strtol.o)
 .bss           0x000000000001ea4c        0x0 c:/efinity/efinity-riscv-ide-2024.2/toolchain/bin/../lib/gcc/riscv-none-embed/8.3.0/../../../../riscv-none-embed/lib/rv32im/ilp32\libc.a(lib_a-impure.o)
 .bss           0x000000000001ea4c        0x0 c:/efinity/efinity-riscv-ide-2024.2/toolchain/bin/../lib/gcc/riscv-none-embed/8.3.0/rv32im/ilp32\libgcc.a(addsf3.o)
 .bss           0x000000000001ea4c        0x0 c:/efinity/efinity-riscv-ide-2024.2/toolchain/bin/../lib/gcc/riscv-none-embed/8.3.0/rv32im/ilp32\libgcc.a(lesf2.o)
 .bss           0x000000000001ea4c        0x0 c:/efinity/efinity-riscv-ide-2024.2/toolchain/bin/../lib/gcc/riscv-none-embed/8.3.0/rv32im/ilp32\libgcc.a(mulsf3.o)
 .bss           0x000000000001ea4c        0x0 c:/efinity/efinity-riscv-ide-2024.2/toolchain/bin/../lib/gcc/riscv-none-embed/8.3.0/rv32im/ilp32\libgcc.a(subsf3.o)
 .bss           0x000000000001ea4c        0x0 c:/efinity/efinity-riscv-ide-2024.2/toolchain/bin/../lib/gcc/riscv-none-embed/8.3.0/rv32im/ilp32\libgcc.a(floatunsisf.o)
 .bss           0x000000000001ea4c        0x0 c:/efinity/efinity-riscv-ide-2024.2/toolchain/bin/../lib/gcc/riscv-none-embed/8.3.0/rv32im/ilp32\libgcc.a(_clzsi2.o)
 .bss           0x000000000001ea4c        0x0 c:/efinity/efinity-riscv-ide-2024.2/toolchain/bin/../lib/gcc/riscv-none-embed/8.3.0/rv32im/ilp32\libgcc.a(_clz.o)
 *(.gnu.linkonce.b.*)
 *(COMMON)
 COMMON         0x000000000001ea4c        0x8 build/obj_files/main.o
                0x000000000001ea4c                cmn_reset
                0x000000000001ea50                cur_des
 *fill*         0x000000000001ea54       0x2c 
 COMMON         0x000000000001ea80     0x2000 build/obj_files/ethernetif.o
                0x000000000001ea80                descriptors0
 COMMON         0x0000000000020a80      0x114 build/obj_files/stats.o
                0x0000000000020a80                lwip_stats
 COMMON         0x0000000000020b94        0x8 build/obj_files/netif.o
                0x0000000000020b94                netif_list
                0x0000000000020b98                netif_default
 COMMON         0x0000000000020b9c        0x1 build/obj_files/pbuf.o
                0x0000000000020b9c                pbuf_free_ooseq_pending
 *fill*         0x0000000000020b9d        0x3 
 COMMON         0x0000000000020ba0        0x4 build/obj_files/tcp_in.o
                0x0000000000020ba0                tcp_input_pcb
 COMMON         0x0000000000020ba4       0x18 build/obj_files/ip.o
                0x0000000000020ba4                ip_data
 COMMON         0x0000000000020bbc       0x18 build/obj_files/tcp.o
                0x0000000000020bbc                tcp_active_pcbs_changed
                0x0000000000020bc0                tcp_active_pcbs
                0x0000000000020bc4                tcp_ticks
                0x0000000000020bc8                tcp_listen_pcbs
                0x0000000000020bcc                tcp_bound_pcbs
                0x0000000000020bd0                tcp_tw_pcbs
 COMMON         0x0000000000020bd4     0x2013 build/obj_files/mem.o
                0x0000000000020bd4                ram_heap
                0x0000000000022be8                . = ALIGN (0x4)
 *fill*         0x0000000000022be7        0x1 
                0x0000000000022be8                . = ALIGN (0x8)
                0x0000000000022be8                PROVIDE (_end = .)
                [!provide]                        PROVIDE (end = .)

.stack          0x0000000000022bf0     0x1000
                [!provide]                        PROVIDE (_heap_end = .)
                0x0000000000001000                . = __stack_size
 *fill*         0x0000000000022bf0     0x1000 
                0x0000000000023bf0                PROVIDE (_sp = .)
                0x0000000000023bf0                __freertos_irq_stack_top = .
LOAD c:/efinity/efinity-riscv-ide-2024.2/toolchain/bin/../lib/gcc/riscv-none-embed/8.3.0/../../../../riscv-none-embed/lib/rv32im/ilp32\libm.a
LOAD c:/efinity/efinity-riscv-ide-2024.2/toolchain/bin/../lib/gcc/riscv-none-embed/8.3.0/rv32im/ilp32\libgcc.a
START GROUP
LOAD c:/efinity/efinity-riscv-ide-2024.2/toolchain/bin/../lib/gcc/riscv-none-embed/8.3.0/rv32im/ilp32\libgcc.a
LOAD c:/efinity/efinity-riscv-ide-2024.2/toolchain/bin/../lib/gcc/riscv-none-embed/8.3.0/../../../../riscv-none-embed/lib/rv32im/ilp32\libg.a
LOAD c:/efinity/efinity-riscv-ide-2024.2/toolchain/bin/../lib/gcc/riscv-none-embed/8.3.0/../../../../riscv-none-embed/lib/rv32im/ilp32\libc.a
END GROUP
LOAD c:/efinity/efinity-riscv-ide-2024.2/toolchain/bin/../lib/gcc/riscv-none-embed/8.3.0/rv32im/ilp32\libgcc.a
START GROUP
LOAD c:/efinity/efinity-riscv-ide-2024.2/toolchain/bin/../lib/gcc/riscv-none-embed/8.3.0/rv32im/ilp32\libgcc.a
LOAD c:/efinity/efinity-riscv-ide-2024.2/toolchain/bin/../lib/gcc/riscv-none-embed/8.3.0/../../../../riscv-none-embed/lib/rv32im/ilp32\libc.a
LOAD c:/efinity/efinity-riscv-ide-2024.2/toolchain/bin/../lib/gcc/riscv-none-embed/8.3.0/../../../../riscv-none-embed/lib/rv32im/ilp32\libnosys.a
END GROUP
OUTPUT(build/lwip_iperf.elf elf32-littleriscv)

.debug_info     0x0000000000000000    0x5e0ad
 .debug_info    0x0000000000000000     0x2ded build/obj_files/main.o
 .debug_info    0x0000000000002ded     0x14ae build/obj_files/mac.o
 .debug_info    0x000000000000429b     0x1357 build/obj_files/rtl8211fd_drv.o
 .debug_info    0x00000000000055f2     0x3357 build/obj_files/lwiperf.o
 .debug_info    0x0000000000008949      0xa60 build/obj_files/common.o
 .debug_info    0x00000000000093a9     0x20fb build/obj_files/ethernetif.o
 .debug_info    0x000000000000b4a4      0x9a9 build/obj_files/sockets.o
 .debug_info    0x000000000000be4d      0x9a9 build/obj_files/api_msg.o
 .debug_info    0x000000000000c7f6      0x9d6 build/obj_files/err.o
 .debug_info    0x000000000000d1cc      0x9a9 build/obj_files/if_api.o
 .debug_info    0x000000000000db75      0x9a9 build/obj_files/netbuf.o
 .debug_info    0x000000000000e51e      0x9a9 build/obj_files/tcpip.o
 .debug_info    0x000000000000eec7      0x9a9 build/obj_files/netifapi.o
 .debug_info    0x000000000000f870      0x9a9 build/obj_files/api_lib.o
 .debug_info    0x0000000000010219      0x9a9 build/obj_files/netdb.o
 .debug_info    0x0000000000010bc2     0x114a build/obj_files/bridgeif.o
 .debug_info    0x0000000000011d0c      0x9a9 build/obj_files/lowpan6_common.o
 .debug_info    0x00000000000126b5      0x9a9 build/obj_files/lowpan6_ble.o
 .debug_info    0x000000000001305e      0x9a9 build/obj_files/lowpan6.o
 .debug_info    0x0000000000013a07      0x9a9 build/obj_files/zepif.o
 .debug_info    0x00000000000143b0     0x124f build/obj_files/bridgeif_fdb.o
 .debug_info    0x00000000000155ff     0x1a4d build/obj_files/ethernet.o
 .debug_info    0x000000000001704c      0x9a9 build/obj_files/fsm.o
 .debug_info    0x00000000000179f5      0x9a9 build/obj_files/upap.o
 .debug_info    0x000000000001839e      0x9a9 build/obj_files/demand.o
 .debug_info    0x0000000000018d47      0x9a9 build/obj_files/eui64.o
 .debug_info    0x00000000000196f0      0x9a9 build/obj_files/lcp.o
 .debug_info    0x000000000001a099      0x9a9 build/obj_files/ipcp.o
 .debug_info    0x000000000001aa42      0x9a9 build/obj_files/pppos.o
 .debug_info    0x000000000001b3eb      0x9a9 build/obj_files/mppe.o
 .debug_info    0x000000000001bd94      0x9a9 build/obj_files/multilink.o
 .debug_info    0x000000000001c73d      0x9a9 build/obj_files/pppcrypt.o
 .debug_info    0x000000000001d0e6      0x9a9 build/obj_files/pppoe.o
 .debug_info    0x000000000001da8f      0x9a9 build/obj_files/utils.o
 .debug_info    0x000000000001e438      0x9a9 build/obj_files/auth.o
 .debug_info    0x000000000001ede1      0x9a9 build/obj_files/chap-new.o
 .debug_info    0x000000000001f78a      0x9a9 build/obj_files/ccp.o
 .debug_info    0x0000000000020133      0x9a9 build/obj_files/ipv6cp.o
 .debug_info    0x0000000000020adc      0x9a9 build/obj_files/vj.o
 .debug_info    0x0000000000021485      0x9a9 build/obj_files/chap-md5.o
 .debug_info    0x0000000000021e2e      0x9a9 build/obj_files/ecp.o
 .debug_info    0x00000000000227d7      0x9a9 build/obj_files/ppp.o
 .debug_info    0x0000000000023180      0x9a9 build/obj_files/chap_ms.o
 .debug_info    0x0000000000023b29      0x9a9 build/obj_files/pppapi.o
 .debug_info    0x00000000000244d2      0x9a9 build/obj_files/magic.o
 .debug_info    0x0000000000024e7b      0x9a9 build/obj_files/pppol2tp.o
 .debug_info    0x0000000000025824      0x9a9 build/obj_files/eap.o
 .debug_info    0x00000000000261cd      0x9a9 build/obj_files/arc4.o
 .debug_info    0x0000000000026b76      0x9a9 build/obj_files/md5.o
 .debug_info    0x000000000002751f      0x9a9 build/obj_files/md4.o
 .debug_info    0x0000000000027ec8      0x9a9 build/obj_files/sha1.o
 .debug_info    0x0000000000028871      0x9a9 build/obj_files/des.o
 .debug_info    0x000000000002921a     0x3b76 build/obj_files/tcp_out.o
 .debug_info    0x000000000002cd90      0x9a9 build/obj_files/udp.o
 .debug_info    0x000000000002d739     0x348f build/obj_files/altcp_tcp.o
 .debug_info    0x0000000000030bc8      0xcdc build/obj_files/def.o
 .debug_info    0x00000000000318a4     0x2636 build/obj_files/altcp.o
 .debug_info    0x0000000000033eda      0xda3 build/obj_files/stats.o
 .debug_info    0x0000000000034c7d     0x3399 build/obj_files/netif.o
 .debug_info    0x0000000000038016     0x34c2 build/obj_files/pbuf.o
 .debug_info    0x000000000003b4d8     0x325e build/obj_files/tcp_in.o
 .debug_info    0x000000000003e736     0x1f8a build/obj_files/raw.o
 .debug_info    0x00000000000406c0     0x1298 build/obj_files/ip.o
 .debug_info    0x0000000000041958      0x9a9 build/obj_files/dns.o
 .debug_info    0x0000000000042301      0xa56 build/obj_files/altcp_alloc.o
 .debug_info    0x0000000000042d57     0x2331 build/obj_files/timeouts.o
 .debug_info    0x0000000000045088     0x3c88 build/obj_files/tcp.o
 .debug_info    0x0000000000048d10      0x9a9 build/obj_files/sys.o
 .debug_info    0x00000000000496b9     0x2276 build/obj_files/memp.o
 .debug_info    0x000000000004b92f     0x1a3b build/obj_files/init.o
 .debug_info    0x000000000004d36a     0x149a build/obj_files/inet_chksum.o
 .debug_info    0x000000000004e804     0x1950 build/obj_files/mem.o
 .debug_info    0x0000000000050154     0x1cce build/obj_files/icmp.o
 .debug_info    0x0000000000051e22      0x9a9 build/obj_files/autoip.o
 .debug_info    0x00000000000527cb     0x281c build/obj_files/ip4.o
 .debug_info    0x0000000000054fe7     0x21e9 build/obj_files/igmp.o
 .debug_info    0x00000000000571d0     0x188f build/obj_files/ip4_addr.o
 .debug_info    0x0000000000058a5f     0x2724 build/obj_files/etharp.o
 .debug_info    0x000000000005b183      0x9a9 build/obj_files/dhcp.o
 .debug_info    0x000000000005bb2c     0x2535 build/obj_files/ip4_frag.o
 .debug_info    0x000000000005e061       0x26 build/obj_files/start.o
 .debug_info    0x000000000005e087       0x26 build/obj_files/trap.o

.debug_abbrev   0x0000000000000000     0xe04c
 .debug_abbrev  0x0000000000000000      0x55d build/obj_files/main.o
 .debug_abbrev  0x000000000000055d      0x3ef build/obj_files/mac.o
 .debug_abbrev  0x000000000000094c      0x3e2 build/obj_files/rtl8211fd_drv.o
 .debug_abbrev  0x0000000000000d2e      0x4ce build/obj_files/lwiperf.o
 .debug_abbrev  0x00000000000011fc      0x299 build/obj_files/common.o
 .debug_abbrev  0x0000000000001495      0x543 build/obj_files/ethernetif.o
 .debug_abbrev  0x00000000000019d8      0x1e0 build/obj_files/sockets.o
 .debug_abbrev  0x0000000000001bb8      0x1e0 build/obj_files/api_msg.o
 .debug_abbrev  0x0000000000001d98      0x1e0 build/obj_files/err.o
 .debug_abbrev  0x0000000000001f78      0x1e0 build/obj_files/if_api.o
 .debug_abbrev  0x0000000000002158      0x1e0 build/obj_files/netbuf.o
 .debug_abbrev  0x0000000000002338      0x1e0 build/obj_files/tcpip.o
 .debug_abbrev  0x0000000000002518      0x1e0 build/obj_files/netifapi.o
 .debug_abbrev  0x00000000000026f8      0x1e0 build/obj_files/api_lib.o
 .debug_abbrev  0x00000000000028d8      0x1e0 build/obj_files/netdb.o
 .debug_abbrev  0x0000000000002ab8      0x21e build/obj_files/bridgeif.o
 .debug_abbrev  0x0000000000002cd6      0x1e0 build/obj_files/lowpan6_common.o
 .debug_abbrev  0x0000000000002eb6      0x1e0 build/obj_files/lowpan6_ble.o
 .debug_abbrev  0x0000000000003096      0x1e0 build/obj_files/lowpan6.o
 .debug_abbrev  0x0000000000003276      0x1e0 build/obj_files/zepif.o
 .debug_abbrev  0x0000000000003456      0x3ba build/obj_files/bridgeif_fdb.o
 .debug_abbrev  0x0000000000003810      0x471 build/obj_files/ethernet.o
 .debug_abbrev  0x0000000000003c81      0x1e0 build/obj_files/fsm.o
 .debug_abbrev  0x0000000000003e61      0x1e0 build/obj_files/upap.o
 .debug_abbrev  0x0000000000004041      0x1e0 build/obj_files/demand.o
 .debug_abbrev  0x0000000000004221      0x1e0 build/obj_files/eui64.o
 .debug_abbrev  0x0000000000004401      0x1e0 build/obj_files/lcp.o
 .debug_abbrev  0x00000000000045e1      0x1e0 build/obj_files/ipcp.o
 .debug_abbrev  0x00000000000047c1      0x1e0 build/obj_files/pppos.o
 .debug_abbrev  0x00000000000049a1      0x1e0 build/obj_files/mppe.o
 .debug_abbrev  0x0000000000004b81      0x1e0 build/obj_files/multilink.o
 .debug_abbrev  0x0000000000004d61      0x1e0 build/obj_files/pppcrypt.o
 .debug_abbrev  0x0000000000004f41      0x1e0 build/obj_files/pppoe.o
 .debug_abbrev  0x0000000000005121      0x1e0 build/obj_files/utils.o
 .debug_abbrev  0x0000000000005301      0x1e0 build/obj_files/auth.o
 .debug_abbrev  0x00000000000054e1      0x1e0 build/obj_files/chap-new.o
 .debug_abbrev  0x00000000000056c1      0x1e0 build/obj_files/ccp.o
 .debug_abbrev  0x00000000000058a1      0x1e0 build/obj_files/ipv6cp.o
 .debug_abbrev  0x0000000000005a81      0x1e0 build/obj_files/vj.o
 .debug_abbrev  0x0000000000005c61      0x1e0 build/obj_files/chap-md5.o
 .debug_abbrev  0x0000000000005e41      0x1e0 build/obj_files/ecp.o
 .debug_abbrev  0x0000000000006021      0x1e0 build/obj_files/ppp.o
 .debug_abbrev  0x0000000000006201      0x1e0 build/obj_files/chap_ms.o
 .debug_abbrev  0x00000000000063e1      0x1e0 build/obj_files/pppapi.o
 .debug_abbrev  0x00000000000065c1      0x1e0 build/obj_files/magic.o
 .debug_abbrev  0x00000000000067a1      0x1e0 build/obj_files/pppol2tp.o
 .debug_abbrev  0x0000000000006981      0x1e0 build/obj_files/eap.o
 .debug_abbrev  0x0000000000006b61      0x1e0 build/obj_files/arc4.o
 .debug_abbrev  0x0000000000006d41      0x1e0 build/obj_files/md5.o
 .debug_abbrev  0x0000000000006f21      0x1e0 build/obj_files/md4.o
 .debug_abbrev  0x0000000000007101      0x1e0 build/obj_files/sha1.o
 .debug_abbrev  0x00000000000072e1      0x1e0 build/obj_files/des.o
 .debug_abbrev  0x00000000000074c1      0x508 build/obj_files/tcp_out.o
 .debug_abbrev  0x00000000000079c9      0x1e0 build/obj_files/udp.o
 .debug_abbrev  0x0000000000007ba9      0x4ba build/obj_files/altcp_tcp.o
 .debug_abbrev  0x0000000000008063      0x2bf build/obj_files/def.o
 .debug_abbrev  0x0000000000008322      0x3ca build/obj_files/altcp.o
 .debug_abbrev  0x00000000000086ec      0x242 build/obj_files/stats.o
 .debug_abbrev  0x000000000000892e      0x540 build/obj_files/netif.o
 .debug_abbrev  0x0000000000008e6e      0x585 build/obj_files/pbuf.o
 .debug_abbrev  0x00000000000093f3      0x4f7 build/obj_files/tcp_in.o
 .debug_abbrev  0x00000000000098ea      0x4fc build/obj_files/raw.o
 .debug_abbrev  0x0000000000009de6      0x240 build/obj_files/ip.o
 .debug_abbrev  0x000000000000a026      0x1e0 build/obj_files/dns.o
 .debug_abbrev  0x000000000000a206      0x1e7 build/obj_files/altcp_alloc.o
 .debug_abbrev  0x000000000000a3ed      0x4b2 build/obj_files/timeouts.o
 .debug_abbrev  0x000000000000a89f      0x54a build/obj_files/tcp.o
 .debug_abbrev  0x000000000000ade9      0x1e0 build/obj_files/sys.o
 .debug_abbrev  0x000000000000afc9      0x495 build/obj_files/memp.o
 .debug_abbrev  0x000000000000b45e      0x291 build/obj_files/init.o
 .debug_abbrev  0x000000000000b6ef      0x3f4 build/obj_files/inet_chksum.o
 .debug_abbrev  0x000000000000bae3      0x496 build/obj_files/mem.o
 .debug_abbrev  0x000000000000bf79      0x4a9 build/obj_files/icmp.o
 .debug_abbrev  0x000000000000c422      0x1e0 build/obj_files/autoip.o
 .debug_abbrev  0x000000000000c602      0x4f1 build/obj_files/ip4.o
 .debug_abbrev  0x000000000000caf3      0x53c build/obj_files/igmp.o
 .debug_abbrev  0x000000000000d02f      0x47f build/obj_files/ip4_addr.o
 .debug_abbrev  0x000000000000d4ae      0x4bd build/obj_files/etharp.o
 .debug_abbrev  0x000000000000d96b      0x1e0 build/obj_files/dhcp.o
 .debug_abbrev  0x000000000000db4b      0x4d9 build/obj_files/ip4_frag.o
 .debug_abbrev  0x000000000000e024       0x14 build/obj_files/start.o
 .debug_abbrev  0x000000000000e038       0x14 build/obj_files/trap.o

.debug_loc      0x0000000000000000    0x16f58
 .debug_loc     0x0000000000000000      0xf13 build/obj_files/main.o
 .debug_loc     0x0000000000000f13      0x684 build/obj_files/mac.o
 .debug_loc     0x0000000000001597      0x49c build/obj_files/rtl8211fd_drv.o
 .debug_loc     0x0000000000001a33     0x1513 build/obj_files/lwiperf.o
 .debug_loc     0x0000000000002f46       0x5a build/obj_files/common.o
 .debug_loc     0x0000000000002fa0      0xa67 build/obj_files/ethernetif.o
 .debug_loc     0x0000000000003a07      0x5f2 build/obj_files/bridgeif_fdb.o
 .debug_loc     0x0000000000003ff9      0x48b build/obj_files/ethernet.o
 .debug_loc     0x0000000000004484     0x23de build/obj_files/tcp_out.o
 .debug_loc     0x0000000000006862     0x152c build/obj_files/altcp_tcp.o
 .debug_loc     0x0000000000007d8e      0x4bb build/obj_files/def.o
 .debug_loc     0x0000000000008249     0x115b build/obj_files/altcp.o
 .debug_loc     0x00000000000093a4     0x141c build/obj_files/netif.o
 .debug_loc     0x000000000000a7c0     0x2006 build/obj_files/pbuf.o
 .debug_loc     0x000000000000c7c6      0xca6 build/obj_files/tcp_in.o
 .debug_loc     0x000000000000d46c      0xb3d build/obj_files/raw.o
 .debug_loc     0x000000000000dfa9      0x6d3 build/obj_files/timeouts.o
 .debug_loc     0x000000000000e67c     0x1feb build/obj_files/tcp.o
 .debug_loc     0x0000000000010667      0x500 build/obj_files/memp.o
 .debug_loc     0x0000000000010b67       0x14 build/obj_files/init.o
 .debug_loc     0x0000000000010b7b      0xad6 build/obj_files/inet_chksum.o
 .debug_loc     0x0000000000011651      0x8ad build/obj_files/mem.o
 .debug_loc     0x0000000000011efe      0x5cc build/obj_files/icmp.o
 .debug_loc     0x00000000000124ca      0xd0f build/obj_files/ip4.o
 .debug_loc     0x00000000000131d9      0xd74 build/obj_files/igmp.o
 .debug_loc     0x0000000000013f4d      0x726 build/obj_files/ip4_addr.o
 .debug_loc     0x0000000000014673     0x16af build/obj_files/etharp.o
 .debug_loc     0x0000000000015d22     0x1236 build/obj_files/ip4_frag.o

.debug_aranges  0x0000000000000000      0x8a8
 .debug_aranges
                0x0000000000000000       0x20 build/obj_files/main.o
 .debug_aranges
                0x0000000000000020       0x20 build/obj_files/mac.o
 .debug_aranges
                0x0000000000000040       0x20 build/obj_files/rtl8211fd_drv.o
 .debug_aranges
                0x0000000000000060       0x20 build/obj_files/lwiperf.o
 .debug_aranges
                0x0000000000000080       0x20 build/obj_files/common.o
 .debug_aranges
                0x00000000000000a0       0x20 build/obj_files/ethernetif.o
 .debug_aranges
                0x00000000000000c0       0x18 build/obj_files/sockets.o
 .debug_aranges
                0x00000000000000d8       0x18 build/obj_files/api_msg.o
 .debug_aranges
                0x00000000000000f0       0x18 build/obj_files/err.o
 .debug_aranges
                0x0000000000000108       0x18 build/obj_files/if_api.o
 .debug_aranges
                0x0000000000000120       0x18 build/obj_files/netbuf.o
 .debug_aranges
                0x0000000000000138       0x18 build/obj_files/tcpip.o
 .debug_aranges
                0x0000000000000150       0x18 build/obj_files/netifapi.o
 .debug_aranges
                0x0000000000000168       0x18 build/obj_files/api_lib.o
 .debug_aranges
                0x0000000000000180       0x18 build/obj_files/netdb.o
 .debug_aranges
                0x0000000000000198       0x18 build/obj_files/bridgeif.o
 .debug_aranges
                0x00000000000001b0       0x18 build/obj_files/lowpan6_common.o
 .debug_aranges
                0x00000000000001c8       0x18 build/obj_files/lowpan6_ble.o
 .debug_aranges
                0x00000000000001e0       0x18 build/obj_files/lowpan6.o
 .debug_aranges
                0x00000000000001f8       0x18 build/obj_files/zepif.o
 .debug_aranges
                0x0000000000000210       0x20 build/obj_files/bridgeif_fdb.o
 .debug_aranges
                0x0000000000000230       0x20 build/obj_files/ethernet.o
 .debug_aranges
                0x0000000000000250       0x18 build/obj_files/fsm.o
 .debug_aranges
                0x0000000000000268       0x18 build/obj_files/upap.o
 .debug_aranges
                0x0000000000000280       0x18 build/obj_files/demand.o
 .debug_aranges
                0x0000000000000298       0x18 build/obj_files/eui64.o
 .debug_aranges
                0x00000000000002b0       0x18 build/obj_files/lcp.o
 .debug_aranges
                0x00000000000002c8       0x18 build/obj_files/ipcp.o
 .debug_aranges
                0x00000000000002e0       0x18 build/obj_files/pppos.o
 .debug_aranges
                0x00000000000002f8       0x18 build/obj_files/mppe.o
 .debug_aranges
                0x0000000000000310       0x18 build/obj_files/multilink.o
 .debug_aranges
                0x0000000000000328       0x18 build/obj_files/pppcrypt.o
 .debug_aranges
                0x0000000000000340       0x18 build/obj_files/pppoe.o
 .debug_aranges
                0x0000000000000358       0x18 build/obj_files/utils.o
 .debug_aranges
                0x0000000000000370       0x18 build/obj_files/auth.o
 .debug_aranges
                0x0000000000000388       0x18 build/obj_files/chap-new.o
 .debug_aranges
                0x00000000000003a0       0x18 build/obj_files/ccp.o
 .debug_aranges
                0x00000000000003b8       0x18 build/obj_files/ipv6cp.o
 .debug_aranges
                0x00000000000003d0       0x18 build/obj_files/vj.o
 .debug_aranges
                0x00000000000003e8       0x18 build/obj_files/chap-md5.o
 .debug_aranges
                0x0000000000000400       0x18 build/obj_files/ecp.o
 .debug_aranges
                0x0000000000000418       0x18 build/obj_files/ppp.o
 .debug_aranges
                0x0000000000000430       0x18 build/obj_files/chap_ms.o
 .debug_aranges
                0x0000000000000448       0x18 build/obj_files/pppapi.o
 .debug_aranges
                0x0000000000000460       0x18 build/obj_files/magic.o
 .debug_aranges
                0x0000000000000478       0x18 build/obj_files/pppol2tp.o
 .debug_aranges
                0x0000000000000490       0x18 build/obj_files/eap.o
 .debug_aranges
                0x00000000000004a8       0x18 build/obj_files/arc4.o
 .debug_aranges
                0x00000000000004c0       0x18 build/obj_files/md5.o
 .debug_aranges
                0x00000000000004d8       0x18 build/obj_files/md4.o
 .debug_aranges
                0x00000000000004f0       0x18 build/obj_files/sha1.o
 .debug_aranges
                0x0000000000000508       0x18 build/obj_files/des.o
 .debug_aranges
                0x0000000000000520       0x20 build/obj_files/tcp_out.o
 .debug_aranges
                0x0000000000000540       0x18 build/obj_files/udp.o
 .debug_aranges
                0x0000000000000558       0x20 build/obj_files/altcp_tcp.o
 .debug_aranges
                0x0000000000000578       0x20 build/obj_files/def.o
 .debug_aranges
                0x0000000000000598       0x20 build/obj_files/altcp.o
 .debug_aranges
                0x00000000000005b8       0x20 build/obj_files/stats.o
 .debug_aranges
                0x00000000000005d8       0x20 build/obj_files/netif.o
 .debug_aranges
                0x00000000000005f8       0x20 build/obj_files/pbuf.o
 .debug_aranges
                0x0000000000000618       0x20 build/obj_files/tcp_in.o
 .debug_aranges
                0x0000000000000638       0x20 build/obj_files/raw.o
 .debug_aranges
                0x0000000000000658       0x18 build/obj_files/ip.o
 .debug_aranges
                0x0000000000000670       0x18 build/obj_files/dns.o
 .debug_aranges
                0x0000000000000688       0x18 build/obj_files/altcp_alloc.o
 .debug_aranges
                0x00000000000006a0       0x20 build/obj_files/timeouts.o
 .debug_aranges
                0x00000000000006c0       0x20 build/obj_files/tcp.o
 .debug_aranges
                0x00000000000006e0       0x18 build/obj_files/sys.o
 .debug_aranges
                0x00000000000006f8       0x20 build/obj_files/memp.o
 .debug_aranges
                0x0000000000000718       0x20 build/obj_files/init.o
 .debug_aranges
                0x0000000000000738       0x20 build/obj_files/inet_chksum.o
 .debug_aranges
                0x0000000000000758       0x20 build/obj_files/mem.o
 .debug_aranges
                0x0000000000000778       0x20 build/obj_files/icmp.o
 .debug_aranges
                0x0000000000000798       0x18 build/obj_files/autoip.o
 .debug_aranges
                0x00000000000007b0       0x20 build/obj_files/ip4.o
 .debug_aranges
                0x00000000000007d0       0x20 build/obj_files/igmp.o
 .debug_aranges
                0x00000000000007f0       0x20 build/obj_files/ip4_addr.o
 .debug_aranges
                0x0000000000000810       0x20 build/obj_files/etharp.o
 .debug_aranges
                0x0000000000000830       0x18 build/obj_files/dhcp.o
 .debug_aranges
                0x0000000000000848       0x20 build/obj_files/ip4_frag.o
 .debug_aranges
                0x0000000000000868       0x20 build/obj_files/start.o
 .debug_aranges
                0x0000000000000888       0x20 build/obj_files/trap.o

.debug_ranges   0x0000000000000000      0x7c0
 .debug_ranges  0x0000000000000000       0x60 build/obj_files/main.o
 .debug_ranges  0x0000000000000060       0x18 build/obj_files/lwiperf.o
 .debug_ranges  0x0000000000000078       0x30 build/obj_files/bridgeif_fdb.o
 .debug_ranges  0x00000000000000a8      0x108 build/obj_files/tcp_out.o
 .debug_ranges  0x00000000000001b0       0x60 build/obj_files/altcp_tcp.o
 .debug_ranges  0x0000000000000210       0x30 build/obj_files/def.o
 .debug_ranges  0x0000000000000240       0x30 build/obj_files/netif.o
 .debug_ranges  0x0000000000000270       0xa8 build/obj_files/pbuf.o
 .debug_ranges  0x0000000000000318      0x110 build/obj_files/tcp_in.o
 .debug_ranges  0x0000000000000428       0x20 build/obj_files/raw.o
 .debug_ranges  0x0000000000000448       0x18 build/obj_files/timeouts.o