Archive member included to satisfy reference by file (symbol)

c:/efinity/efinity-riscv-ide-2024.2/toolchain/bin/../lib/gcc/riscv-none-embed/8.3.0/../../../../riscv-none-embed/lib/rv32im/ilp32\libc.a(lib_a-atoi.o)
                              build/obj_files/netif.o (atoi)
c:/efinity/efinity-riscv-ide-2024.2/toolchain/bin/../lib/gcc/riscv-none-embed/8.3.0/../../../../riscv-none-embed/lib/rv32im/ilp32\libc.a(lib_a-ctype_.o)
                              build/obj_files/ip4_addr.o (_ctype_)
c:/efinity/efinity-riscv-ide-2024.2/toolchain/bin/../lib/gcc/riscv-none-embed/8.3.0/../../../../riscv-none-embed/lib/rv32im/ilp32\libc.a(lib_a-init.o)
                              build/obj_files/start.o (__libc_init_array)
c:/efinity/efinity-riscv-ide-2024.2/toolchain/bin/../lib/gcc/riscv-none-embed/8.3.0/../../../../riscv-none-embed/lib/rv32im/ilp32\libc.a(lib_a-malloc.o)
                              build/obj_files/main.o (malloc)
c:/efinity/efinity-riscv-ide-2024.2/toolchain/bin/../lib/gcc/riscv-none-embed/8.3.0/../../../../riscv-none-embed/lib/rv32im/ilp32\libc.a(lib_a-mallocr.o)
                              c:/efinity/efinity-riscv-ide-2024.2/toolchain/bin/../lib/gcc/riscv-none-embed/8.3.0/../../../../riscv-none-embed/lib/rv32im/ilp32\libc.a(lib_a-malloc.o) (_malloc_r)
c:/efinity/efinity-riscv-ide-2024.2/toolchain/bin/../lib/gcc/riscv-none-embed/8.3.0/../../../../riscv-none-embed/lib/rv32im/ilp32\libc.a(lib_a-memcmp.o)
                              build/obj_files/bridgeif_fdb.o (memcmp)
c:/efinity/efinity-riscv-ide-2024.2/toolchain/bin/../lib/gcc/riscv-none-embed/8.3.0/../../../../riscv-none-embed/lib/rv32im/ilp32\libc.a(lib_a-memcpy.o)
                              build/obj_files/lwiperf.o (memcpy)
c:/efinity/efinity-riscv-ide-2024.2/toolchain/bin/../lib/gcc/riscv-none-embed/8.3.0/../../../../riscv-none-embed/lib/rv32im/ilp32\libc.a(lib_a-memmove-stub.o)
                              build/obj_files/def.o (memmove)
c:/efinity/efinity-riscv-ide-2024.2/toolchain/bin/../lib/gcc/riscv-none-embed/8.3.0/../../../../riscv-none-embed/lib/rv32im/ilp32\libc.a(lib_a-memset.o)
                              build/obj_files/lwiperf.o (memset)
c:/efinity/efinity-riscv-ide-2024.2/toolchain/bin/../lib/gcc/riscv-none-embed/8.3.0/../../../../riscv-none-embed/lib/rv32im/ilp32\libc.a(lib_a-mlock.o)
                              c:/efinity/efinity-riscv-ide-2024.2/toolchain/bin/../lib/gcc/riscv-none-embed/8.3.0/../../../../riscv-none-embed/lib/rv32im/ilp32\libc.a(lib_a-mallocr.o) (__malloc_lock)
c:/efinity/efinity-riscv-ide-2024.2/toolchain/bin/../lib/gcc/riscv-none-embed/8.3.0/../../../../riscv-none-embed/lib/rv32im/ilp32\libc.a(lib_a-rand.o)
                              build/obj_files/tcp.o (rand)
c:/efinity/efinity-riscv-ide-2024.2/toolchain/bin/../lib/gcc/riscv-none-embed/8.3.0/../../../../riscv-none-embed/lib/rv32im/ilp32\libc.a(lib_a-sbrkr.o)
                              c:/efinity/efinity-riscv-ide-2024.2/toolchain/bin/../lib/gcc/riscv-none-embed/8.3.0/../../../../riscv-none-embed/lib/rv32im/ilp32\libc.a(lib_a-mallocr.o) (_sbrk_r)
c:/efinity/efinity-riscv-ide-2024.2/toolchain/bin/../lib/gcc/riscv-none-embed/8.3.0/../../../../riscv-none-embed/lib/rv32im/ilp32\libc.a(lib_a-strlen.o)
                              build/obj_files/def.o (strlen)
c:/efinity/efinity-riscv-ide-2024.2/toolchain/bin/../lib/gcc/riscv-none-embed/8.3.0/../../../../riscv-none-embed/lib/rv32im/ilp32\libc.a(lib_a-strncmp.o)
                              build/obj_files/def.o (strncmp)
c:/efinity/efinity-riscv-ide-2024.2/toolchain/bin/../lib/gcc/riscv-none-embed/8.3.0/../../../../riscv-none-embed/lib/rv32im/ilp32\libc.a(lib_a-strtol.o)
                              c:/efinity/efinity-riscv-ide-2024.2/toolchain/bin/../lib/gcc/riscv-none-embed/8.3.0/../../../../riscv-none-embed/lib/rv32im/ilp32\libc.a(lib_a-atoi.o) (_strtol_r)
c:/efinity/efinity-riscv-ide-2024.2/toolchain/bin/../lib/gcc/riscv-none-embed/8.3.0/../../../../riscv-none-embed/lib/rv32im/ilp32\libc.a(lib_a-freer.o)
                              c:/efinity/efinity-riscv-ide-2024.2/toolchain/bin/../lib/gcc/riscv-none-embed/8.3.0/../../../../riscv-none-embed/lib/rv32im/ilp32\libc.a(lib_a-malloc.o) (_free_r)
c:/efinity/efinity-riscv-ide-2024.2/toolchain/bin/../lib/gcc/riscv-none-embed/8.3.0/../../../../riscv-none-embed/lib/rv32im/ilp32\libc.a(lib_a-impure.o)
                              c:/efinity/efinity-riscv-ide-2024.2/toolchain/bin/../lib/gcc/riscv-none-embed/8.3.0/../../../../riscv-none-embed/lib/rv32im/ilp32\libc.a(lib_a-malloc.o) (_impure_ptr)
c:/efinity/efinity-riscv-ide-2024.2/toolchain/bin/../lib/gcc/riscv-none-embed/8.3.0/../../../../riscv-none-embed/lib/rv32im/ilp32\libc.a(lib_a-reent.o)
                              c:/efinity/efinity-riscv-ide-2024.2/toolchain/bin/../lib/gcc/riscv-none-embed/8.3.0/../../../../riscv-none-embed/lib/rv32im/ilp32\libc.a(lib_a-sbrkr.o) (errno)
[...]
Memory Configuration

Name             Origin             Length             Attributes
ram              0x0000000000001000 0x000000000007f000 axwl !r
*default*        0x0000000000000000 0xffffffffffffffff

Linker script and memory map

LOAD build/obj_files/main.o
LOAD build/obj_files/mac.o
LOAD build/obj_files/rtl8211fd_drv.o
LOAD build/obj_files/lwiperf.o
LOAD build/obj_files/common.o
LOAD build/obj_files/ethernetif.o
LOAD build/obj_files/sockets.o
LOAD build/obj_files/api_msg.o
LOAD build/obj_files/err.o
LOAD build/obj_files/if_api.o
LOAD build/obj_files/netbuf.o
LOAD build/obj_files/tcpip.o
LOAD build/obj_files/netifapi.o
LOAD build/obj_files/api_lib.o
LOAD build/obj_files/netdb.o
LOAD build/obj_files/bridgeif.o
LOAD build/obj_files/lowpan6_common.o
LOAD build/obj_files/lowpan6_ble.o
LOAD build/obj_files/lowpan6.o
LOAD build/obj_files/zepif.o
LOAD build/obj_files/bridgeif_fdb.o
LOAD build/obj_files/ethernet.o
LOAD build/obj_files/fsm.o
LOAD build/obj_files/upap.o
LOAD build/obj_files/demand.o
LOAD build/obj_files/eui64.o
LOAD build/obj_files/lcp.o
LOAD build/obj_files/ipcp.o
LOAD build/obj_files/pppos.o
LOAD build/obj_files/mppe.o
LOAD build/obj_files/multilink.o
LOAD build/obj_files/pppcrypt.o
LOAD build/obj_files/pppoe.o
LOAD build/obj_files/utils.o
LOAD build/obj_files/auth.o
LOAD build/obj_files/chap-new.o
LOAD build/obj_files/ccp.o
LOAD build/obj_files/ipv6cp.o
LOAD build/obj_files/vj.o
LOAD build/obj_files/chap-md5.o
LOAD build/obj_files/ecp.o
LOAD build/obj_files/ppp.o
LOAD build/obj_files/chap_ms.o
LOAD build/obj_files/pppapi.o
LOAD build/obj_files/magic.o
LOAD build/obj_files/pppol2tp.o
LOAD build/obj_files/eap.o
LOAD build/obj_files/arc4.o
LOAD build/obj_files/md5.o
LOAD build/obj_files/md4.o
LOAD build/obj_files/sha1.o
LOAD build/obj_files/des.o
LOAD build/obj_files/tcp_out.o
LOAD build/obj_files/udp.o
LOAD build/obj_files/altcp_tcp.o
LOAD build/obj_files/def.o
LOAD build/obj_files/altcp.o
LOAD build/obj_files/stats.o
LOAD build/obj_files/netif.o
LOAD build/obj_files/pbuf.o
LOAD build/obj_files/tcp_in.o
LOAD build/obj_files/raw.o
LOAD build/obj_files/ip.o
LOAD build/obj_files/dns.o
LOAD build/obj_files/altcp_alloc.o
LOAD build/obj_files/timeouts.o
LOAD build/obj_files/tcp.o
LOAD build/obj_files/sys.o
LOAD build/obj_files/memp.o
LOAD build/obj_files/init.o
LOAD build/obj_files/inet_chksum.o
LOAD build/obj_files/mem.o
LOAD build/obj_files/icmp.o
LOAD build/obj_files/autoip.o
LOAD build/obj_files/ip4.o
LOAD build/obj_files/igmp.o
LOAD build/obj_files/ip4_addr.o
LOAD build/obj_files/etharp.o
LOAD build/obj_files/dhcp.o
LOAD build/obj_files/ip4_frag.o
LOAD build/obj_files/start.o
LOAD build/obj_files/trap.o
LOAD c:/efinity/efinity-riscv-ide-2024.2/toolchain/bin/../lib/gcc/riscv-none-embed/8.3.0/../../../../riscv-none-embed/lib/rv32im/ilp32\libc.a
LOAD c:/efinity/efinity-riscv-ide-2024.2/toolchain/bin/../lib/gcc/riscv-none-embed/8.3.0/rv32im/ilp32\libgcc.a
                0x0000000000001000                __stack_size = DEFINED (__stack_size)?__stack_size:0x1000

.init           0x0000000000001000       0x68
 *(SORT_NONE(.init))
 .init          0x0000000000001000       0x68 build/obj_files/start.o
                0x0000000000001000                _start
                0x0000000000001064                _init

.text           0x0000000000001068    0x1b95c
 *(.text.Proc_1)
 *(.text.Proc_2)
 *(.text.Proc_3)
 *(.text.Proc_4)
 *(.text.Proc_5)
 *(.text.Proc_6)
 *(.text.Proc_7)
 *(.text.Proc_8)
 *(.text.Func_1)
 *(.text.Func_2)
 *(.text.Func_3)
 *(.text.strcpy)
 *libc.a:*(.text .text.*)
 .text          0x0000000000001068        0x0 c:/efinity/efinity-riscv-ide-2024.2/toolchain/bin/../lib/gcc/riscv-none-embed/8.3.0/../../../../riscv-none-embed/lib/rv32im/ilp32\libc.a(lib_a-atoi.o)
 .text.atoi     0x0000000000001068        0xc c:/efinity/efinity-riscv-ide-2024.2/toolchain/bin/../lib/gcc/riscv-none-embed/8.3.0/../../../../riscv-none-embed/lib/rv32im/ilp32\libc.a(lib_a-atoi.o)
                0x0000000000001068                atoi
 .text._atoi_r  0x0000000000001074        0xc c:/efinity/efinity-riscv-ide-2024.2/toolchain/bin/../lib/gcc/riscv-none-embed/8.3.0/../../../../riscv-none-embed/lib/rv32im/ilp32\libc.a(lib_a-atoi.o)
                0x0000000000001074                _atoi_r
 .text          0x0000000000001080        0x0 c:/efinity/efinity-riscv-ide-2024.2/toolchain/bin/../lib/gcc/riscv-none-embed/8.3.0/../../../../riscv-none-embed/lib/rv32im/ilp32\libc.a(lib_a-ctype_.o)
 .text          0x0000000000001080        0x0 c:/efinity/efinity-riscv-ide-2024.2/toolchain/bin/../lib/gcc/riscv-none-embed/8.3.0/../../../../riscv-none-embed/lib/rv32im/ilp32\libc.a(lib_a-init.o)
 .text.__libc_init_array
                0x0000000000001080       0x94 c:/efinity/efinity-riscv-ide-2024.2/toolchain/bin/../lib/gcc/riscv-none-embed/8.3.0/../../../../riscv-none-embed/lib/rv32im/ilp32\libc.a(lib_a-init.o)
                0x0000000000001080                __libc_init_array
 .text          0x0000000000001114        0x0 c:/efinity/efinity-riscv-ide-2024.2/toolchain/bin/../lib/gcc/riscv-none-embed/8.3.0/../../../../riscv-none-embed/lib/rv32im/ilp32\libc.a(lib_a-malloc.o)
 .text.malloc   0x0000000000001114       0x10 c:/efinity/efinity-riscv-ide-2024.2/toolchain/bin/../lib/gcc/riscv-none-embed/8.3.0/../../../../riscv-none-embed/lib/rv32im/ilp32\libc.a(lib_a-malloc.o)
                0x0000000000001114                malloc
 .text.free     0x0000000000001124       0x10 c:/efinity/efinity-riscv-ide-2024.2/toolchain/bin/../lib/gcc/riscv-none-embed/8.3.0/../../../../riscv-none-embed/lib/rv32im/ilp32\libc.a(lib_a-malloc.o)
                0x0000000000001124                free
 .text          0x0000000000001134        0x0 c:/efinity/efinity-riscv-ide-2024.2/toolchain/bin/../lib/gcc/riscv-none-embed/8.3.0/../../../../riscv-none-embed/lib/rv32im/ilp32\libc.a(lib_a-mallocr.o)
 .text._malloc_r
                0x0000000000001134      0x808 c:/efinity/efinity-riscv-ide-2024.2/toolchain/bin/../lib/gcc/riscv-none-embed/8.3.0/../../../../riscv-none-embed/lib/rv32im/ilp32\libc.a(lib_a-mallocr.o)
                0x0000000000001134                _malloc_r
 .text          0x000000000000193c        0x0 c:/efinity/efinity-riscv-ide-2024.2/toolchain/bin/../lib/gcc/riscv-none-embed/8.3.0/../../../../riscv-none-embed/lib/rv32im/ilp32\libc.a(lib_a-memcmp.o)
 .text.memcmp   0x000000000000193c       0x88 c:/efinity/efinity-riscv-ide-2024.2/toolchain/bin/../lib/gcc/riscv-none-embed/8.3.0/../../../../riscv-none-embed/lib/rv32im/ilp32\libc.a(lib_a-memcmp.o)
                0x000000000000193c                memcmp
 .text          0x00000000000019c4        0x0 c:/efinity/efinity-riscv-ide-2024.2/toolchain/bin/../lib/gcc/riscv-none-embed/8.3.0/../../../../riscv-none-embed/lib/rv32im/ilp32\libc.a(lib_a-memcpy.o)
 .text.memcpy   0x00000000000019c4      0x11c c:/efinity/efinity-riscv-ide-2024.2/toolchain/bin/../lib/gcc/riscv-none-embed/8.3.0/../../../../riscv-none-embed/lib/rv32im/ilp32\libc.a(lib_a-memcpy.o)
                0x00000000000019c4                memcpy
 .text          0x0000000000001ae0        0x0 c:/efinity/efinity-riscv-ide-2024.2/toolchain/bin/../lib/gcc/riscv-none-embed/8.3.0/../../../../riscv-none-embed/lib/rv32im/ilp32\libc.a(lib_a-memmove-stub.o)
 .text.memmove  0x0000000000001ae0      0x120 c:/efinity/efinity-riscv-ide-2024.2/toolchain/bin/../lib/gcc/riscv-none-embed/8.3.0/../../../../riscv-none-embed/lib/rv32im/ilp32\libc.a(lib_a-memmove-stub.o)
                0x0000000000001ae0                memmove
 .text          0x0000000000001c00       0xdc c:/efinity/efinity-riscv-ide-2024.2/toolchain/bin/../lib/gcc/riscv-none-embed/8.3.0/../../../../riscv-none-embed/lib/rv32im/ilp32\libc.a(lib_a-memset.o)
                0x0000000000001c00                memset
 .text          0x0000000000001cdc        0x0 c:/efinity/efinity-riscv-ide-2024.2/toolchain/bin/../lib/gcc/riscv-none-embed/8.3.0/../../../../riscv-none-embed/lib/rv32im/ilp32\libc.a(lib_a-mlock.o)
 .text.__malloc_lock
                0x0000000000001cdc        0x4 c:/efinity/efinity-riscv-ide-2024.2/toolchain/bin/../lib/gcc/riscv-none-embed/8.3.0/../../../../riscv-none-embed/lib/rv32im/ilp32\libc.a(lib_a-mlock.o)
                0x0000000000001cdc                __malloc_lock
 .text.__malloc_unlock
                0x0000000000001ce0        0x4 c:/efinity/efinity-riscv-ide-2024.2/toolchain/bin/../lib/gcc/riscv-none-embed/8.3.0/../../../../riscv-none-embed/lib/rv32im/ilp32\libc.a(lib_a-mlock.o)
                0x0000000000001ce0                __malloc_unlock
 .text          0x0000000000001ce4        0x0 c:/efinity/efinity-riscv-ide-2024.2/toolchain/bin/../lib/gcc/riscv-none-embed/8.3.0/../../../../riscv-none-embed/lib/rv32im/ilp32\libc.a(lib_a-rand.o)
 .text.srand    0x0000000000001ce4       0x14 c:/efinity/efinity-riscv-ide-2024.2/toolchain/bin/../lib/gcc/riscv-none-embed/8.3.0/../../../../riscv-none-embed/lib/rv32im/ilp32\libc.a(lib_a-rand.o)
                0x0000000000001ce4                srand
 .text.rand     0x0000000000001cf8       0x58 c:/efinity/efinity-riscv-ide-2024.2/toolchain/bin/../lib/gcc/riscv-none-embed/8.3.0/../../../../riscv-none-embed/lib/rv32im/ilp32\libc.a(lib_a-rand.o)
                0x0000000000001cf8                rand
 .text          0x0000000000001d50        0x0 c:/efinity/efinity-riscv-ide-2024.2/toolchain/bin/../lib/gcc/riscv-none-embed/8.3.0/../../../../riscv-none-embed/lib/rv32im/ilp32\libc.a(lib_a-sbrkr.o)
 .text._sbrk_r  0x0000000000001d50       0x5c c:/efinity/efinity-riscv-ide-2024.2/toolchain/bin/../lib/gcc/riscv-none-embed/8.3.0/../../../../riscv-none-embed/lib/rv32im/ilp32\libc.a(lib_a-sbrkr.o)
                0x0000000000001d50                _sbrk_r
 .text          0x0000000000001dac        0x0 c:/efinity/efinity-riscv-ide-2024.2/toolchain/bin/../lib/gcc/riscv-none-embed/8.3.0/../../../../riscv-none-embed/lib/rv32im/ilp32\libc.a(lib_a-strlen.o)
 .text.strlen   0x0000000000001dac       0x8c c:/efinity/efinity-riscv-ide-2024.2/toolchain/bin/../lib/gcc/riscv-none-embed/8.3.0/../../../../riscv-none-embed/lib/rv32im/ilp32\libc.a(lib_a-strlen.o)
                0x0000000000001dac                strlen
 .text          0x0000000000001e38        0x0 c:/efinity/efinity-riscv-ide-2024.2/toolchain/bin/../lib/gcc/riscv-none-embed/8.3.0/../../../../riscv-none-embed/lib/rv32im/ilp32\libc.a(lib_a-strncmp.o)
 .text.strncmp  0x0000000000001e38       0xf0 c:/efinity/efinity-riscv-ide-2024.2/toolchain/bin/../lib/gcc/riscv-none-embed/8.3.0/../../../../riscv-none-embed/lib/rv32im/ilp32\libc.a(lib_a-strncmp.o)
                0x0000000000001e38                strncmp
 .text          0x0000000000001f28        0x0 c:/efinity/efinity-riscv-ide-2024.2/toolchain/bin/../lib/gcc/riscv-none-embed/8.3.0/../../../../riscv-none-embed/lib/rv32im/ilp32\libc.a(lib_a-strtol.o)
 .text._strtol_l.isra.0
                0x0000000000001f28      0x1b8 c:/efinity/efinity-riscv-ide-2024.2/toolchain/bin/../lib/gcc/riscv-none-embed/8.3.0/../../../../riscv-none-embed/lib/rv32im/ilp32\libc.a(lib_a-strtol.o)
 .text._strtol_r
                0x00000000000020e0        0x4 c:/efinity/efinity-riscv-ide-2024.2/toolchain/bin/../lib/gcc/riscv-none-embed/8.3.0/../../../../riscv-none-embed/lib/rv32im/ilp32\libc.a(lib_a-strtol.o)
                0x00000000000020e0                _strtol_r
 .text.strtol_l
                0x00000000000020e4       0x18 c:/efinity/efinity-riscv-ide-2024.2/toolchain/bin/../lib/gcc/riscv-none-embed/8.3.0/../../../../riscv-none-embed/lib/rv32im/ilp32\libc.a(lib_a-strtol.o)
                0x00000000000020e4                strtol_l
 .text.strtol   0x00000000000020fc       0x18 c:/efinity/efinity-riscv-ide-2024.2/toolchain/bin/../lib/gcc/riscv-none-embed/8.3.0/../../../../riscv-none-embed/lib/rv32im/ilp32\libc.a(lib_a-strtol.o)
                0x00000000000020fc                strtol
 .text          0x0000000000002114        0x0 c:/efinity/efinity-riscv-ide-2024.2/toolchain/bin/../lib/gcc/riscv-none-embed/8.3.0/../../../../riscv-none-embed/lib/rv32im/ilp32\libc.a(lib_a-freer.o)
 .text._malloc_trim_r
                0x0000000000002114      0x12c c:/efinity/efinity-riscv-ide-2024.2/toolchain/bin/../lib/gcc/riscv-none-embed/8.3.0/../../../../riscv-none-embed/lib/rv32im/ilp32\libc.a(lib_a-freer.o)
                0x0000000000002114                _malloc_trim_r
 .text._free_r  0x0000000000002240      0x318 c:/efinity/efinity-riscv-ide-2024.2/toolchain/bin/../lib/gcc/riscv-none-embed/8.3.0/../../../../riscv-none-embed/lib/rv32im/ilp32\libc.a(lib_a-freer.o)
                0x0000000000002240                _free_r
 .text          0x0000000000002558        0x0 c:/efinity/efinity-riscv-ide-2024.2/toolchain/bin/../lib/gcc/riscv-none-embed/8.3.0/../../../../riscv-none-embed/lib/rv32im/ilp32\libc.a(lib_a-impure.o)
 .text          0x0000000000002558        0x0 c:/efinity/efinity-riscv-ide-2024.2/toolchain/bin/../lib/gcc/riscv-none-embed/8.3.0/../../../../riscv-none-embed/lib/rv32im/ilp32\libc.a(lib_a-reent.o)
 .text.cleanup_glue
                0x0000000000002558       0x40 c:/efinity/efinity-riscv-ide-2024.2/toolchain/bin/../lib/gcc/riscv-none-embed/8.3.0/../../../../riscv-none-embed/lib/rv32im/ilp32\libc.a(lib_a-reent.o)
                0x0000000000002558                cleanup_glue
 .text._reclaim_reent
                0x0000000000002598      0x110 c:/efinity/efinity-riscv-ide-2024.2/toolchain/bin/../lib/gcc/riscv-none-embed/8.3.0/../../../../riscv-none-embed/lib/rv32im/ilp32\libc.a(lib_a-reent.o)
                0x0000000000002598                _reclaim_reent
 *(.text.main)
 *(.text.unlikely .text.unlikely.*)
 *(.text.startup .text.startup.*)
 *(.text .text.*)
 .text          0x00000000000026a8     0x1010 build/obj_files/main.o
                0x0000000000002d44                eml_mahalanobis_distance_squared
                0x0000000000002e54                eml_elliptic_envelope_predict
                0x0000000000002ee4                packet_anomaly_detector_predict
                0x00000000000033b8                sys_jiffies
                0x00000000000033e8                sys_now
                0x0000000000003400                interrupt_init
                0x000000000000346c                crash
                0x0000000000003484                userInterrupt
                0x00000000000034e4                trap
                0x0000000000003514                main
 .text          0x00000000000036b8      0x7d4 build/obj_files/mac.o
                0x0000000000003a78                control_reset
                0x0000000000003a88                MacTxEn
                0x0000000000003ad0                MacRxEn
                0x0000000000003b1c                MacSpeedSet
                0x0000000000003b74                MacLoopbackSet
                0x0000000000003bd0                MacIpgSet
                0x0000000000003bf4                MacAddrSet
                0x0000000000003c94                Pause_XOn
                0x0000000000003ce0                MacCntClean
                0x0000000000003d48                CntMonitor
                0x0000000000003dcc                MacRst
                0x0000000000003e58                MacNormalInit
 .text          0x0000000000003e8c      0x690 build/obj_files/rtl8211fd_drv.o
                0x000000000000424c                Phy_Rd
                0x00000000000042a0                Phy_Wr
                0x00000000000042f0                rtl8211_drv_rddata
                0x0000000000004308                rtl8211_drv_wrdata
                0x0000000000004334                rtl8211_drv_setpage
                0x000000000000436c                rtl8211_drv_linkup
                0x0000000000004470                rtl8211_drv_init
 .text          0x000000000000451c     0x12b4 build/obj_files/lwiperf.o
                0x0000000000005550                lwiperf_start_tcp_server
                0x0000000000005584                lwiperf_start_tcp_server_default
                0x00000000000055b0                lwiperf_abort
                0x000000000000561c                lwiperf_start_tcp_client
                0x00000000000057a4                lwiperf_start_tcp_client_default
 .text          0x00000000000057d0       0x10 build/obj_files/common.o
                0x00000000000057d0                Reg_Out32
                0x00000000000057d8                Reg_In32
 .text          0x00000000000057e0      0x8b4 build/obj_files/ethernetif.o
                0x0000000000005e20                flush_data_cache
                0x0000000000005e28                program_descriptor
                0x0000000000005f88                check_dma_status
                0x0000000000005fbc                ethernetif_input
                0x000000000000600c                ethernetif_init
 .text          0x0000000000006094        0x0 build/obj_files/sockets.o
 .text          0x0000000000006094        0x0 build/obj_files/api_msg.o
 .text          0x0000000000006094        0x0 build/obj_files/err.o
 .text          0x0000000000006094        0x0 build/obj_files/if_api.o
 .text          0x0000000000006094        0x0 build/obj_files/netbuf.o
 .text          0x0000000000006094        0x0 build/obj_files/tcpip.o
 .text          0x0000000000006094        0x0 build/obj_files/netifapi.o
 .text          0x0000000000006094        0x0 build/obj_files/api_lib.o
 .text          0x0000000000006094        0x0 build/obj_files/netdb.o
 .text          0x0000000000006094        0x0 build/obj_files/bridgeif.o
 .text          0x0000000000006094        0x0 build/obj_files/lowpan6_common.o
 .text          0x0000000000006094        0x0 build/obj_files/lowpan6_ble.o
 .text          0x0000000000006094        0x0 build/obj_files/lowpan6.o
 .text          0x0000000000006094        0x0 build/obj_files/zepif.o
 .text          0x0000000000006094      0x668 build/obj_files/bridgeif_fdb.o
                0x00000000000064b8                bridgeif_fdb_update_src
                0x00000000000065d4                bridgeif_fdb_get_dst_ports
                0x000000000000666c                bridgeif_fdb_init
 .text          0x00000000000066fc      0x644 build/obj_files/ethernet.o
                0x0000000000006a88                ethernet_input
                0x0000000000006c20                ethernet_output
 .text          0x0000000000006d40        0x0 build/obj_files/fsm.o
 .text          0x0000000000006d40        0x0 build/obj_files/upap.o
 .text          0x0000000000006d40        0x0 build/obj_files/demand.o
 .text          0x0000000000006d40        0x0 build/obj_files/eui64.o
 .text          0x0000000000006d40        0x0 build/obj_files/lcp.o
 .text          0x0000000000006d40        0x0 build/obj_files/ipcp.o
 .text          0x0000000000006d40        0x0 build/obj_files/pppos.o
 .text          0x0000000000006d40        0x0 build/obj_files/mppe.o
 .text          0x0000000000006d40        0x0 build/obj_files/multilink.o
 .text          0x0000000000006d40        0x0 build/obj_files/pppcrypt.o
 .text          0x0000000000006d40        0x0 build/obj_files/pppoe.o
 .text          0x0000000000006d40        0x0 build/obj_files/utils.o
 .text          0x0000000000006d40        0x0 build/obj_files/auth.o
 .text          0x0000000000006d40        0x0 build/obj_files/chap-new.o
 .text          0x0000000000006d40        0x0 build/obj_files/ccp.o
 .text          0x0000000000006d40        0x0 build/obj_files/ipv6cp.o
 .text          0x0000000000006d40        0x0 build/obj_files/vj.o
 .text          0x0000000000006d40        0x0 build/obj_files/chap-md5.o
 .text          0x0000000000006d40        0x0 build/obj_files/ecp.o
 .text          0x0000000000006d40        0x0 build/obj_files/ppp.o
 .text          0x0000000000006d40        0x0 build/obj_files/chap_ms.o
 .text          0x0000000000006d40        0x0 build/obj_files/pppapi.o
 .text          0x0000000000006d40        0x0 build/obj_files/magic.o
 .text          0x0000000000006d40        0x0 build/obj_files/pppol2tp.o
 .text          0x0000000000006d40        0x0 build/obj_files/eap.o
 .text          0x0000000000006d40        0x0 build/obj_files/arc4.o
 .text          0x0000000000006d40        0x0 build/obj_files/md5.o
 .text          0x0000000000006d40        0x0 build/obj_files/md4.o
 .text          0x0000000000006d40        0x0 build/obj_files/sha1.o
 .text          0x0000000000006d40        0x0 build/obj_files/des.o
 .text          0x0000000000006d40     0x27e8 build/obj_files/tcp_out.o
                0x0000000000007b18                tcp_write
                0x0000000000008268                tcp_split_unsent_seg
                0x0000000000008560                tcp_enqueue_flags
                0x0000000000008760                tcp_send_fin
                0x0000000000008834                tcp_rexmit_rto_prepare
                0x0000000000008968                tcp_rexmit
                0x0000000000008a98                tcp_rexmit_fast
                0x0000000000008b48                tcp_rst
                0x0000000000008c38                tcp_send_empty_ack
                0x0000000000008cf4                tcp_output
                0x0000000000009208                tcp_rexmit_rto_commit
                0x0000000000009258                tcp_rexmit_rto
                0x00000000000092a4                tcp_keepalive
                0x0000000000009338                tcp_zero_window_probe
 .text          0x0000000000009528        0x0 build/obj_files/udp.o
 .text          0x0000000000009528      0xffc build/obj_files/altcp_tcp.o
                0x000000000000a460                altcp_tcp_new_ip_type
                0x000000000000a4bc                altcp_tcp_alloc
                0x000000000000a4d8                altcp_tcp_wrap
 .text          0x000000000000a524      0x278 build/obj_files/def.o
                0x000000000000a524                lwip_htons
                0x000000000000a53c                lwip_htonl
                0x000000000000a570                lwip_strnstr
                0x000000000000a620                lwip_stricmp
                0x000000000000a678                lwip_strnicmp
                0x000000000000a6e0                lwip_itoa
 .text          0x000000000000a79c      0x940 build/obj_files/altcp.o
                0x000000000000a79c                altcp_alloc
                0x000000000000a7d8                altcp_free
                0x000000000000a820                altcp_new_ip_type
                0x000000000000a85c                altcp_new_ip6
                0x000000000000a878                altcp_new
                0x000000000000a894                altcp_arg
                0x000000000000a8a0                altcp_accept
                0x000000000000a8ac                altcp_recv
                0x000000000000a8b8                altcp_sent
                0x000000000000a8c4                altcp_poll
                0x000000000000a900                altcp_err
                0x000000000000a90c                altcp_recved
                0x000000000000a93c                altcp_bind
                0x000000000000a980                altcp_connect
                0x000000000000a9c4                altcp_listen_with_backlog_and_err
                0x000000000000aa08                altcp_abort
                0x000000000000aa38                altcp_close
                0x000000000000aa7c                altcp_shutdown
                0x000000000000aac0                altcp_write
                0x000000000000ab04                altcp_output
                0x000000000000ab48                altcp_mss
                0x000000000000ab8c                altcp_sndbuf
                0x000000000000abd0                altcp_sndqueuelen
                0x000000000000ac14                altcp_nagle_disable
                0x000000000000ac44                altcp_nagle_enable
                0x000000000000ac74                altcp_nagle_disabled
                0x000000000000acb8                altcp_setprio
                0x000000000000ace8                altcp_get_tcp_addrinfo
                0x000000000000ad2c                altcp_get_ip
                0x000000000000ad70                altcp_get_port
                0x000000000000adb4                altcp_default_set_poll
                0x000000000000ade8                altcp_default_recved
                0x000000000000ae10                altcp_default_bind
                0x000000000000ae44                altcp_default_shutdown
                0x000000000000ae98                altcp_default_write
                0x000000000000aecc                altcp_default_output
                0x000000000000af00                altcp_default_mss
                0x000000000000af34                altcp_default_sndbuf
                0x000000000000af68                altcp_default_sndqueuelen
                0x000000000000af9c                altcp_default_nagle_disable
                0x000000000000afc4                altcp_default_nagle_enable
                0x000000000000afec                altcp_default_nagle_disabled
                0x000000000000b020                altcp_default_setprio
                0x000000000000b048                altcp_default_dealloc
                0x000000000000b04c                altcp_default_get_tcp_addrinfo
                0x000000000000b080                altcp_default_get_ip
                0x000000000000b0a8                altcp_default_get_port
 .text          0x000000000000b0dc        0x4 build/obj_files/stats.o
                0x000000000000b0dc                stats_init
 .text          0x000000000000b0e0     0x13d0 build/obj_files/netif.o
                0x000000000000b750                netif_input
                0x000000000000b7cc                netif_set_default
                0x000000000000b7d8                netif_set_status_callback
                0x000000000000b7e4                netif_set_link_callback
                0x000000000000b7f0                netif_loop_output
                0x000000000000b99c                netif_poll
                0x000000000000babc                netif_poll_all
                0x000000000000baf4                netif_get_by_index
                0x000000000000bb28                netif_index_to_name
                0x000000000000bb80                netif_find
                0x000000000000bc00                netif_name_to_index
                0x000000000000bc30                netif_add_ext_callback
                0x000000000000bc94                netif_remove_ext_callback
                0x000000000000bd20                netif_invoke_ext_callback
                0x000000000000bd98                netif_set_ipaddr
                0x000000000000bdf8                netif_set_netmask
                0x000000000000be58                netif_set_gw
                0x000000000000beb8                netif_set_addr
                0x000000000000bff8                netif_add
                0x000000000000c1a0                netif_add_noaddr
                0x000000000000c1d0                netif_set_up
                0x000000000000c23c                netif_set_down
                0x000000000000c2b0                netif_remove
                0x000000000000c37c                netif_set_link_up
                0x000000000000c3e8                netif_init
                0x000000000000c454                netif_set_link_down
 .text          0x000000000000c4b0     0x16e4 build/obj_files/pbuf.o
                0x000000000000c984                pbuf_free_ooseq
                0x000000000000c9c4                pbuf_alloc_reference
                0x000000000000ca50                pbuf_alloced_custom
                0x000000000000cac0                pbuf_add_header
                0x000000000000cadc                pbuf_add_header_force
                0x000000000000caf8                pbuf_remove_header
                0x000000000000cbc4                pbuf_header
                0x000000000000cbe0                pbuf_header_force
                0x000000000000cbfc                pbuf_free
                0x000000000000cd14                pbuf_alloc
                0x000000000000cf70                pbuf_realloc
                0x000000000000d070                pbuf_free_header
                0x000000000000d0e8                pbuf_clen
                0x000000000000d10c                pbuf_ref
                0x000000000000d148                pbuf_cat
                0x000000000000d1e4                pbuf_chain
                0x000000000000d210                pbuf_dechain
                0x000000000000d2c8                pbuf_copy_partial_pbuf
                0x000000000000d484                pbuf_copy
                0x000000000000d4b0                pbuf_copy_partial
                0x000000000000d588                pbuf_get_contiguous
                0x000000000000d61c                pbuf_skip
                0x000000000000d634                pbuf_take
                0x000000000000d718                pbuf_take_at
                0x000000000000d7fc                pbuf_clone
                0x000000000000d858                pbuf_coalesce
                0x000000000000d8b0                pbuf_try_get_at
                0x000000000000d8f8                pbuf_get_at
                0x000000000000d920                pbuf_put_at
                0x000000000000d964                pbuf_memcmp
                0x000000000000da50                pbuf_memfind
                0x000000000000dafc                pbuf_strstr
 .text          0x000000000000db94     0x2d40 build/obj_files/tcp_in.o
                0x000000000000ff28                tcp_input
                0x00000000000108c4                tcp_trigger_input_pcb_close
 .text          0x00000000000108d4      0x9b0 build/obj_files/raw.o
                0x0000000000010cf0                raw_input
                0x0000000000010e18                raw_bind
                0x0000000000010e40                raw_bind_netif
                0x0000000000010e5c                raw_connect
                0x0000000000010e90                raw_disconnect
                0x0000000000010ea8                raw_recv
                0x0000000000010eb4                raw_sendto_if_src
                0x0000000000011084                raw_sendto
                0x000000000001114c                raw_send
                0x0000000000011168                raw_remove
                0x00000000000111c0                raw_new
                0x0000000000011224                raw_new_ip_type
                0x0000000000011240                raw_netif_ip_addr_changed
 .text          0x0000000000011284        0x0 build/obj_files/ip.o
 .text          0x0000000000011284        0x0 build/obj_files/dns.o
 .text          0x0000000000011284        0x0 build/obj_files/altcp_alloc.o
 .text          0x0000000000011284      0x7a4 build/obj_files/timeouts.o
                0x0000000000011730                sys_timeout
                0x0000000000011794                tcp_timer_needed
                0x0000000000011834                sys_timeouts_init
                0x0000000000011888                sys_untimeout
                0x00000000000118f4                sys_check_timeouts
                0x0000000000011984                sys_restart_timeouts
                0x00000000000119cc                sys_timeouts_sleeptime
 .text          0x0000000000011a28     0x25b0 build/obj_files/tcp.o
                0x0000000000011f80                tcp_init
                0x0000000000011fb8                tcp_free
                0x0000000000012000                tcp_backlog_delayed
                0x000000000001207c                tcp_backlog_accepted
                0x0000000000012238                tcp_bind
                0x0000000000012354                tcp_bind_netif
                0x0000000000012370                tcp_listen_with_backlog_and_err
                0x00000000000124f0                tcp_listen_with_backlog
                0x000000000001250c                tcp_update_rcv_ann_wnd
                0x00000000000125c8                tcp_recved
                0x0000000000012678                tcp_txnow
                0x00000000000126c0                tcp_seg_free
                0x0000000000012700                tcp_segs_free
                0x0000000000012734                tcp_setprio
                0x0000000000012740                tcp_seg_copy
                0x00000000000127a4                tcp_arg
                0x00000000000127b0                tcp_recv
                0x0000000000012804                tcp_sent
                0x0000000000012858                tcp_err
                0x00000000000128ac                tcp_accept
                0x00000000000128c8                tcp_poll
                0x000000000001292c                tcp_next_iss
                0x0000000000012968                tcp_eff_send_mss_netif
                0x00000000000129e8                tcp_connect
                0x0000000000012ba8                tcp_debug_state_str
                0x0000000000012bc0                tcp_tcp_get_tcp_addrinfo
                0x0000000000012c0c                tcp_free_ooseq
                0x0000000000012c44                tcp_pcb_purge
                0x0000000000012ccc                tcp_pcb_remove
                0x0000000000012de0                tcp_abandon
                0x0000000000012f78                tcp_abort
                0x0000000000013138                tcp_netif_ip_addr_changed
                0x0000000000013254                tcp_alloc
                0x00000000000133f0                tcp_new
                0x000000000001340c                tcp_new_ip_type
                0x0000000000013614                tcp_close
                0x0000000000013654                tcp_recv_null
                0x00000000000136b0                tcp_process_refused_data
                0x00000000000137a0                tcp_fasttmr
                0x0000000000013874                tcp_shutdown
                0x0000000000013940                tcp_slowtmr
                0x0000000000013fa0                tcp_tmr
 .text          0x0000000000013fd8        0x0 build/obj_files/sys.o
 .text          0x0000000000013fd8      0x5ec build/obj_files/memp.o
                0x000000000001445c                memp_init_pool
                0x0000000000014460                memp_init
                0x00000000000144b0                memp_malloc_pool
                0x00000000000144f8                memp_malloc
                0x0000000000014534                memp_free_pool
                0x0000000000014588                memp_free
 .text          0x00000000000145c4       0x30 build/obj_files/init.o
                0x00000000000145c4                lwip_init
 .text          0x00000000000145f4      0x864 build/obj_files/inet_chksum.o
                0x0000000000014980                lwip_standard_chksum
                0x0000000000014c8c                inet_chksum_pseudo
                0x0000000000014ce8                ip_chksum_pseudo
                0x0000000000014d00                inet_chksum_pseudo_partial
                0x0000000000014d5c                ip_chksum_pseudo_partial
                0x0000000000014d74                inet_chksum
                0x0000000000014d98                inet_chksum_pbuf
 .text          0x0000000000014e58      0xc98 build/obj_files/mem.o
                0x00000000000153e4                mem_init
                0x0000000000015458                mem_free
                0x000000000001559c                mem_trim
                0x0000000000015820                mem_malloc
                0x0000000000015a98                mem_calloc
 .text          0x0000000000015af0      0x89c build/obj_files/icmp.o
                0x0000000000015ff0                icmp_input
                0x000000000001634c                icmp_dest_unreach
                0x000000000001636c                icmp_time_exceeded
 .text          0x000000000001638c        0x0 build/obj_files/autoip.o
 .text          0x000000000001638c      0xeb4 build/obj_files/ip4.o
                0x0000000000016784                ip4_set_default_multicast_netif
                0x000000000001678c                ip4_route
                0x000000000001685c                ip4_input
                0x0000000000016cd0                ip4_output_if_opt_src
                0x000000000001710c                ip4_output_if_opt
                0x0000000000017140                ip4_output_if
                0x0000000000017160                ip4_output_if_src
                0x0000000000017180                ip4_output
 .text          0x0000000000017240      0xf00 build/obj_files/igmp.o
                0x00000000000178c8                igmp_init
                0x00000000000178e4                igmp_stop
                0x0000000000017958                igmp_report_groups
                0x0000000000017998                igmp_lookfor_group
                0x0000000000017a94                igmp_start
                0x0000000000017af8                igmp_input
                0x0000000000017d7c                igmp_joingroup_netif
                0x0000000000017e70                igmp_joingroup
                0x0000000000017f18                igmp_leavegroup_netif
                0x0000000000018018                igmp_leavegroup
                0x00000000000180cc                igmp_tmr
 .text          0x0000000000018140      0x7f8 build/obj_files/ip4_addr.o
                0x00000000000184cc                ip4_addr_isbroadcast_u32
                0x000000000001852c                ip4_addr_netmask_valid
                0x000000000001857c                ip4addr_aton
                0x0000000000018814                ipaddr_addr
                0x0000000000018840                ip4addr_ntoa_r
                0x0000000000018918                ip4addr_ntoa
 .text          0x0000000000018938     0x16fc build/obj_files/etharp.o
                0x0000000000019434                etharp_cleanup_netif
                0x00000000000194a8                etharp_find_addr
                0x0000000000019560                etharp_get_entry
                0x000000000001964c                etharp_input
                0x0000000000019814                etharp_request
                0x0000000000019830                etharp_tmr
                0x0000000000019a90                etharp_query
                0x0000000000019e20                etharp_output
 .text          0x000000000001a034        0x0 build/obj_files/dhcp.o
 .text          0x000000000001a034     0x1480 build/obj_files/ip4_frag.o
                0x000000000001ac80                ip_reass_tmr
                0x000000000001ace0                ip4_reass
                0x000000000001b148                ip4_frag
 .text          0x000000000001b4b4        0x0 build/obj_files/start.o
 .text          0x000000000001b4b4       0x90 build/obj_files/trap.o
                0x000000000001b4b4                trap_entry
 .text          0x000000000001b544        0x0 c:/efinity/efinity-riscv-ide-2024.2/toolchain/bin/../lib/gcc/riscv-none-embed/8.3.0/rv32im/ilp32\libgcc.a(_udivdi3.o)
 .text.__udivdi3
                0x000000000001b544      0x4a0 c:/efinity/efinity-riscv-ide-2024.2/toolchain/bin/../lib/gcc/riscv-none-embed/8.3.0/rv32im/ilp32\libgcc.a(_udivdi3.o)
                0x000000000001b544                __udivdi3
 .text          0x000000000001b9e4        0x0 c:/efinity/efinity-riscv-ide-2024.2/toolchain/bin/../lib/gcc/riscv-none-embed/8.3.0/rv32im/ilp32\libgcc.a(addsf3.o)
 .text.__addsf3
                0x000000000001b9e4      0x464 c:/efinity/efinity-riscv-ide-2024.2/toolchain/bin/../lib/gcc/riscv-none-embed/8.3.0/rv32im/ilp32\libgcc.a(addsf3.o)
                0x000000000001b9e4                __addsf3
 .text          0x000000000001be48        0x0 c:/efinity/efinity-riscv-ide-2024.2/toolchain/bin/../lib/gcc/riscv-none-embed/8.3.0/rv32im/ilp32\libgcc.a(gesf2.o)
 .text.__gesf2  0x000000000001be48       0xc4 c:/efinity/efinity-riscv-ide-2024.2/toolchain/bin/../lib/gcc/riscv-none-embed/8.3.0/rv32im/ilp32\libgcc.a(gesf2.o)
                0x000000000001be48                __gesf2
                0x000000000001be48                __gtsf2
 .text          0x000000000001bf0c        0x0 c:/efinity/efinity-riscv-ide-2024.2/toolchain/bin/../lib/gcc/riscv-none-embed/8.3.0/rv32im/ilp32\libgcc.a(lesf2.o)
 .text.__lesf2  0x000000000001bf0c       0xc4 c:/efinity/efinity-riscv-ide-2024.2/toolchain/bin/../lib/gcc/riscv-none-embed/8.3.0/rv32im/ilp32\libgcc.a(lesf2.o)
                0x000000000001bf0c                __ltsf2
                0x000000000001bf0c                __lesf2
 .text          0x000000000001bfd0        0x0 c:/efinity/efinity-riscv-ide-2024.2/toolchain/bin/../lib/gcc/riscv-none-embed/8.3.0/rv32im/ilp32\libgcc.a(mulsf3.o)
 .text.__mulsf3
                0x000000000001bfd0      0x384 c:/efinity/efinity-riscv-ide-2024.2/toolchain/bin/../lib/gcc/riscv-none-embed/8.3.0/rv32im/ilp32\libgcc.a(mulsf3.o)
                0x000000000001bfd0                __mulsf3
 .text          0x000000000001c354        0x0 c:/efinity/efinity-riscv-ide-2024.2/toolchain/bin/../lib/gcc/riscv-none-embed/8.3.0/rv32im/ilp32\libgcc.a(subsf3.o)
 .text.__subsf3
                0x000000000001c354      0x484 c:/efinity/efinity-riscv-ide-2024.2/toolchain/bin/../lib/gcc/riscv-none-embed/8.3.0/rv32im/ilp32\libgcc.a(subsf3.o)
                0x000000000001c354                __subsf3
 .text          0x000000000001c7d8        0x0 c:/efinity/efinity-riscv-ide-2024.2/toolchain/bin/../lib/gcc/riscv-none-embed/8.3.0/rv32im/ilp32\libgcc.a(floatunsisf.o)
 .text.__floatunsisf
                0x000000000001c7d8      0x124 c:/efinity/efinity-riscv-ide-2024.2/toolchain/bin/../lib/gcc/riscv-none-embed/8.3.0/rv32im/ilp32\libgcc.a(floatunsisf.o)
                0x000000000001c7d8                __floatunsisf
 .text          0x000000000001c8fc        0x0 c:/efinity/efinity-riscv-ide-2024.2/toolchain/bin/../lib/gcc/riscv-none-embed/8.3.0/rv32im/ilp32\libgcc.a(_clz.o)
 .text          0x000000000001c8fc        0x0 c:/efinity/efinity-riscv-ide-2024.2/toolchain/bin/../lib/gcc/riscv-none-embed/8.3.0/rv32im/ilp32\libgcc.a(_clzsi2.o)
 .text.__clzsi2
                0x000000000001c8fc       0x94 c:/efinity/efinity-riscv-ide-2024.2/toolchain/bin/../lib/gcc/riscv-none-embed/8.3.0/rv32im/ilp32\libgcc.a(_clzsi2.o)
                0x000000000001c8fc                __clzsi2
 .text          0x000000000001c990        0x0 c:/efinity/efinity-riscv-ide-2024.2/toolchain/bin/../lib/gcc/riscv-none-embed/8.3.0/../../../../riscv-none-embed/lib/rv32im/ilp32\libnosys.a(sbrk.o)
 .text._sbrk    0x000000000001c990       0x34 c:/efinity/efinity-riscv-ide-2024.2/toolchain/bin/../lib/gcc/riscv-none-embed/8.3.0/../../../../riscv-none-embed/lib/rv32im/ilp32\libnosys.a(sbrk.o)
                0x000000000001c990                _sbrk
 *(.gnu.linkonce.t.*)
 *(.note.gnu.build-id)

.sdata2._global_impure_ptr
                0x000000000001c9c4        0x4
 .sdata2._global_impure_ptr
                0x000000000001c9c4        0x4 c:/efinity/efinity-riscv-ide-2024.2/toolchain/bin/../lib/gcc/riscv-none-embed/8.3.0/../../../../riscv-none-embed/lib/rv32im/ilp32\libc.a(lib_a-impure.o)
                0x000000000001c9c4                _global_impure_ptr

.eh_frame       0x000000000001c9c8       0x28
 .eh_frame      0x000000000001c9c8       0x28 c:/efinity/efinity-riscv-ide-2024.2/toolchain/bin/../lib/gcc/riscv-none-embed/8.3.0/rv32im/ilp32\libgcc.a(_udivdi3.o)

.rela.dyn       0x000000000001c9f0        0x0
 .rela.text     0x000000000001c9f0        0x0 build/obj_files/main.o
 .rela.rodata   0x000000000001c9f0        0x0 build/obj_files/main.o
 .rela.init     0x000000000001c9f0        0x0 build/obj_files/main.o
 .rela.text.__libc_init_array
                0x000000000001c9f0        0x0 build/obj_files/main.o
 .rela.text._sbrk_r
                0x000000000001c9f0        0x0 build/obj_files/main.o
 .rela.text._sbrk
                0x000000000001c9f0        0x0 build/obj_files/main.o

.fini
 *(SORT_NONE(.fini))
                [!provide]                        PROVIDE (__etext = .)
                [!provide]                        PROVIDE (_etext = .)
                [!provide]                        PROVIDE (etext = .)
                0x000000000001c9f0                . = ALIGN (0x4)

.preinit_array  0x000000000001c9f0        0x0
                0x000000000001c9f0                PROVIDE (__preinit_array_start = .)
 *(.preinit_array)
                0x000000000001c9f0                PROVIDE (__preinit_array_end = .)

.init_array     0x000000000001c9f0        0x0
                0x000000000001c9f0                PROVIDE (__init_array_start = .)
 *(SORT_BY_INIT_PRIORITY(.init_array.*) SORT_BY_INIT_PRIORITY(.ctors.*))
 *(.init_array EXCLUDE_FILE(*crtend?.o *crtend.o *crtbegin?.o *crtbegin.o) .ctors)
                0x000000000001c9f0                PROVIDE (__init_array_end = .)

.fini_array     0x000000000001c9f0        0x0
                [!provide]                        PROVIDE (__fini_array_start = .)
 *(SORT_BY_INIT_PRIORITY(.fini_array.*) SORT_BY_INIT_PRIORITY(.dtors.*))
 *(.fini_array EXCLUDE_FILE(*crtend?.o *crtend.o *crtbegin?.o *crtbegin.o) .dtors)
                [!provide]                        PROVIDE (__fini_array_end = .)

.ctors
 *crtbegin.o(.ctors)
 *crtbegin?.o(.ctors)
 *(EXCLUDE_FILE(*crtend?.o *crtend.o) .ctors)
 *(SORT_BY_NAME(.ctors.*))
 *(.ctors)

.dtors
 *crtbegin.o(.dtors)
 *crtbegin?.o(.dtors)
 *(EXCLUDE_FILE(*crtend?.o *crtend.o) .dtors)
 *(SORT_BY_NAME(.dtors.*))
 *(.dtors)

.lalign         0x000000000001c9f0        0x0
                0x000000000001c9f0                PROVIDE (_data_lma = .)

.dalign         0x000000000001c9f0        0x0
                0x000000000001c9f0                PROVIDE (_data = .)

.data           0x000000000001c9f0     0x3672
 *(.rdata)
 *(.rodata .rodata.*)
 .rodata        0x000000000001c9f0       0xb8 build/obj_files/main.o
 .rodata.str1.4
                0x000000000001caa8      0x1c4 build/obj_files/main.o
 .rodata.str1.4
                0x000000000001cc6c       0x5c build/obj_files/mac.o
                                         0xd0 (size before relaxing)
 .rodata.str1.4
                0x000000000001ccc8       0xeb build/obj_files/rtl8211fd_drv.o
                                        0x15f (size before relaxing)
 *fill*         0x000000000001cdb3        0x1 
 .rodata        0x000000000001cdb4      0x640 build/obj_files/lwiperf.o
 .rodata.str1.4
                0x000000000001d3f4      0x133 build/obj_files/lwiperf.o
                                        0x1a7 (size before relaxing)
 *fill*         0x000000000001d527        0x1 
 .rodata.str1.4
                0x000000000001d528        0xe build/obj_files/ethernetif.o
                                         0x82 (size before relaxing)
 *fill*         0x000000000001d536        0x2 
 .rodata.str1.4
                0x000000000001d538       0x29 build/obj_files/bridgeif_fdb.o
                                         0x9d (size before relaxing)
 *fill*         0x000000000001d561        0x3 
 .rodata.str1.4
                0x000000000001d564       0x31 build/obj_files/ethernet.o
                                         0xa5 (size before relaxing)
 *fill*         0x000000000001d595        0x3 
 .rodata.str1.4
                0x000000000001d598      0x773 build/obj_files/tcp_out.o
                                        0x7e7 (size before relaxing)
 *fill*         0x000000000001dd0b        0x1 
 .rodata        0x000000000001dd0c       0x54 build/obj_files/altcp_tcp.o
                0x000000000001dd0c                altcp_tcp_functions
 .rodata.str1.4
                0x000000000001dd60       0x19 build/obj_files/altcp_tcp.o
                                         0x9d (size before relaxing)
 *fill*         0x000000000001dd79        0x3 
 .rodata.str1.4
                0x000000000001dd7c      0x232 build/obj_files/netif.o
                                        0x2a6 (size before relaxing)
 *fill*         0x000000000001dfae        0x2 
 .rodata.str1.4
                0x000000000001dfb0      0x279 build/obj_files/pbuf.o
                                        0x2f9 (size before relaxing)
 *fill*         0x000000000001e229        0x3 
 .rodata        0x000000000001e22c       0x28 build/obj_files/tcp_in.o
 .rodata.str1.4
                0x000000000001e254      0x422 build/obj_files/tcp_in.o
                                        0x496 (size before relaxing)
 *fill*         0x000000000001e676        0x2 
 .rodata.str1.4
                0x000000000001e678       0x72 build/obj_files/raw.o
                                         0xe6 (size before relaxing)
 *fill*         0x000000000001e6ea        0x2 
 .rodata        0x000000000001e6ec       0x20 build/obj_files/timeouts.o
                0x000000000001e6ec                lwip_cyclic_timers
 .rodata.str1.4
                0x000000000001e70c       0x8a build/obj_files/timeouts.o
                                         0xfe (size before relaxing)
 *fill*         0x000000000001e796        0x2 
 .rodata        0x000000000001e798       0x49 build/obj_files/tcp.o
                0x000000000001e798                tcp_pcb_lists
 *fill*         0x000000000001e7e1        0x3 
 .rodata.str1.4
                0x000000000001e7e4      0x5b2 build/obj_files/tcp.o
                                        0x636 (size before relaxing)
 *fill*         0x000000000001ed96        0x2 
 .rodata        0x000000000001ed98       0x30 build/obj_files/memp.o
                0x000000000001ed98                memp_pools
 .rodata.str1.4
                0x000000000001edc8       0x56 build/obj_files/memp.o
                                         0xca (size before relaxing)
 *fill*         0x000000000001ee1e        0x2 
 .rodata.str1.4
                0x000000000001ee20        0xa build/obj_files/inet_chksum.o
                                         0x7e (size before relaxing)
 *fill*         0x000000000001ee2a        0x2 
 .rodata.str1.4
                0x000000000001ee2c      0x203 build/obj_files/mem.o
                                        0x277 (size before relaxing)
 *fill*         0x000000000001f02f        0x1 
 .rodata.str1.4
                0x000000000001f030       0x96 build/obj_files/icmp.o
                                        0x10a (size before relaxing)
 *fill*         0x000000000001f0c6        0x2 
 .rodata.str1.4
                0x000000000001f0c8       0x39 build/obj_files/ip4.o
                                         0xad (size before relaxing)
 *fill*         0x000000000001f101        0x3 
 .rodata.str1.4
                0x000000000001f104       0xb1 build/obj_files/igmp.o
                                        0x125 (size before relaxing)
 *fill*         0x000000000001f1b5        0x3 
 .rodata        0x000000000001f1b8       0x14 build/obj_files/ip4_addr.o
 .rodata.str1.4
                0x000000000001f1cc        0xa build/obj_files/ip4_addr.o
                                         0x7e (size before relaxing)
 *fill*         0x000000000001f1d6        0x2 
 .rodata.str1.4
                0x000000000001f1d8      0x1d6 build/obj_files/etharp.o
                                        0x25a (size before relaxing)
 *fill*         0x000000000001f3ae        0x2 
 .rodata.str1.4
                0x000000000001f3b0      0x190 build/obj_files/ip4_frag.o
                                        0x20f (size before relaxing)
 .rodata._ctype_
                0x000000000001f540      0x101 c:/efinity/efinity-riscv-ide-2024.2/toolchain/bin/../lib/gcc/riscv-none-embed/8.3.0/../../../../riscv-none-embed/lib/rv32im/ilp32\libc.a(lib_a-ctype_.o)
                0x000000000001f540                _ctype_
 *fill*         0x000000000001f641        0x3 
 .rodata.__mulsf3
                0x000000000001f644       0x40 c:/efinity/efinity-riscv-ide-2024.2/toolchain/bin/../lib/gcc/riscv-none-embed/8.3.0/rv32im/ilp32\libgcc.a(mulsf3.o)
 .rodata.__clz_tab
                0x000000000001f684      0x100 c:/efinity/efinity-riscv-ide-2024.2/toolchain/bin/../lib/gcc/riscv-none-embed/8.3.0/rv32im/ilp32\libgcc.a(_clz.o)
                0x000000000001f684                __clz_tab
 *(.gnu.linkonce.r.*)
 *(.data .data.*)
 .data          0x000000000001f784        0x0 build/obj_files/main.o
 .data          0x000000000001f784        0x0 build/obj_files/mac.o
 .data          0x000000000001f784        0x0 build/obj_files/rtl8211fd_drv.o
 .data          0x000000000001f784        0x0 build/obj_files/lwiperf.o
 .data          0x000000000001f784        0x0 build/obj_files/common.o
 .data          0x000000000001f784        0x0 build/obj_files/ethernetif.o
 .data          0x000000000001f784        0x0 build/obj_files/sockets.o
 .data          0x000000000001f784        0x0 build/obj_files/api_msg.o
 .data          0x000000000001f784        0x0 build/obj_files/err.o
 .data          0x000000000001f784        0x0 build/obj_files/if_api.o
 .data          0x000000000001f784        0x0 build/obj_files/netbuf.o
 .data          0x000000000001f784        0x0 build/obj_files/tcpip.o
 .data          0x000000000001f784        0x0 build/obj_files/netifapi.o
 .data          0x000000000001f784        0x0 build/obj_files/api_lib.o
 .data          0x000000000001f784        0x0 build/obj_files/netdb.o
 .data          0x000000000001f784        0x0 build/obj_files/bridgeif.o
 .data          0x000000000001f784        0x0 build/obj_files/lowpan6_common.o
 .data          0x000000000001f784        0x0 build/obj_files/lowpan6_ble.o
 .data          0x000000000001f784        0x0 build/obj_files/lowpan6.o
 .data          0x000000000001f784        0x0 build/obj_files/zepif.o
 .data          0x000000000001f784        0x0 build/obj_files/bridgeif_fdb.o
 .data          0x000000000001f784        0x0 build/obj_files/ethernet.o
 .data          0x000000000001f784        0x0 build/obj_files/fsm.o
 .data          0x000000000001f784        0x0 build/obj_files/upap.o
 .data          0x000000000001f784        0x0 build/obj_files/demand.o
 .data          0x000000000001f784        0x0 build/obj_files/eui64.o
 .data          0x000000000001f784        0x0 build/obj_files/lcp.o
 .data          0x000000000001f784        0x0 build/obj_files/ipcp.o
 .data          0x000000000001f784        0x0 build/obj_files/pppos.o
 .data          0x000000000001f784        0x0 build/obj_files/mppe.o
 .data          0x000000000001f784        0x0 build/obj_files/multilink.o
 .data          0x000000000001f784        0x0 build/obj_files/pppcrypt.o
 .data          0x000000000001f784        0x0 build/obj_files/pppoe.o
 .data          0x000000000001f784        0x0 build/obj_files/utils.o
 .data          0x000000000001f784        0x0 build/obj_files/auth.o
 .data          0x000000000001f784        0x0 build/obj_files/chap-new.o
 .data          0x000000000001f784        0x0 build/obj_files/ccp.o
 .data          0x000000000001f784        0x0 build/obj_files/ipv6cp.o
 .data          0x000000000001f784        0x0 build/obj_files/vj.o
 .data          0x000000000001f784        0x0 build/obj_files/chap-md5.o
 .data          0x000000000001f784        0x0 build/obj_files/ecp.o
 .data          0x000000000001f784        0x0 build/obj_files/ppp.o
 .data          0x000000000001f784        0x0 build/obj_files/chap_ms.o
 .data          0x000000000001f784        0x0 build/obj_files/pppapi.o
 .data          0x000000000001f784        0x0 build/obj_files/magic.o
 .data          0x000000000001f784        0x0 build/obj_files/pppol2tp.o
 .data          0x000000000001f784        0x0 build/obj_files/eap.o
 .data          0x000000000001f784        0x0 build/obj_files/arc4.o
 .data          0x000000000001f784        0x0 build/obj_files/md5.o
 .data          0x000000000001f784        0x0 build/obj_files/md4.o
 .data          0x000000000001f784        0x0 build/obj_files/sha1.o
 .data          0x000000000001f784        0x0 build/obj_files/des.o
 .data          0x000000000001f784        0x0 build/obj_files/tcp_out.o
 .data          0x000000000001f784        0x0 build/obj_files/udp.o
 .data          0x000000000001f784        0x0 build/obj_files/altcp_tcp.o
 .data          0x000000000001f784        0x0 build/obj_files/def.o
 .data          0x000000000001f784        0x0 build/obj_files/altcp.o
 .data          0x000000000001f784        0x0 build/obj_files/stats.o
 .data          0x000000000001f784        0x0 build/obj_files/netif.o
 .data          0x000000000001f784        0x0 build/obj_files/pbuf.o
 .data          0x000000000001f784        0x0 build/obj_files/tcp_in.o
 .data          0x000000000001f784        0x0 build/obj_files/raw.o
 .data          0x000000000001f784        0x0 build/obj_files/ip.o
 .data          0x000000000001f784        0x0 build/obj_files/dns.o
 .data          0x000000000001f784        0x0 build/obj_files/altcp_alloc.o
 .data          0x000000000001f784        0x0 build/obj_files/timeouts.o
 .data          0x000000000001f784        0x0 build/obj_files/tcp.o
 .data          0x000000000001f784        0x0 build/obj_files/sys.o
 .data          0x000000000001f784        0x0 build/obj_files/memp.o
 .data          0x000000000001f784        0x0 build/obj_files/init.o
 .data          0x000000000001f784        0x0 build/obj_files/inet_chksum.o
 .data          0x000000000001f784        0x0 build/obj_files/mem.o
 .data          0x000000000001f784        0x0 build/obj_files/icmp.o
 .data          0x000000000001f784        0x0 build/obj_files/autoip.o
 .data          0x000000000001f784        0x0 build/obj_files/ip4.o
 .data          0x000000000001f784        0x0 build/obj_files/igmp.o
 .data          0x000000000001f784        0x0 build/obj_files/ip4_addr.o
 .data          0x000000000001f784        0x0 build/obj_files/etharp.o
 .data          0x000000000001f784        0x0 build/obj_files/dhcp.o
 .data          0x000000000001f784        0x0 build/obj_files/ip4_frag.o
 .data          0x000000000001f784        0x0 build/obj_files/start.o
 .data          0x000000000001f784        0x0 build/obj_files/trap.o
 .data          0x000000000001f784        0x0 c:/efinity/efinity-riscv-ide-2024.2/toolchain/bin/../lib/gcc/riscv-none-embed/8.3.0/../../../../riscv-none-embed/lib/rv32im/ilp32\libc.a(lib_a-atoi.o)
 .data          0x000000000001f784        0x0 c:/efinity/efinity-riscv-ide-2024.2/toolchain/bin/../lib/gcc/riscv-none-embed/8.3.0/../../../../riscv-none-embed/lib/rv32im/ilp32\libc.a(lib_a-ctype_.o)
 .data          0x000000000001f784        0x0 c:/efinity/efinity-riscv-ide-2024.2/toolchain/bin/../lib/gcc/riscv-none-embed/8.3.0/../../../../riscv-none-embed/lib/rv32im/ilp32\libc.a(lib_a-init.o)
 .data          0x000000000001f784        0x0 c:/efinity/efinity-riscv-ide-2024.2/toolchain/bin/../lib/gcc/riscv-none-embed/8.3.0/../../../../riscv-none-embed/lib/rv32im/ilp32\libc.a(lib_a-malloc.o)
 .data          0x000000000001f784        0x0 c:/efinity/efinity-riscv-ide-2024.2/toolchain/bin/../lib/gcc/riscv-none-embed/8.3.0/../../../../riscv-none-embed/lib/rv32im/ilp32\libc.a(lib_a-mallocr.o)
 .data.__malloc_av_
                0x000000000001f784      0x408 c:/efinity/efinity-riscv-ide-2024.2/toolchain/bin/../lib/gcc/riscv-none-embed/8.3.0/../../../../riscv-none-embed/lib/rv32im/ilp32\libc.a(lib_a-mallocr.o)
                0x000000000001f784                __malloc_av_
 .data          0x000000000001fb8c        0x0 c:/efinity/efinity-riscv-ide-2024.2/toolchain/bin/../lib/gcc/riscv-none-embed/8.3.0/../../../../riscv-none-embed/lib/rv32im/ilp32\libc.a(lib_a-memcmp.o)
 .data          0x000000000001fb8c        0x0 c:/efinity/efinity-riscv-ide-2024.2/toolchain/bin/../lib/gcc/riscv-none-embed/8.3.0/../../../../riscv-none-embed/lib/rv32im/ilp32\libc.a(lib_a-memcpy.o)
 .data          0x000000000001fb8c        0x0 c:/efinity/efinity-riscv-ide-2024.2/toolchain/bin/../lib/gcc/riscv-none-embed/8.3.0/../../../../riscv-none-embed/lib/rv32im/ilp32\libc.a(lib_a-memmove-stub.o)
 .data          0x000000000001fb8c        0x0 c:/efinity/efinity-riscv-ide-2024.2/toolchain/bin/../lib/gcc/riscv-none-embed/8.3.0/../../../../riscv-none-embed/lib/rv32im/ilp32\libc.a(lib_a-memset.o)
 .data          0x000000000001fb8c        0x0 c:/efinity/efinity-riscv-ide-2024.2/toolchain/bin/../lib/gcc/riscv-none-embed/8.3.0/../../../../riscv-none-embed/lib/rv32im/ilp32\libc.a(lib_a-mlock.o)
 .data          0x000000000001fb8c        0x0 c:/efinity/efinity-riscv-ide-2024.2/toolchain/bin/../lib/gcc/riscv-none-embed/8.3.0/../../../../riscv-none-embed/lib/rv32im/ilp32\libc.a(lib_a-rand.o)
 .data          0x000000000001fb8c        0x0 c:/efinity/efinity-riscv-ide-2024.2/toolchain/bin/../lib/gcc/riscv-none-embed/8.3.0/../../../../riscv-none-embed/lib/rv32im/ilp32\libc.a(lib_a-sbrkr.o)
 .data          0x000000000001fb8c        0x0 c:/efinity/efinity-riscv-ide-2024.2/toolchain/bin/../lib/gcc/riscv-none-embed/8.3.0/../../../../riscv-none-embed/lib/rv32im/ilp32\libc.a(lib_a-strlen.o)
 .data          0x000000000001fb8c        0x0 c:/efinity/efinity-riscv-ide-2024.2/toolchain/bin/../lib/gcc/riscv-none-embed/8.3.0/../../../../riscv-none-embed/lib/rv32im/ilp32\libc.a(lib_a-strncmp.o)
 .data          0x000000000001fb8c        0x0 c:/efinity/efinity-riscv-ide-2024.2/toolchain/bin/../lib/gcc/riscv-none-embed/8.3.0/../../../../riscv-none-embed/lib/rv32im/ilp32\libc.a(lib_a-strtol.o)
 .data          0x000000000001fb8c        0x0 c:/efinity/efinity-riscv-ide-2024.2/toolchain/bin/../lib/gcc/riscv-none-embed/8.3.0/../../../../riscv-none-embed/lib/rv32im/ilp32\libc.a(lib_a-freer.o)
 .data          0x000000000001fb8c        0x0 c:/efinity/efinity-riscv-ide-2024.2/toolchain/bin/../lib/gcc/riscv-none-embed/8.3.0/../../../../riscv-none-embed/lib/rv32im/ilp32\libc.a(lib_a-impure.o)
 *fill*         0x000000000001fb8c        0x4 
 .data.impure_data
                0x000000000001fb90      0x428 c:/efinity/efinity-riscv-ide-2024.2/toolchain/bin/../lib/gcc/riscv-none-embed/8.3.0/../../../../riscv-none-embed/lib/rv32im/ilp32\libc.a(lib_a-impure.o)
 .data          0x000000000001ffb8        0x0 c:/efinity/efinity-riscv-ide-2024.2/toolchain/bin/../lib/gcc/riscv-none-embed/8.3.0/../../../../riscv-none-embed/lib/rv32im/ilp32\libc.a(lib_a-reent.o)
 .data          0x000000000001ffb8        0x0 c:/efinity/efinity-riscv-ide-2024.2/toolchain/bin/../lib/gcc/riscv-none-embed/8.3.0/rv32im/ilp32\libgcc.a(_udivdi3.o)
 .data          0x000000000001ffb8        0x0 c:/efinity/efinity-riscv-ide-2024.2/toolchain/bin/../lib/gcc/riscv-none-embed/8.3.0/rv32im/ilp32\libgcc.a(addsf3.o)
 .data          0x000000000001ffb8        0x0 c:/efinity/efinity-riscv-ide-2024.2/toolchain/bin/../lib/gcc/riscv-none-embed/8.3.0/rv32im/ilp32\libgcc.a(gesf2.o)
 .data          0x000000000001ffb8        0x0 c:/efinity/efinity-riscv-ide-2024.2/toolchain/bin/../lib/gcc/riscv-none-embed/8.3.0/rv32im/ilp32\libgcc.a(lesf2.o)
 .data          0x000000000001ffb8        0x0 c:/efinity/efinity-riscv-ide-2024.2/toolchain/bin/../lib/gcc/riscv-none-embed/8.3.0/rv32im/ilp32\libgcc.a(mulsf3.o)
 .data          0x000000000001ffb8        0x0 c:/efinity/efinity-riscv-ide-2024.2/toolchain/bin/../lib/gcc/riscv-none-embed/8.3.0/rv32im/ilp32\libgcc.a(subsf3.o)
 .data          0x000000000001ffb8        0x0 c:/efinity/efinity-riscv-ide-2024.2/toolchain/bin/../lib/gcc/riscv-none-embed/8.3.0/rv32im/ilp32\libgcc.a(floatunsisf.o)
 .data          0x000000000001ffb8        0x0 c:/efinity/efinity-riscv-ide-2024.2/toolchain/bin/../lib/gcc/riscv-none-embed/8.3.0/rv32im/ilp32\libgcc.a(_clz.o)
 .data          0x000000000001ffb8        0x0 c:/efinity/efinity-riscv-ide-2024.2/toolchain/bin/../lib/gcc/riscv-none-embed/8.3.0/rv32im/ilp32\libgcc.a(_clzsi2.o)
 .data          0x000000000001ffb8        0x0 c:/efinity/efinity-riscv-ide-2024.2/toolchain/bin/../lib/gcc/riscv-none-embed/8.3.0/../../../../riscv-none-embed/lib/rv32im/ilp32\libnosys.a(sbrk.o)
 *(.gnu.linkonce.d.*)
                0x000000000001ffb8                . = ALIGN (0x8)
                0x00000000000207a8                PROVIDE (__global_pointer$ = (. + 0x7f0))
 *(.sdata .sdata.*)
 .sdata         0x000000000001ffb8        0x4 build/obj_files/main.o
 .sdata         0x000000000001ffbc        0x6 build/obj_files/tcp.o
 *fill*         0x000000000001ffc2        0x2 
 .sdata.__malloc_sbrk_base
                0x000000000001ffc4        0x4 c:/efinity/efinity-riscv-ide-2024.2/toolchain/bin/../lib/gcc/riscv-none-embed/8.3.0/../../../../riscv-none-embed/lib/rv32im/ilp32\libc.a(lib_a-mallocr.o)
                0x000000000001ffc4                __malloc_sbrk_base
 .sdata.__malloc_trim_threshold
                0x000000000001ffc8        0x4 c:/efinity/efinity-riscv-ide-2024.2/toolchain/bin/../lib/gcc/riscv-none-embed/8.3.0/../../../../riscv-none-embed/lib/rv32im/ilp32\libc.a(lib_a-mallocr.o)
                0x000000000001ffc8                __malloc_trim_threshold
 .sdata._impure_ptr
                0x000000000001ffcc        0x4 c:/efinity/efinity-riscv-ide-2024.2/toolchain/bin/../lib/gcc/riscv-none-embed/8.3.0/../../../../riscv-none-embed/lib/rv32im/ilp32\libc.a(lib_a-impure.o)
                0x000000000001ffcc                _impure_ptr
 *(.gnu.linkonce.s.*)
                0x000000000001ffd0                . = ALIGN (0x8)
 *(.srodata.cst16)
 *(.srodata.cst8)
 *(.srodata.cst4)
 .srodata.cst4  0x000000000001ffd0        0x4 build/obj_files/main.o
 *(.srodata.cst2)
 *(.srodata .srodata.*)
 .srodata       0x000000000001ffd4        0xe build/obj_files/ethernet.o
                0x000000000001ffd4                ethzero
                0x000000000001ffdc                ethbroadcast
 *fill*         0x000000000001ffe2        0x2 
 .srodata       0x000000000001ffe4        0x4 build/obj_files/timeouts.o
                0x000000000001ffe4                lwip_num_cyclic_timers
 .srodata       0x000000000001ffe8        0x7 build/obj_files/tcp.o
 *fill*         0x000000000001ffef        0x1 
 .srodata       0x000000000001fff0       0x60 build/obj_files/memp.o
                0x000000000001fff0                memp_PBUF_POOL
                0x000000000001fff8                memp_PBUF
                0x0000000000020000                memp_SYS_TIMEOUT
                0x0000000000020008                memp_IGMP_GROUP
                0x0000000000020010                memp_ARP_QUEUE
                0x0000000000020018                memp_FRAG_PBUF
                0x0000000000020020                memp_REASSDATA
                0x0000000000020028                memp_ALTCP_PCB
                0x0000000000020030                memp_TCP_SEG
                0x0000000000020038                memp_TCP_PCB_LISTEN
                0x0000000000020040                memp_TCP_PCB
                0x0000000000020048                memp_RAW_PCB
 .srodata       0x0000000000020050        0x8 build/obj_files/ip4_addr.o
                0x0000000000020050                ip_addr_broadcast
                0x0000000000020054                ip_addr_any
                0x0000000000020062                . = (. + 0xa)
 *fill*         0x0000000000020058        0xa 
                0x0000000000020064                . = ALIGN (0x4)
                0x0000000000020064                PROVIDE (_edata = .)
                [!provide]                        PROVIDE (edata = .)
                [!provide]                        PROVIDE (_fbss = .)
                0x0000000000020064                PROVIDE (__bss_start = .)

.bss            0x0000000000020080     0x446c
 *(.sbss*)
 .sbss          0x0000000000020080       0x14 build/obj_files/main.o
 .sbss          0x0000000000020094        0x4 build/obj_files/lwiperf.o
 .sbss          0x0000000000020098        0x8 build/obj_files/netif.o
 .sbss          0x00000000000200a0       0x24 build/obj_files/tcp_in.o
 .sbss          0x00000000000200c4        0x4 build/obj_files/raw.o
 .sbss          0x00000000000200c8        0xc build/obj_files/timeouts.o
 .sbss          0x00000000000200d4        0x2 build/obj_files/tcp.o
 *fill*         0x00000000000200d6        0x2 
 .sbss          0x00000000000200d8        0xc build/obj_files/mem.o
 .sbss          0x00000000000200e4        0x6 build/obj_files/ip4.o
 *fill*         0x00000000000200ea        0x2 
 .sbss          0x00000000000200ec        0x8 build/obj_files/igmp.o
 .sbss          0x00000000000200f4        0x1 build/obj_files/etharp.o
 *fill*         0x00000000000200f5        0x3 
 .sbss          0x00000000000200f8        0x8 build/obj_files/ip4_frag.o
 .sbss.__malloc_max_sbrked_mem
                0x0000000000020100        0x4 c:/efinity/efinity-riscv-ide-2024.2/toolchain/bin/../lib/gcc/riscv-none-embed/8.3.0/../../../../riscv-none-embed/lib/rv32im/ilp32\libc.a(lib_a-mallocr.o)
                0x0000000000020100                __malloc_max_sbrked_mem
 .sbss.__malloc_max_total_mem
                0x0000000000020104        0x4 c:/efinity/efinity-riscv-ide-2024.2/toolchain/bin/../lib/gcc/riscv-none-embed/8.3.0/../../../../riscv-none-embed/lib/rv32im/ilp32\libc.a(lib_a-mallocr.o)
                0x0000000000020104                __malloc_max_total_mem
 .sbss.__malloc_top_pad
                0x0000000000020108        0x4 c:/efinity/efinity-riscv-ide-2024.2/toolchain/bin/../lib/gcc/riscv-none-embed/8.3.0/../../../../riscv-none-embed/lib/rv32im/ilp32\libc.a(lib_a-mallocr.o)
                0x0000000000020108                __malloc_top_pad
 .sbss.heap_end.1518
                0x000000000002010c        0x4 c:/efinity/efinity-riscv-ide-2024.2/toolchain/bin/../lib/gcc/riscv-none-embed/8.3.0/../../../../riscv-none-embed/lib/rv32im/ilp32\libnosys.a(sbrk.o)
 *(.gnu.linkonce.sb.*)
 *(.bss .bss.*)
 .bss           0x0000000000020110       0x4c build/obj_files/main.o
 .bss           0x000000000002015c        0x0 build/obj_files/mac.o
 .bss           0x000000000002015c        0x0 build/obj_files/rtl8211fd_drv.o
 .bss           0x000000000002015c        0x0 build/obj_files/lwiperf.o
 .bss           0x000000000002015c        0x0 build/obj_files/common.o
 .bss           0x000000000002015c        0x0 build/obj_files/ethernetif.o
 .bss           0x000000000002015c        0x0 build/obj_files/sockets.o
 .bss           0x000000000002015c        0x0 build/obj_files/api_msg.o
 .bss           0x000000000002015c        0x0 build/obj_files/err.o
 .bss           0x000000000002015c        0x0 build/obj_files/if_api.o
 .bss           0x000000000002015c        0x0 build/obj_files/netbuf.o
 .bss           0x000000000002015c        0x0 build/obj_files/tcpip.o
 .bss           0x000000000002015c        0x0 build/obj_files/netifapi.o
 .bss           0x000000000002015c        0x0 build/obj_files/api_lib.o
 .bss           0x000000000002015c        0x0 build/obj_files/netdb.o
 .bss           0x000000000002015c        0x0 build/obj_files/bridgeif.o
 .bss           0x000000000002015c        0x0 build/obj_files/lowpan6_common.o
 .bss           0x000000000002015c        0x0 build/obj_files/lowpan6_ble.o
 .bss           0x000000000002015c        0x0 build/obj_files/lowpan6.o
 .bss           0x000000000002015c        0x0 build/obj_files/zepif.o
 .bss           0x000000000002015c        0x0 build/obj_files/bridgeif_fdb.o
 .bss           0x000000000002015c        0x0 build/obj_files/ethernet.o
 .bss           0x000000000002015c        0x0 build/obj_files/fsm.o
 .bss           0x000000000002015c        0x0 build/obj_files/upap.o
 .bss           0x000000000002015c        0x0 build/obj_files/demand.o
 .bss           0x000000000002015c        0x0 build/obj_files/eui64.o
 .bss           0x000000000002015c        0x0 build/obj_files/lcp.o
 .bss           0x000000000002015c        0x0 build/obj_files/ipcp.o
 .bss           0x000000000002015c        0x0 build/obj_files/pppos.o
 .bss           0x000000000002015c        0x0 build/obj_files/mppe.o
 .bss           0x000000000002015c        0x0 build/obj_files/multilink.o
 .bss           0x000000000002015c        0x0 build/obj_files/pppcrypt.o
 .bss           0x000000000002015c        0x0 build/obj_files/pppoe.o
 .bss           0x000000000002015c        0x0 build/obj_files/utils.o
 .bss           0x000000000002015c        0x0 build/obj_files/auth.o
 .bss           0x000000000002015c        0x0 build/obj_files/chap-new.o
 .bss           0x000000000002015c        0x0 build/obj_files/ccp.o
 .bss           0x000000000002015c        0x0 build/obj_files/ipv6cp.o
 .bss           0x000000000002015c        0x0 build/obj_files/vj.o
 .bss           0x000000000002015c        0x0 build/obj_files/chap-md5.o
 .bss           0x000000000002015c        0x0 build/obj_files/ecp.o
 .bss           0x000000000002015c        0x0 build/obj_files/ppp.o
 .bss           0x000000000002015c        0x0 build/obj_files/chap_ms.o
 .bss           0x000000000002015c        0x0 build/obj_files/pppapi.o
 .bss           0x000000000002015c        0x0 build/obj_files/magic.o
 .bss           0x000000000002015c        0x0 build/obj_files/pppol2tp.o
 .bss           0x000000000002015c        0x0 build/obj_files/eap.o
 .bss           0x000000000002015c        0x0 build/obj_files/arc4.o
 .bss           0x000000000002015c        0x0 build/obj_files/md5.o
 .bss           0x000000000002015c        0x0 build/obj_files/md4.o
 .bss           0x000000000002015c        0x0 build/obj_files/sha1.o
 .bss           0x000000000002015c        0x0 build/obj_files/des.o
 .bss           0x000000000002015c        0x0 build/obj_files/tcp_out.o
 .bss           0x000000000002015c        0x0 build/obj_files/udp.o
 .bss           0x000000000002015c        0x0 build/obj_files/altcp_tcp.o
 .bss           0x000000000002015c        0x0 build/obj_files/def.o
 .bss           0x000000000002015c        0x0 build/obj_files/altcp.o
 .bss           0x000000000002015c        0x0 build/obj_files/stats.o
 .bss           0x000000000002015c       0x4c build/obj_files/netif.o
 .bss           0x00000000000201a8        0x0 build/obj_files/pbuf.o
 .bss           0x00000000000201a8       0x10 build/obj_files/tcp_in.o
 .bss           0x00000000000201b8        0x0 build/obj_files/raw.o
 .bss           0x00000000000201b8        0x0 build/obj_files/ip.o
 .bss           0x00000000000201b8        0x0 build/obj_files/dns.o
 .bss           0x00000000000201b8        0x0 build/obj_files/altcp_alloc.o
 .bss           0x00000000000201b8        0x0 build/obj_files/timeouts.o
 .bss           0x00000000000201b8        0x0 build/obj_files/tcp.o
 .bss           0x00000000000201b8        0x0 build/obj_files/sys.o
 .bss           0x00000000000201b8       0x8e build/obj_files/memp.o
 .bss           0x0000000000020246        0x0 build/obj_files/init.o
 .bss           0x0000000000020246        0x0 build/obj_files/inet_chksum.o
 .bss           0x0000000000020246        0x0 build/obj_files/mem.o
 .bss           0x0000000000020246        0x0 build/obj_files/icmp.o
 .bss           0x0000000000020246        0x0 build/obj_files/autoip.o
 .bss           0x0000000000020246        0x0 build/obj_files/ip4.o
 .bss           0x0000000000020246        0x0 build/obj_files/igmp.o
 *fill*         0x0000000000020246        0x2 
 .bss           0x0000000000020248       0x10 build/obj_files/ip4_addr.o
 .bss           0x0000000000020258       0xf0 build/obj_files/etharp.o
 .bss           0x0000000000020348        0x0 build/obj_files/dhcp.o
 .bss           0x0000000000020348        0x0 build/obj_files/ip4_frag.o
 .bss           0x0000000000020348        0x0 build/obj_files/start.o
 .bss           0x0000000000020348        0x0 build/obj_files/trap.o
 .bss           0x0000000000020348        0x0 c:/efinity/efinity-riscv-ide-2024.2/toolchain/bin/../lib/gcc/riscv-none-embed/8.3.0/../../../../riscv-none-embed/lib/rv32im/ilp32\libc.a(lib_a-atoi.o)
 .bss           0x0000000000020348        0x0 c:/efinity/efinity-riscv-ide-2024.2/toolchain/bin/../lib/gcc/riscv-none-embed/8.3.0/../../../../riscv-none-embed/lib/rv32im/ilp32\libc.a(lib_a-ctype_.o)
 .bss           0x0000000000020348        0x0 c:/efinity/efinity-riscv-ide-2024.2/toolchain/bin/../lib/gcc/riscv-none-embed/8.3.0/../../../../riscv-none-embed/lib/rv32im/ilp32\libc.a(lib_a-init.o)
 .bss           0x0000000000020348        0x0 c:/efinity/efinity-riscv-ide-2024.2/toolchain/bin/../lib/gcc/riscv-none-embed/8.3.0/../../../../riscv-none-embed/lib/rv32im/ilp32\libc.a(lib_a-malloc.o)
 .bss           0x0000000000020348        0x0 c:/efinity/efinity-riscv-ide-2024.2/toolchain/bin/../lib/gcc/riscv-none-embed/8.3.0/../../../../riscv-none-embed/lib/rv32im/ilp32\libc.a(lib_a-mallocr.o)
 .bss.__malloc_current_mallinfo
                0x0000000000020348       0x28 c:/efinity/efinity-riscv-ide-2024.2/toolchain/bin/../lib/gcc/riscv-none-embed/8.3.0/../../../../riscv-none-embed/lib/rv32im/ilp32\libc.a(lib_a-mallocr.o)
                0x0000000000020348                __malloc_current_mallinfo
 .bss           0x0000000000020370        0x0 c:/efinity/efinity-riscv-ide-2024.2/toolchain/bin/../lib/gcc/riscv-none-embed/8.3.0/../../../../riscv-none-embed/lib/rv32im/ilp32\libc.a(lib_a-memcmp.o)
 .bss           0x0000000000020370        0x0 c:/efinity/efinity-riscv-ide-2024.2/toolchain/bin/../lib/gcc/riscv-none-embed/8.3.0/../../../../riscv-none-embed/lib/rv32im/ilp32\libc.a(lib_a-memcpy.o)
 .bss           0x0000000000020370        0x0 c:/efinity/efinity-riscv-ide-2024.2/toolchain/bin/../lib/gcc/riscv-none-embed/8.3.0/../../../../riscv-none-embed/lib/rv32im/ilp32\libc.a(lib_a-memmove-stub.o)
 .bss           0x0000000000020370        0x0 c:/efinity/efinity-riscv-ide-2024.2/toolchain/bin/../lib/gcc/riscv-none-embed/8.3.0/../../../../riscv-none-embed/lib/rv32im/ilp32\libc.a(lib_a-memset.o)
 .bss           0x0000000000020370        0x0 c:/efinity/efinity-riscv-ide-2024.2/toolchain/bin/../lib/gcc/riscv-none-embed/8.3.0/../../../../riscv-none-embed/lib/rv32im/ilp32\libc.a(lib_a-mlock.o)
 .bss           0x0000000000020370        0x0 c:/efinity/efinity-riscv-ide-2024.2/toolchain/bin/../lib/gcc/riscv-none-embed/8.3.0/../../../../riscv-none-embed/lib/rv32im/ilp32\libc.a(lib_a-rand.o)
 .bss           0x0000000000020370        0x0 c:/efinity/efinity-riscv-ide-2024.2/toolchain/bin/../lib/gcc/riscv-none-embed/8.3.0/../../../../riscv-none-embed/lib/rv32im/ilp32\libc.a(lib_a-sbrkr.o)
 .bss           0x0000000000020370        0x0 c:/efinity/efinity-riscv-ide-2024.2/toolchain/bin/../lib/gcc/riscv-none-embed/8.3.0/../../../../riscv-none-embed/lib/rv32im/ilp32\libc.a(lib_a-strlen.o)
 .bss           0x0000000000020370        0x0 c:/efinity/efinity-riscv-ide-2024.2/toolchain/bin/../lib/gcc/riscv-none-embed/8.3.0/../../../../riscv-none-embed/lib/rv32im/ilp32\libc.a(lib_a-strncmp.o)
 .bss           0x0000000000020370        0x0 c:/efinity/efinity-riscv-ide-2024.2/toolchain/bin/../lib/gcc/riscv-none-embed/8.3.0/../../../../riscv-none-embed/lib/rv32im/ilp32\libc.a(lib_a-strtol.o)
 .bss           0x0000000000020370        0x0 c:/efinity/efinity-riscv-ide-2024.2/toolchain/bin/../lib/gcc/riscv-none-embed/8.3.0/../../../../riscv-none-embed/lib/rv32im/ilp32\libc.a(lib_a-freer.o)
 .bss           0x0000000000020370        0x0 c:/efinity/efinity-riscv-ide-2024.2/toolchain/bin/../lib/gcc/riscv-none-embed/8.3.0/../../../../riscv-none-embed/lib/rv32im/ilp32\libc.a(lib_a-impure.o)
 .bss           0x0000000000020370        0x0 c:/efinity/efinity-riscv-ide-2024.2/toolchain/bin/../lib/gcc/riscv-none-embed/8.3.0/../../../../riscv-none-embed/lib/rv32im/ilp32\libc.a(lib_a-reent.o)
 .bss           0x0000000000020370        0x0 c:/efinity/efinity-riscv-ide-2024.2/toolchain/bin/../lib/gcc/riscv-none-embed/8.3.0/rv32im/ilp32\libgcc.a(_udivdi3.o)
 .bss           0x0000000000020370        0x0 c:/efinity/efinity-riscv-ide-2024.2/toolchain/bin/../lib/gcc/riscv-none-embed/8.3.0/rv32im/ilp32\libgcc.a(addsf3.o)
 .bss           0x0000000000020370        0x0 c:/efinity/efinity-riscv-ide-2024.2/toolchain/bin/../lib/gcc/riscv-none-embed/8.3.0/rv32im/ilp32\libgcc.a(gesf2.o)
 .bss           0x0000000000020370        0x0 c:/efinity/efinity-riscv-ide-2024.2/toolchain/bin/../lib/gcc/riscv-none-embed/8.3.0/rv32im/ilp32\libgcc.a(lesf2.o)
 .bss           0x0000000000020370        0x0 c:/efinity/efinity-riscv-ide-2024.2/toolchain/bin/../lib/gcc/riscv-none-embed/8.3.0/rv32im/ilp32\libgcc.a(mulsf3.o)
 .bss           0x0000000000020370        0x0 c:/efinity/efinity-riscv-ide-2024.2/toolchain/bin/../lib/gcc/riscv-none-embed/8.3.0/rv32im/ilp32\libgcc.a(subsf3.o)
 .bss           0x0000000000020370        0x0 c:/efinity/efinity-riscv-ide-2024.2/toolchain/bin/../lib/gcc/riscv-none-embed/8.3.0/rv32im/ilp32\libgcc.a(floatunsisf.o)
 .bss           0x0000000000020370        0x0 c:/efinity/efinity-riscv-ide-2024.2/toolchain/bin/../lib/gcc/riscv-none-embed/8.3.0/rv32im/ilp32\libgcc.a(_clz.o)
 .bss           0x0000000000020370        0x0 c:/efinity/efinity-riscv-ide-2024.2/toolchain/bin/../lib/gcc/riscv-none-embed/8.3.0/rv32im/ilp32\libgcc.a(_clzsi2.o)
 .bss           0x0000000000020370        0x0 c:/efinity/efinity-riscv-ide-2024.2/toolchain/bin/../lib/gcc/riscv-none-embed/8.3.0/../../../../riscv-none-embed/lib/rv32im/ilp32\libnosys.a(sbrk.o)
 *(.gnu.linkonce.b.*)
 *(COMMON)
 COMMON         0x0000000000020370        0x8 build/obj_files/main.o
                0x0000000000020370                cmn_reset
                0x0000000000020374                cur_des
 *fill*         0x0000000000020378        0x8 
 COMMON         0x0000000000020380     0x2000 build/obj_files/ethernetif.o
                0x0000000000020380                descriptors0
 COMMON         0x0000000000022380      0x114 build/obj_files/stats.o
                0x0000000000022380                lwip_stats
 COMMON         0x0000000000022494        0x8 build/obj_files/netif.o
                0x0000000000022494                netif_list
                0x0000000000022498                netif_default
 COMMON         0x000000000002249c        0x1 build/obj_files/pbuf.o
                0x000000000002249c                pbuf_free_ooseq_pending
 *fill*         0x000000000002249d        0x3 
 COMMON         0x00000000000224a0        0x4 build/obj_files/tcp_in.o
                0x00000000000224a0                tcp_input_pcb
 COMMON         0x00000000000224a4       0x18 build/obj_files/ip.o
                0x00000000000224a4                ip_data
 COMMON         0x00000000000224bc       0x18 build/obj_files/tcp.o
                0x00000000000224bc                tcp_active_pcbs_changed
                0x00000000000224c0                tcp_active_pcbs
                0x00000000000224c4                tcp_ticks
                0x00000000000224c8                tcp_listen_pcbs
                0x00000000000224cc                tcp_bound_pcbs
                0x00000000000224d0                tcp_tw_pcbs
 COMMON         0x00000000000224d4     0x2013 build/obj_files/mem.o
                0x00000000000224d4                ram_heap
 *fill*         0x00000000000244e7        0x1 
 COMMON         0x00000000000244e8        0x4 c:/efinity/efinity-riscv-ide-2024.2/toolchain/bin/../lib/gcc/riscv-none-embed/8.3.0/../../../../riscv-none-embed/lib/rv32im/ilp32\libc.a(lib_a-reent.o)
                0x00000000000244e8                errno
                0x00000000000244ec                . = ALIGN (0x4)
                0x00000000000244f0                . = ALIGN (0x8)
                0x00000000000244f0                PROVIDE (_end = .)
                0x00000000000244f0                PROVIDE (end = .)

.stack          0x00000000000244f0     0x1000
                [!provide]                        PROVIDE (_heap_end = .)
                0x0000000000001000                . = __stack_size
 *fill*         0x00000000000244f0     0x1000 
                0x00000000000254f0                PROVIDE (_sp = .)
                0x00000000000254f0                __freertos_irq_stack_top = .
LOAD c:/efinity/efinity-riscv-ide-2024.2/toolchain/bin/../lib/gcc/riscv-none-embed/8.3.0/../../../../riscv-none-embed/lib/rv32im/ilp32\libm.a
LOAD c:/efinity/efinity-riscv-ide-2024.2/toolchain/bin/../lib/gcc/riscv-none-embed/8.3.0/rv32im/ilp32\libgcc.a
START GROUP
LOAD c:/efinity/efinity-riscv-ide-2024.2/toolchain/bin/../lib/gcc/riscv-none-embed/8.3.0/rv32im/ilp32\libgcc.a
LOAD c:/efinity/efinity-riscv-ide-2024.2/toolchain/bin/../lib/gcc/riscv-none-embed/8.3.0/../../../../riscv-none-embed/lib/rv32im/ilp32\libg.a
LOAD c:/efinity/efinity-riscv-ide-2024.2/toolchain/bin/../lib/gcc/riscv-none-embed/8.3.0/../../../../riscv-none-embed/lib/rv32im/ilp32\libc.a
END GROUP
LOAD c:/efinity/efinity-riscv-ide-2024.2/toolchain/bin/../lib/gcc/riscv-none-embed/8.3.0/rv32im/ilp32\libgcc.a
START GROUP
LOAD c:/efinity/efinity-riscv-ide-2024.2/toolchain/bin/../lib/gcc/riscv-none-embed/8.3.0/rv32im/ilp32\libgcc.a
LOAD c:/efinity/efinity-riscv-ide-2024.2/toolchain/bin/../lib/gcc/riscv-none-embed/8.3.0/../../../../riscv-none-embed/lib/rv32im/ilp32\libc.a
LOAD c:/efinity/efinity-riscv-ide-2024.2/toolchain/bin/../lib/gcc/riscv-none-embed/8.3.0/../../../../riscv-none-embed/lib/rv32im/ilp32\libnosys.a
END GROUP
OUTPUT(build/lwip_iperf.elf elf32-littleriscv)

.debug_info     0x0000000000000000    0x5e1a5
 .debug_info    0x0000000000000000     0x2ee5 build/obj_files/main.o
 .debug_info    0x0000000000002ee5     0x14ae build/obj_files/mac.o
 .debug_info    0x0000000000004393     0x1357 build/obj_files/rtl8211fd_drv.o
 .debug_info    0x00000000000056ea     0x3357 build/obj_files/lwiperf.o
 .debug_info    0x0000000000008a41      0xa60 build/obj_files/common.o
 .debug_info    0x00000000000094a1     0x20fb build/obj_files/ethernetif.o
 .debug_info    0x000000000000b59c      0x9a9 build/obj_files/sockets.o
 .debug_info    0x000000000000bf45      0x9a9 build/obj_files/api_msg.o
 .debug_info    0x000000000000c8ee      0x9d6 build/obj_files/err.o
 .debug_info    0x000000000000d2c4      0x9a9 build/obj_files/if_api.o
 .debug_info    0x000000000000dc6d      0x9a9 build/obj_files/netbuf.o
 .debug_info    0x000000000000e616      0x9a9 build/obj_files/tcpip.o
 .debug_info    0x000000000000efbf      0x9a9 build/obj_files/netifapi.o
 .debug_info    0x000000000000f968      0x9a9 build/obj_files/api_lib.o
 .debug_info    0x0000000000010311      0x9a9 build/obj_files/netdb.o
 .debug_info    0x0000000000010cba     0x114a build/obj_files/bridgeif.o
 .debug_info    0x0000000000011e04      0x9a9 build/obj_files/lowpan6_common.o
 .debug_info    0x00000000000127ad      0x9a9 build/obj_files/lowpan6_ble.o
 .debug_info    0x0000000000013156      0x9a9 build/obj_files/lowpan6.o
 .debug_info    0x0000000000013aff      0x9a9 build/obj_files/zepif.o
 .debug_info    0x00000000000144a8     0x124f build/obj_files/bridgeif_fdb.o
 .debug_info    0x00000000000156f7     0x1a4d build/obj_files/ethernet.o
 .debug_info    0x0000000000017144      0x9a9 build/obj_files/fsm.o
 .debug_info    0x0000000000017aed      0x9a9 build/obj_files/upap.o
 .debug_info    0x0000000000018496      0x9a9 build/obj_files/demand.o
 .debug_info    0x0000000000018e3f      0x9a9 build/obj_files/eui64.o
 .debug_info    0x00000000000197e8      0x9a9 build/obj_files/lcp.o
 .debug_info    0x000000000001a191      0x9a9 build/obj_files/ipcp.o
 .debug_info    0x000000000001ab3a      0x9a9 build/obj_files/pppos.o
 .debug_info    0x000000000001b4e3      0x9a9 build/obj_files/mppe.o
 .debug_info    0x000000000001be8c      0x9a9 build/obj_files/multilink.o
 .debug_info    0x000000000001c835      0x9a9 build/obj_files/pppcrypt.o
 .debug_info    0x000000000001d1de      0x9a9 build/obj_files/pppoe.o
 .debug_info    0x000000000001db87      0x9a9 build/obj_files/utils.o
 .debug_info    0x000000000001e530      0x9a9 build/obj_files/auth.o
 .debug_info    0x000000000001eed9      0x9a9 build/obj_files/chap-new.o
 .debug_info    0x000000000001f882      0x9a9 build/obj_files/ccp.o
 .debug_info    0x000000000002022b      0x9a9 build/obj_files/ipv6cp.o
 .debug_info    0x0000000000020bd4      0x9a9 build/obj_files/vj.o
 .debug_info    0x000000000002157d      0x9a9 build/obj_files/chap-md5.o
 .debug_info    0x0000000000021f26      0x9a9 build/obj_files/ecp.o
 .debug_info    0x00000000000228cf      0x9a9 build/obj_files/ppp.o
 .debug_info    0x0000000000023278      0x9a9 build/obj_files/chap_ms.o
 .debug_info    0x0000000000023c21      0x9a9 build/obj_files/pppapi.o
 .debug_info    0x00000000000245ca      0x9a9 build/obj_files/magic.o
 .debug_info    0x0000000000024f73      0x9a9 build/obj_files/pppol2tp.o
 .debug_info    0x000000000002591c      0x9a9 build/obj_files/eap.o
 .debug_info    0x00000000000262c5      0x9a9 build/obj_files/arc4.o
 .debug_info    0x0000000000026c6e      0x9a9 build/obj_files/md5.o
 .debug_info    0x0000000000027617      0x9a9 build/obj_files/md4.o
 .debug_info    0x0000000000027fc0      0x9a9 build/obj_files/sha1.o
 .debug_info    0x0000000000028969      0x9a9 build/obj_files/des.o
 .debug_info    0x0000000000029312     0x3b76 build/obj_files/tcp_out.o
 .debug_info    0x000000000002ce88      0x9a9 build/obj_files/udp.o
 .debug_info    0x000000000002d831     0x348f build/obj_files/altcp_tcp.o
 .debug_info    0x0000000000030cc0      0xcdc build/obj_files/def.o
 .debug_info    0x000000000003199c     0x2636 build/obj_files/altcp.o
 .debug_info    0x0000000000033fd2      0xda3 build/obj_files/stats.o
 .debug_info    0x0000000000034d75     0x3399 build/obj_files/netif.o
 .debug_info    0x000000000003810e     0x34c2 build/obj_files/pbuf.o
 .debug_info    0x000000000003b5d0     0x325e build/obj_files/tcp_in.o
 .debug_info    0x000000000003e82e     0x1f8a build/obj_files/raw.o
 .debug_info    0x00000000000407b8     0x1298 build/obj_files/ip.o
 .debug_info    0x0000000000041a50      0x9a9 build/obj_files/dns.o
 .debug_info    0x00000000000423f9      0xa56 build/obj_files/altcp_alloc.o
 .debug_info    0x0000000000042e4f     0x2331 build/obj_files/timeouts.o
 .debug_info    0x0000000000045180     0x3c88 build/obj_files/tcp.o
 .debug_info    0x0000000000048e08      0x9a9 build/obj_files/sys.o
 .debug_info    0x00000000000497b1     0x2276 build/obj_files/memp.o
 .debug_info    0x000000000004ba27     0x1a3b build/obj_files/init.o
 .debug_info    0x000000000004d462     0x149a build/obj_files/inet_chksum.o
 .debug_info    0x000000000004e8fc     0x1950 build/obj_files/mem.o
 .debug_info    0x000000000005024c     0x1cce build/obj_files/icmp.o
 .debug_info    0x0000000000051f1a      0x9a9 build/obj_files/autoip.o
 .debug_info    0x00000000000528c3     0x281c build/obj_files/ip4.o
 .debug_info    0x00000000000550df     0x21e9 build/obj_files/igmp.o
 .debug_info    0x00000000000572c8     0x188f build/obj_files/ip4_addr.o
 .debug_info    0x0000000000058b57     0x2724 build/obj_files/etharp.o
 .debug_info    0x000000000005b27b      0x9a9 build/obj_files/dhcp.o
 .debug_info    0x000000000005bc24     0x2535 build/obj_files/ip4_frag.o
 .debug_info    0x000000000005e159       0x26 build/obj_files/start.o
 .debug_info    0x000000000005e17f       0x26 build/obj_files/trap.o

.debug_abbrev   0x0000000000000000     0xe05f
 .debug_abbrev  0x0000000000000000      0x570 build/obj_files/main.o
 .debug_abbrev  0x0000000000000570      0x3ef build/obj_files/mac.o
 .debug_abbrev  0x000000000000095f      0x3e2 build/obj_files/rtl8211fd_drv.o
 .debug_abbrev  0x0000000000000d41      0x4ce build/obj_files/lwiperf.o
 .debug_abbrev  0x000000000000120f      0x299 build/obj_files/common.o
 .debug_abbrev  0x00000000000014a8      0x543 build/obj_files/ethernetif.o
 .debug_abbrev  0x00000000000019eb      0x1e0 build/obj_files/sockets.o
 .debug_abbrev  0x0000000000001bcb      0x1e0 build/obj_files/api_msg.o
 .debug_abbrev  0x0000000000001dab      0x1e0 build/obj_files/err.o
 .debug_abbrev  0x0000000000001f8b      0x1e0 build/obj_files/if_api.o
 .debug_abbrev  0x000000000000216b      0x1e0 build/obj_files/netbuf.o
 .debug_abbrev  0x000000000000234b      0x1e0 build/obj_files/tcpip.o
 .debug_abbrev  0x000000000000252b      0x1e0 build/obj_files/netifapi.o
 .debug_abbrev  0x000000000000270b      0x1e0 build/obj_files/api_lib.o
 .debug_abbrev  0x00000000000028eb      0x1e0 build/obj_files/netdb.o
 .debug_abbrev  0x0000000000002acb      0x21e build/obj_files/bridgeif.o
 .debug_abbrev  0x0000000000002ce9      0x1e0 build/obj_files/lowpan6_common.o
 .debug_abbrev  0x0000000000002ec9      0x1e0 build/obj_files/lowpan6_ble.o
 .debug_abbrev  0x00000000000030a9      0x1e0 build/obj_files/lowpan6.o
 .debug_abbrev  0x0000000000003289      0x1e0 build/obj_files/zepif.o
 .debug_abbrev  0x0000000000003469      0x3ba build/obj_files/bridgeif_fdb.o
 .debug_abbrev  0x0000000000003823      0x471 build/obj_files/ethernet.o
 .debug_abbrev  0x0000000000003c94      0x1e0 build/obj_files/fsm.o
 .debug_abbrev  0x0000000000003e74      0x1e0 build/obj_files/upap.o
 .debug_abbrev  0x0000000000004054      0x1e0 build/obj_files/demand.o
 .debug_abbrev  0x0000000000004234      0x1e0 build/obj_files/eui64.o
 .debug_abbrev  0x0000000000004414      0x1e0 build/obj_files/lcp.o
 .debug_abbrev  0x00000000000045f4      0x1e0 build/obj_files/ipcp.o
 .debug_abbrev  0x00000000000047d4      0x1e0 build/obj_files/pppos.o
 .debug_abbrev  0x00000000000049b4      0x1e0 build/obj_files/mppe.o
 .debug_abbrev  0x0000000000004b94      0x1e0 build/obj_files/multilink.o
 .debug_abbrev  0x0000000000004d74      0x1e0 build/obj_files/pppcrypt.o
 .debug_abbrev  0x0000000000004f54      0x1e0 build/obj_files/pppoe.o
 .debug_abbrev  0x0000000000005134      0x1e0 build/obj_files/utils.o
 .debug_abbrev  0x0000000000005314      0x1e0 build/obj_files/auth.o
 .debug_abbrev  0x00000000000054f4      0x1e0 build/obj_files/chap-new.o
 .debug_abbrev  0x00000000000056d4      0x1e0 build/obj_files/ccp.o
 .debug_abbrev  0x00000000000058b4      0x1e0 build/obj_files/ipv6cp.o
 .debug_abbrev  0x0000000000005a94      0x1e0 build/obj_files/vj.o
 .debug_abbrev  0x0000000000005c74      0x1e0 build/obj_files/chap-md5.o
 .debug_abbrev  0x0000000000005e54      0x1e0 build/obj_files/ecp.o
 .debug_abbrev  0x0000000000006034      0x1e0 build/obj_files/ppp.o
 .debug_abbrev  0x0000000000006214      0x1e0 build/obj_files/chap_ms.o
 .debug_abbrev  0x00000000000063f4      0x1e0 build/obj_files/pppapi.o
 .debug_abbrev  0x00000000000065d4      0x1e0 build/obj_files/magic.o
 .debug_abbrev  0x00000000000067b4      0x1e0 build/obj_files/pppol2tp.o
 .debug_abbrev  0x0000000000006994      0x1e0 build/obj_files/eap.o
 .debug_abbrev  0x0000000000006b74      0x1e0 build/obj_files/arc4.o
 .debug_abbrev  0x0000000000006d54      0x1e0 build/obj_files/md5.o
 .debug_abbrev  0x0000000000006f34      0x1e0 build/obj_files/md4.o
 .debug_abbrev  0x0000000000007114      0x1e0 build/obj_files/sha1.o
 .debug_abbrev  0x00000000000072f4      0x1e0 build/obj_files/des.o
 .debug_abbrev  0x00000000000074d4      0x508 build/obj_files/tcp_out.o
 .debug_abbrev  0x00000000000079dc      0x1e0 build/obj_files/udp.o
 .debug_abbrev  0x0000000000007bbc      0x4ba build/obj_files/altcp_tcp.o
 .debug_abbrev  0x0000000000008076      0x2bf build/obj_files/def.o
 .debug_abbrev  0x0000000000008335      0x3ca build/obj_files/altcp.o
 .debug_abbrev  0x00000000000086ff      0x242 build/obj_files/stats.o
 .debug_abbrev  0x0000000000008941      0x540 build/obj_files/netif.o